2025/08/05 17:08:41 Starting cygwin install, version 2.934
2025/08/05 17:08:41 User has backup/restore rights
2025/08/05 17:08:41 User has symlink creation right
2025/08/05 17:08:41 io_stream_cygfile: fopen(/etc/setup/setup.rc) failed 2 No such file or directory
2025/08/05 17:08:41 Current Directory: C:\Users\uic59152\Downloads
2025/08/05 17:08:52 source: network install
2025/08/05 17:09:01 root: d:\cygwin64 system
2025/08/05 17:09:01 Changing gid to Administrators
2025/08/05 17:12:49 root: D:\Tools\cygwin64 system
2025/08/05 17:12:49 Changing gid to Administrators
2025/08/05 17:12:59 Selected local directory: D:\Tools\Downloads
2025/08/05 17:12:59 mbox : Directory D:\Tools\Downloads does not exist, would you like me to create it?
2025/08/05 17:13:19 net: Direct
2025/08/05 17:13:42 site: https://mirrors.huaweicloud.com/cygwin/
2025/08/05 17:13:45 io_stream_cygfile: fopen(/etc/setup/timestamp) failed 2 No such file or directory
2025/08/05 17:13:45 io_stream_cygfile: fopen(/etc/setup/installed.db) failed 2 No such file or directory
2025/08/05 17:13:45 solving: 39 tasks, update: yes, use test packages: no
2025/08/05 17:13:51 solving: 78 tasks, update: no, use test packages: no
2025/08/05 17:13:51 Augmented Transaction List:
2025/08/05 17:13:51    0 install libpopt-common  1.19-1                   
2025/08/05 17:13:51    1 install libsqlite3_0    3.49.1-1                 
2025/08/05 17:13:51    2 install terminfo        6.5+20240427-1           
2025/08/05 17:13:51    3 install tzdata          2025b-1                  
2025/08/05 17:13:51    4 install cygwin          3.6.4-1                  
2025/08/05 17:13:51    5 install libiconv2       1.17-1                   
2025/08/05 17:13:51    6 install libintl8        0.22.5-1                 
2025/08/05 17:13:51    7 install libncursesw10   6.5+20240427-1           
2025/08/05 17:13:51    8 install libreadline7    8.2-2                    
2025/08/05 17:13:51    9 install bash            5.2.21-1                 
2025/08/05 17:13:51   10 install libgcc1         13.4.0-1                 
2025/08/05 17:13:51   11 install crypto-policies 20190218-1               
2025/08/05 17:13:51   12 install base-cygwin     3.8-2                    
2025/08/05 17:13:51   13 install libzstd1        1.5.7-1                  
2025/08/05 17:13:51   14 install zlib0           1.3.1-1                  
2025/08/05 17:13:51   15 install which           2.23-1                   
2025/08/05 17:13:51   16 install vim-minimal     9.1.1054-1               
2025/08/05 17:13:51   17 install tzcode          2025b-1                  
2025/08/05 17:13:51   18 install sed             4.9-1                    
2025/08/05 17:13:51   19 install run             1.3.4-2                  
2025/08/05 17:13:51   20 install ncurses         6.5+20240427-1           
2025/08/05 17:13:51   21 install mintty          3.7.8-1                  
2025/08/05 17:13:51   22 install login           1.13-1                   
2025/08/05 17:13:51   23 install libuuid1        2.40.2-2                 
2025/08/05 17:13:51   24 install libtasn1_6      4.14-1                   
2025/08/05 17:13:51   25 install libstdc++6      13.4.0-1                 
2025/08/05 17:13:51   26 install libsmartcols1   2.40.2-2                 
2025/08/05 17:13:51   27 install libreadline8    8.3-1                    
2025/08/05 17:13:51   28 install libpopt0        1.19-1                   
2025/08/05 17:13:51   29 install libpipeline1    1.5.8-1                  
2025/08/05 17:13:51   30 install libpcre2_8_0    10.45-1                  
2025/08/05 17:13:51   31 install libpcre1        8.45-1                   
2025/08/05 17:13:51   32 install liblzma5        5.8.1-1                  
2025/08/05 17:13:51   33 install liblz4_1        1.9.4-1                  
2025/08/05 17:13:51   34 install liblastlog2     2.40.2-2                 
2025/08/05 17:13:51   35 install libgmp10        6.3.0-1                  
2025/08/05 17:13:51   36 install libgdbm6        1.24-1                   
2025/08/05 17:13:51   37 install libffi6         3.2.1-2                  
2025/08/05 17:13:51   38 install libbz2_1        1.0.8-1                  
2025/08/05 17:13:51   39 install libblkid1       2.40.2-2                 
2025/08/05 17:13:51   40 install libattr1        2.5.1-1.20.g0981a7bfe487 
2025/08/05 17:13:51   41 install libargp         20230708-2               
2025/08/05 17:13:51   42 install ipc-utils       1.1-1                    
2025/08/05 17:13:51   43 install hostname        3.13-1                   
2025/08/05 17:13:51   44 install gzip            1.14-1                   
2025/08/05 17:13:51   45 install editrights      1.04-1                   
2025/08/05 17:13:51   46 install diffutils       3.12-1                   
2025/08/05 17:13:51   47 install dash            0.5.12-5                 
2025/08/05 17:13:51   48 install alternatives    1.31-1                   
2025/08/05 17:13:51   49 install libuchardet0    0.0.8-1                  
2025/08/05 17:13:51   50 install cygutils        1.4.17-4                 
2025/08/05 17:13:51   51 install grep            3.12-1                   
2025/08/05 17:13:51   52 install less            668-1                    
2025/08/05 17:13:51   53 install xz              5.8.1-1                  
2025/08/05 17:13:51   54 install zstd            1.5.7-1                  
2025/08/05 17:13:51   55 install libmpfr6        4.2.2-1                  
2025/08/05 17:13:51   56 install libp11-kit0     0.23.20-1                
2025/08/05 17:13:51   57 install file            5.44-1                   
2025/08/05 17:13:51   58 install bzip2           1.0.8-1                  
2025/08/05 17:13:51   59 install libfdisk1       2.40.2-2                 
2025/08/05 17:13:51   60 install coreutils       9.0-1                    
2025/08/05 17:13:51   61 install getent          2.18.90-5                
2025/08/05 17:13:51   62 install rebase          4.6.6-1                  
2025/08/05 17:13:51   63 install info            7.1-2                    
2025/08/05 17:13:51   64 install _autorebase     001091-1                 
2025/08/05 17:13:51   65 install groff           1.23.0-1                 
2025/08/05 17:13:51   66 install gawk            5.3.2-1                  
2025/08/05 17:13:51   67 install p11-kit-trust   0.23.20-1                
2025/08/05 17:13:51   68 install p11-kit         0.23.20-1                
2025/08/05 17:13:51   69 install tar             1.35-2                   
2025/08/05 17:13:51   70 install util-linux      2.40.2-2                 
2025/08/05 17:13:51   71 install findutils       4.10.0-1                 
2025/08/05 17:13:51   72 install ca-certificates 2024.2.69_v8.0.401-1     
2025/08/05 17:13:51   73 install man-db          2.13.1-1                 
2025/08/05 17:13:51   74 install base-files      4.3-3                    
2025/08/05 17:13:51   75 install libssl3         3.0.17-1                 
2025/08/05 17:13:51   76 install libssl1.1       1.1.1w-1                 
2025/08/05 17:13:51   77 install openssl         3.0.17-1                 
2025/08/05 17:13:54 Downloaded D:\Tools\Downloads/https%3a%2f%2fmirrors.huaweicloud.com%2fcygwin%2f/x86_64/release/popt/libpopt-common/libpopt-common-1.19-1.tar.xz
2025/08/05 17:13:54 Downloaded D:\Tools\Downloads/https%3a%2f%2fmirrors.huaweicloud.com%2fcygwin%2f/x86_64/release/sqlite3/libsqlite3_0/libsqlite3_0-3.49.1-1.tar.xz
2025/08/05 17:13:54 Downloaded D:\Tools\Downloads/https%3a%2f%2fmirrors.huaweicloud.com%2fcygwin%2f/x86_64/release/ncurses/terminfo/terminfo-6.5+20240427-1.tar.xz
2025/08/05 17:13:54 Downloaded D:\Tools\Downloads/https%3a%2f%2fmirrors.huaweicloud.com%2fcygwin%2f/noarch/release/tzdata/tzdata-2025b-1.tar.xz
2025/08/05 17:13:54 Downloaded D:\Tools\Downloads/https%3a%2f%2fmirrors.huaweicloud.com%2fcygwin%2f/x86_64/release/cygwin/cygwin-3.6.4-1-x86_64.tar.xz
2025/08/05 17:13:55 Downloaded D:\Tools\Downloads/https%3a%2f%2fmirrors.huaweicloud.com%2fcygwin%2f/x86_64/release/libiconv/libiconv2/libiconv2-1.17-1.tar.xz
2025/08/05 17:13:55 Downloaded D:\Tools\Downloads/https%3a%2f%2fmirrors.huaweicloud.com%2fcygwin%2f/x86_64/release/gettext/libintl8/libintl8-0.22.5-1.tar.xz
2025/08/05 17:13:55 Downloaded D:\Tools\Downloads/https%3a%2f%2fmirrors.huaweicloud.com%2fcygwin%2f/x86_64/release/ncurses/libncursesw10/libncursesw10-6.5+20240427-1.tar.xz
2025/08/05 17:13:55 Downloaded D:\Tools\Downloads/https%3a%2f%2fmirrors.huaweicloud.com%2fcygwin%2f/x86_64/release/readline/libreadline7/libreadline7-8.2-2.tar.xz
2025/08/05 17:13:55 Downloaded D:\Tools\Downloads/https%3a%2f%2fmirrors.huaweicloud.com%2fcygwin%2f/x86_64/release/bash/bash-5.2.21-1.tar.xz
2025/08/05 17:13:55 Downloaded D:\Tools\Downloads/https%3a%2f%2fmirrors.huaweicloud.com%2fcygwin%2f/x86_64/release/gcc/libgcc1/libgcc1-13.4.0-1-x86_64.tar.zst
2025/08/05 17:13:55 Downloaded D:\Tools\Downloads/https%3a%2f%2fmirrors.huaweicloud.com%2fcygwin%2f/noarch/release/crypto-policies/crypto-policies-20190218-1.tar.xz
2025/08/05 17:13:55 Downloaded D:\Tools\Downloads/https%3a%2f%2fmirrors.huaweicloud.com%2fcygwin%2f/noarch/release/base-cygwin/base-cygwin-3.8-2.tar.xz
2025/08/05 17:13:55 Downloaded D:\Tools\Downloads/https%3a%2f%2fmirrors.huaweicloud.com%2fcygwin%2f/x86_64/release/zstd/libzstd1/libzstd1-1.5.7-1.tar.zst
2025/08/05 17:13:55 Downloaded D:\Tools\Downloads/https%3a%2f%2fmirrors.huaweicloud.com%2fcygwin%2f/x86_64/release/zlib/zlib0/zlib0-1.3.1-1.tar.zst
2025/08/05 17:13:55 Downloaded D:\Tools\Downloads/https%3a%2f%2fmirrors.huaweicloud.com%2fcygwin%2f/x86_64/release/which/which-2.23-1-x86_64.tar.xz
2025/08/05 17:13:56 Downloaded D:\Tools\Downloads/https%3a%2f%2fmirrors.huaweicloud.com%2fcygwin%2f/x86_64/release/vim/vim-minimal/vim-minimal-9.1.1054-1.tar.xz
2025/08/05 17:13:56 Downloaded D:\Tools\Downloads/https%3a%2f%2fmirrors.huaweicloud.com%2fcygwin%2f/x86_64/release/tzcode/tzcode-2025b-1.tar.xz
2025/08/05 17:13:56 Downloaded D:\Tools\Downloads/https%3a%2f%2fmirrors.huaweicloud.com%2fcygwin%2f/x86_64/release/sed/sed-4.9-1.tar.xz
2025/08/05 17:13:56 Downloaded D:\Tools\Downloads/https%3a%2f%2fmirrors.huaweicloud.com%2fcygwin%2f/x86_64/release/run/run-1.3.4-2.tar.xz
2025/08/05 17:13:56 Downloaded D:\Tools\Downloads/https%3a%2f%2fmirrors.huaweicloud.com%2fcygwin%2f/x86_64/release/ncurses/ncurses-6.5+20240427-1.tar.xz
2025/08/05 17:13:56 Downloaded D:\Tools\Downloads/https%3a%2f%2fmirrors.huaweicloud.com%2fcygwin%2f/x86_64/release/mintty/mintty-3.7.8-1.tar.xz
2025/08/05 17:13:56 Downloaded D:\Tools\Downloads/https%3a%2f%2fmirrors.huaweicloud.com%2fcygwin%2f/x86_64/release/login/login-1.13-1.tar.xz
2025/08/05 17:13:56 Downloaded D:\Tools\Downloads/https%3a%2f%2fmirrors.huaweicloud.com%2fcygwin%2f/x86_64/release/util-linux/libuuid1/libuuid1-2.40.2-2.tar.xz
2025/08/05 17:13:56 Downloaded D:\Tools\Downloads/https%3a%2f%2fmirrors.huaweicloud.com%2fcygwin%2f/x86_64/release/libtasn1/libtasn1_6/libtasn1_6-4.14-1.tar.xz
2025/08/05 17:13:56 Downloaded D:\Tools\Downloads/https%3a%2f%2fmirrors.huaweicloud.com%2fcygwin%2f/x86_64/release/gcc/libstdc++6/libstdc++6-13.4.0-1-x86_64.tar.zst
2025/08/05 17:13:57 Downloaded D:\Tools\Downloads/https%3a%2f%2fmirrors.huaweicloud.com%2fcygwin%2f/x86_64/release/util-linux/libsmartcols1/libsmartcols1-2.40.2-2.tar.xz
2025/08/05 17:13:57 Downloaded D:\Tools\Downloads/https%3a%2f%2fmirrors.huaweicloud.com%2fcygwin%2f/x86_64/release/readline/libreadline8/libreadline8-8.3-1-x86_64.tar.xz
2025/08/05 17:13:57 Downloaded D:\Tools\Downloads/https%3a%2f%2fmirrors.huaweicloud.com%2fcygwin%2f/x86_64/release/popt/libpopt0/libpopt0-1.19-1.tar.xz
2025/08/05 17:13:57 Downloaded D:\Tools\Downloads/https%3a%2f%2fmirrors.huaweicloud.com%2fcygwin%2f/x86_64/release/libpipeline/libpipeline1/libpipeline1-1.5.8-1-x86_64.tar.xz
2025/08/05 17:13:57 Downloaded D:\Tools\Downloads/https%3a%2f%2fmirrors.huaweicloud.com%2fcygwin%2f/x86_64/release/pcre2/libpcre2_8_0/libpcre2_8_0-10.45-1.tar.zst
2025/08/05 17:13:57 Downloaded D:\Tools\Downloads/https%3a%2f%2fmirrors.huaweicloud.com%2fcygwin%2f/x86_64/release/pcre/libpcre1/libpcre1-8.45-1.tar.zst
2025/08/05 17:13:57 Downloaded D:\Tools\Downloads/https%3a%2f%2fmirrors.huaweicloud.com%2fcygwin%2f/x86_64/release/xz/liblzma5/liblzma5-5.8.1-1-x86_64.tar.zst
2025/08/05 17:13:57 Downloaded D:\Tools\Downloads/https%3a%2f%2fmirrors.huaweicloud.com%2fcygwin%2f/x86_64/release/lz4/liblz4_1/liblz4_1-1.9.4-1.tar.xz
2025/08/05 17:13:57 Downloaded D:\Tools\Downloads/https%3a%2f%2fmirrors.huaweicloud.com%2fcygwin%2f/x86_64/release/util-linux/liblastlog2/liblastlog2-2.40.2-2.tar.xz
2025/08/05 17:13:57 Downloaded D:\Tools\Downloads/https%3a%2f%2fmirrors.huaweicloud.com%2fcygwin%2f/x86_64/release/gmp/libgmp10/libgmp10-6.3.0-1.tar.zst
2025/08/05 17:13:57 Downloaded D:\Tools\Downloads/https%3a%2f%2fmirrors.huaweicloud.com%2fcygwin%2f/x86_64/release/gdbm/libgdbm6/libgdbm6-1.24-1.tar.xz
2025/08/05 17:13:57 Downloaded D:\Tools\Downloads/https%3a%2f%2fmirrors.huaweicloud.com%2fcygwin%2f/x86_64/release/libffi/libffi6/libffi6-3.2.1-2.tar.xz
2025/08/05 17:13:58 Downloaded D:\Tools\Downloads/https%3a%2f%2fmirrors.huaweicloud.com%2fcygwin%2f/x86_64/release/bzip2/libbz2_1/libbz2_1-1.0.8-1.tar.xz
2025/08/05 17:13:58 Downloaded D:\Tools\Downloads/https%3a%2f%2fmirrors.huaweicloud.com%2fcygwin%2f/x86_64/release/util-linux/libblkid1/libblkid1-2.40.2-2.tar.xz
2025/08/05 17:13:58 Downloaded D:\Tools\Downloads/https%3a%2f%2fmirrors.huaweicloud.com%2fcygwin%2f/x86_64/release/attr/libattr1/libattr1-2.5.1-1.20.g0981a7bfe487.tar.xz
2025/08/05 17:13:58 Downloaded D:\Tools\Downloads/https%3a%2f%2fmirrors.huaweicloud.com%2fcygwin%2f/x86_64/release/libargp/libargp-20230708-2.tar.xz
2025/08/05 17:13:58 Downloaded D:\Tools\Downloads/https%3a%2f%2fmirrors.huaweicloud.com%2fcygwin%2f/x86_64/release/ipc-utils/ipc-utils-1.1-1.tar.xz
2025/08/05 17:13:58 Downloaded D:\Tools\Downloads/https%3a%2f%2fmirrors.huaweicloud.com%2fcygwin%2f/x86_64/release/hostname/hostname-3.13-1.tar.bz2
2025/08/05 17:13:58 Downloaded D:\Tools\Downloads/https%3a%2f%2fmirrors.huaweicloud.com%2fcygwin%2f/x86_64/release/gzip/gzip-1.14-1-x86_64.tar.xz
2025/08/05 17:13:58 Downloaded D:\Tools\Downloads/https%3a%2f%2fmirrors.huaweicloud.com%2fcygwin%2f/x86_64/release/editrights/editrights-1.04-1.tar.xz
2025/08/05 17:13:58 Downloaded D:\Tools\Downloads/https%3a%2f%2fmirrors.huaweicloud.com%2fcygwin%2f/x86_64/release/diffutils/diffutils-3.12-1-x86_64.tar.xz
2025/08/05 17:13:58 Downloaded D:\Tools\Downloads/https%3a%2f%2fmirrors.huaweicloud.com%2fcygwin%2f/x86_64/release/dash/dash-0.5.12-5.tar.xz
2025/08/05 17:13:58 Downloaded D:\Tools\Downloads/https%3a%2f%2fmirrors.huaweicloud.com%2fcygwin%2f/x86_64/release/alternatives/alternatives-1.31-1.tar.xz
2025/08/05 17:13:58 Downloaded D:\Tools\Downloads/https%3a%2f%2fmirrors.huaweicloud.com%2fcygwin%2f/x86_64/release/uchardet/libuchardet0/libuchardet0-0.0.8-1.tar.zst
2025/08/05 17:13:59 Downloaded D:\Tools\Downloads/https%3a%2f%2fmirrors.huaweicloud.com%2fcygwin%2f/x86_64/release/cygutils/cygutils-1.4.17-4-x86_64.tar.xz
2025/08/05 17:13:59 Downloaded D:\Tools\Downloads/https%3a%2f%2fmirrors.huaweicloud.com%2fcygwin%2f/x86_64/release/grep/grep-3.12-1-x86_64.tar.xz
2025/08/05 17:13:59 Downloaded D:\Tools\Downloads/https%3a%2f%2fmirrors.huaweicloud.com%2fcygwin%2f/x86_64/release/less/less-668-1.tar.xz
2025/08/05 17:13:59 Downloaded D:\Tools\Downloads/https%3a%2f%2fmirrors.huaweicloud.com%2fcygwin%2f/x86_64/release/xz/xz-5.8.1-1-x86_64.tar.zst
2025/08/05 17:13:59 Downloaded D:\Tools\Downloads/https%3a%2f%2fmirrors.huaweicloud.com%2fcygwin%2f/x86_64/release/zstd/zstd-1.5.7-1.tar.zst
2025/08/05 17:13:59 Downloaded D:\Tools\Downloads/https%3a%2f%2fmirrors.huaweicloud.com%2fcygwin%2f/x86_64/release/mpfr/libmpfr6/libmpfr6-4.2.2-1.tar.zst
2025/08/05 17:13:59 Downloaded D:\Tools\Downloads/https%3a%2f%2fmirrors.huaweicloud.com%2fcygwin%2f/x86_64/release/p11-kit/libp11-kit0/libp11-kit0-0.23.20-1.tar.xz
2025/08/05 17:13:59 Downloaded D:\Tools\Downloads/https%3a%2f%2fmirrors.huaweicloud.com%2fcygwin%2f/x86_64/release/file/file-5.44-1.tar.xz
2025/08/05 17:13:59 Downloaded D:\Tools\Downloads/https%3a%2f%2fmirrors.huaweicloud.com%2fcygwin%2f/x86_64/release/bzip2/bzip2-1.0.8-1.tar.xz
2025/08/05 17:14:00 Downloaded D:\Tools\Downloads/https%3a%2f%2fmirrors.huaweicloud.com%2fcygwin%2f/x86_64/release/util-linux/libfdisk1/libfdisk1-2.40.2-2.tar.xz
2025/08/05 17:14:00 Downloaded D:\Tools\Downloads/https%3a%2f%2fmirrors.huaweicloud.com%2fcygwin%2f/x86_64/release/coreutils/coreutils-9.0-1.tar.xz
2025/08/05 17:14:00 Downloaded D:\Tools\Downloads/https%3a%2f%2fmirrors.huaweicloud.com%2fcygwin%2f/x86_64/release/getent/getent-2.18.90-5.tar.xz
2025/08/05 17:14:00 Downloaded D:\Tools\Downloads/https%3a%2f%2fmirrors.huaweicloud.com%2fcygwin%2f/x86_64/release/rebase/rebase-4.6.6-1.tar.xz
2025/08/05 17:14:00 Downloaded D:\Tools\Downloads/https%3a%2f%2fmirrors.huaweicloud.com%2fcygwin%2f/x86_64/release/texinfo/info/info-7.1-2.tar.zst
2025/08/05 17:14:00 Downloaded D:\Tools\Downloads/https%3a%2f%2fmirrors.huaweicloud.com%2fcygwin%2f/noarch/release/_autorebase/_autorebase-001091-1.tar.zst
2025/08/05 17:14:00 Downloaded D:\Tools\Downloads/https%3a%2f%2fmirrors.huaweicloud.com%2fcygwin%2f/x86_64/release/groff/groff-1.23.0-1.tar.zst
2025/08/05 17:14:00 Downloaded D:\Tools\Downloads/https%3a%2f%2fmirrors.huaweicloud.com%2fcygwin%2f/x86_64/release/gawk/gawk-5.3.2-1-x86_64.tar.xz
2025/08/05 17:14:01 Downloaded D:\Tools\Downloads/https%3a%2f%2fmirrors.huaweicloud.com%2fcygwin%2f/x86_64/release/p11-kit/p11-kit-trust/p11-kit-trust-0.23.20-1.tar.xz
2025/08/05 17:14:01 Downloaded D:\Tools\Downloads/https%3a%2f%2fmirrors.huaweicloud.com%2fcygwin%2f/x86_64/release/p11-kit/p11-kit-0.23.20-1.tar.xz
2025/08/05 17:14:01 Downloaded D:\Tools\Downloads/https%3a%2f%2fmirrors.huaweicloud.com%2fcygwin%2f/x86_64/release/tar/tar-1.35-2.tar.zst
2025/08/05 17:14:01 Downloaded D:\Tools\Downloads/https%3a%2f%2fmirrors.huaweicloud.com%2fcygwin%2f/x86_64/release/util-linux/util-linux-2.40.2-2.tar.xz
2025/08/05 17:14:01 Downloaded D:\Tools\Downloads/https%3a%2f%2fmirrors.huaweicloud.com%2fcygwin%2f/x86_64/release/findutils/findutils-4.10.0-1.tar.xz
2025/08/05 17:14:01 Downloaded D:\Tools\Downloads/https%3a%2f%2fmirrors.huaweicloud.com%2fcygwin%2f/noarch/release/ca-certificates/ca-certificates-2024.2.69_v8.0.401-1.tar.zst
2025/08/05 17:14:02 Downloaded D:\Tools\Downloads/https%3a%2f%2fmirrors.huaweicloud.com%2fcygwin%2f/x86_64/release/man-db/man-db-2.13.1-1-x86_64.tar.zst
2025/08/05 17:14:02 Downloaded D:\Tools\Downloads/https%3a%2f%2fmirrors.huaweicloud.com%2fcygwin%2f/noarch/release/base-files/base-files-4.3-3.tar.zst
2025/08/05 17:14:02 Downloaded D:\Tools\Downloads/https%3a%2f%2fmirrors.huaweicloud.com%2fcygwin%2f/x86_64/release/openssl/libssl3/libssl3-3.0.17-1-x86_64.tar.zst
2025/08/05 17:14:02 Downloaded D:\Tools\Downloads/https%3a%2f%2fmirrors.huaweicloud.com%2fcygwin%2f/x86_64/release/openssl/libssl1.1/libssl1.1-1.1.1w-1.tar.zst
2025/08/05 17:14:02 Downloaded D:\Tools\Downloads/https%3a%2f%2fmirrors.huaweicloud.com%2fcygwin%2f/x86_64/release/openssl/openssl-3.0.17-1-x86_64.tar.zst
2025/08/05 17:14:02 Registry value set: HKEY_LOCAL_MACHINE\Software\Cygwin\setup\rootdir = "D:\Tools\cygwin64"
2025/08/05 17:14:02 Extracting from file://D:\Tools\Downloads/https%3a%2f%2fmirrors.huaweicloud.com%2fcygwin%2f/x86_64/release/popt/libpopt-common/libpopt-common-1.19-1.tar.xz
2025/08/05 17:14:02 Extracting from file://D:\Tools\Downloads/https%3a%2f%2fmirrors.huaweicloud.com%2fcygwin%2f/x86_64/release/sqlite3/libsqlite3_0/libsqlite3_0-3.49.1-1.tar.xz
2025/08/05 17:14:02 Extracting from file://D:\Tools\Downloads/https%3a%2f%2fmirrors.huaweicloud.com%2fcygwin%2f/x86_64/release/ncurses/terminfo/terminfo-6.5+20240427-1.tar.xz
2025/08/05 17:14:02 Extracting from file://D:\Tools\Downloads/https%3a%2f%2fmirrors.huaweicloud.com%2fcygwin%2f/noarch/release/tzdata/tzdata-2025b-1.tar.xz
2025/08/05 17:14:03 Extracting from file://D:\Tools\Downloads/https%3a%2f%2fmirrors.huaweicloud.com%2fcygwin%2f/x86_64/release/cygwin/cygwin-3.6.4-1-x86_64.tar.xz
2025/08/05 17:14:03 Extracting from file://D:\Tools\Downloads/https%3a%2f%2fmirrors.huaweicloud.com%2fcygwin%2f/x86_64/release/libiconv/libiconv2/libiconv2-1.17-1.tar.xz
2025/08/05 17:14:03 Extracting from file://D:\Tools\Downloads/https%3a%2f%2fmirrors.huaweicloud.com%2fcygwin%2f/x86_64/release/gettext/libintl8/libintl8-0.22.5-1.tar.xz
2025/08/05 17:14:03 Extracting from file://D:\Tools\Downloads/https%3a%2f%2fmirrors.huaweicloud.com%2fcygwin%2f/x86_64/release/ncurses/libncursesw10/libncursesw10-6.5+20240427-1.tar.xz
2025/08/05 17:14:03 Extracting from file://D:\Tools\Downloads/https%3a%2f%2fmirrors.huaweicloud.com%2fcygwin%2f/x86_64/release/readline/libreadline7/libreadline7-8.2-2.tar.xz
2025/08/05 17:14:03 Extracting from file://D:\Tools\Downloads/https%3a%2f%2fmirrors.huaweicloud.com%2fcygwin%2f/x86_64/release/bash/bash-5.2.21-1.tar.xz
2025/08/05 17:14:04 Extracting from file://D:\Tools\Downloads/https%3a%2f%2fmirrors.huaweicloud.com%2fcygwin%2f/x86_64/release/gcc/libgcc1/libgcc1-13.4.0-1-x86_64.tar.zst
2025/08/05 17:14:04 Extracting from file://D:\Tools\Downloads/https%3a%2f%2fmirrors.huaweicloud.com%2fcygwin%2f/noarch/release/crypto-policies/crypto-policies-20190218-1.tar.xz
2025/08/05 17:14:04 Extracting from file://D:\Tools\Downloads/https%3a%2f%2fmirrors.huaweicloud.com%2fcygwin%2f/noarch/release/base-cygwin/base-cygwin-3.8-2.tar.xz
2025/08/05 17:14:04 Extracting from file://D:\Tools\Downloads/https%3a%2f%2fmirrors.huaweicloud.com%2fcygwin%2f/x86_64/release/zstd/libzstd1/libzstd1-1.5.7-1.tar.zst
2025/08/05 17:14:04 Extracting from file://D:\Tools\Downloads/https%3a%2f%2fmirrors.huaweicloud.com%2fcygwin%2f/x86_64/release/zlib/zlib0/zlib0-1.3.1-1.tar.zst
2025/08/05 17:14:04 Extracting from file://D:\Tools\Downloads/https%3a%2f%2fmirrors.huaweicloud.com%2fcygwin%2f/x86_64/release/which/which-2.23-1-x86_64.tar.xz
2025/08/05 17:14:04 Extracting from file://D:\Tools\Downloads/https%3a%2f%2fmirrors.huaweicloud.com%2fcygwin%2f/x86_64/release/vim/vim-minimal/vim-minimal-9.1.1054-1.tar.xz
2025/08/05 17:14:04 Extracting from file://D:\Tools\Downloads/https%3a%2f%2fmirrors.huaweicloud.com%2fcygwin%2f/x86_64/release/tzcode/tzcode-2025b-1.tar.xz
2025/08/05 17:14:04 Extracting from file://D:\Tools\Downloads/https%3a%2f%2fmirrors.huaweicloud.com%2fcygwin%2f/x86_64/release/sed/sed-4.9-1.tar.xz
2025/08/05 17:14:04 Extracting from file://D:\Tools\Downloads/https%3a%2f%2fmirrors.huaweicloud.com%2fcygwin%2f/x86_64/release/run/run-1.3.4-2.tar.xz
2025/08/05 17:14:04 Extracting from file://D:\Tools\Downloads/https%3a%2f%2fmirrors.huaweicloud.com%2fcygwin%2f/x86_64/release/ncurses/ncurses-6.5+20240427-1.tar.xz
2025/08/05 17:14:04 Extracting from file://D:\Tools\Downloads/https%3a%2f%2fmirrors.huaweicloud.com%2fcygwin%2f/x86_64/release/mintty/mintty-3.7.8-1.tar.xz
2025/08/05 17:14:04 Extracting from file://D:\Tools\Downloads/https%3a%2f%2fmirrors.huaweicloud.com%2fcygwin%2f/x86_64/release/login/login-1.13-1.tar.xz
2025/08/05 17:14:04 Extracting from file://D:\Tools\Downloads/https%3a%2f%2fmirrors.huaweicloud.com%2fcygwin%2f/x86_64/release/util-linux/libuuid1/libuuid1-2.40.2-2.tar.xz
2025/08/05 17:14:04 Extracting from file://D:\Tools\Downloads/https%3a%2f%2fmirrors.huaweicloud.com%2fcygwin%2f/x86_64/release/libtasn1/libtasn1_6/libtasn1_6-4.14-1.tar.xz
2025/08/05 17:14:04 Extracting from file://D:\Tools\Downloads/https%3a%2f%2fmirrors.huaweicloud.com%2fcygwin%2f/x86_64/release/gcc/libstdc++6/libstdc++6-13.4.0-1-x86_64.tar.zst
2025/08/05 17:14:04 Extracting from file://D:\Tools\Downloads/https%3a%2f%2fmirrors.huaweicloud.com%2fcygwin%2f/x86_64/release/util-linux/libsmartcols1/libsmartcols1-2.40.2-2.tar.xz
2025/08/05 17:14:04 Extracting from file://D:\Tools\Downloads/https%3a%2f%2fmirrors.huaweicloud.com%2fcygwin%2f/x86_64/release/readline/libreadline8/libreadline8-8.3-1-x86_64.tar.xz
2025/08/05 17:14:04 Extracting from file://D:\Tools\Downloads/https%3a%2f%2fmirrors.huaweicloud.com%2fcygwin%2f/x86_64/release/popt/libpopt0/libpopt0-1.19-1.tar.xz
2025/08/05 17:14:04 Extracting from file://D:\Tools\Downloads/https%3a%2f%2fmirrors.huaweicloud.com%2fcygwin%2f/x86_64/release/libpipeline/libpipeline1/libpipeline1-1.5.8-1-x86_64.tar.xz
2025/08/05 17:14:04 Extracting from file://D:\Tools\Downloads/https%3a%2f%2fmirrors.huaweicloud.com%2fcygwin%2f/x86_64/release/pcre2/libpcre2_8_0/libpcre2_8_0-10.45-1.tar.zst
2025/08/05 17:14:04 Extracting from file://D:\Tools\Downloads/https%3a%2f%2fmirrors.huaweicloud.com%2fcygwin%2f/x86_64/release/pcre/libpcre1/libpcre1-8.45-1.tar.zst
2025/08/05 17:14:04 Extracting from file://D:\Tools\Downloads/https%3a%2f%2fmirrors.huaweicloud.com%2fcygwin%2f/x86_64/release/xz/liblzma5/liblzma5-5.8.1-1-x86_64.tar.zst
2025/08/05 17:14:04 Extracting from file://D:\Tools\Downloads/https%3a%2f%2fmirrors.huaweicloud.com%2fcygwin%2f/x86_64/release/lz4/liblz4_1/liblz4_1-1.9.4-1.tar.xz
2025/08/05 17:14:04 Extracting from file://D:\Tools\Downloads/https%3a%2f%2fmirrors.huaweicloud.com%2fcygwin%2f/x86_64/release/util-linux/liblastlog2/liblastlog2-2.40.2-2.tar.xz
2025/08/05 17:14:04 Extracting from file://D:\Tools\Downloads/https%3a%2f%2fmirrors.huaweicloud.com%2fcygwin%2f/x86_64/release/gmp/libgmp10/libgmp10-6.3.0-1.tar.zst
2025/08/05 17:14:04 Extracting from file://D:\Tools\Downloads/https%3a%2f%2fmirrors.huaweicloud.com%2fcygwin%2f/x86_64/release/gdbm/libgdbm6/libgdbm6-1.24-1.tar.xz
2025/08/05 17:14:04 Extracting from file://D:\Tools\Downloads/https%3a%2f%2fmirrors.huaweicloud.com%2fcygwin%2f/x86_64/release/libffi/libffi6/libffi6-3.2.1-2.tar.xz
2025/08/05 17:14:04 Extracting from file://D:\Tools\Downloads/https%3a%2f%2fmirrors.huaweicloud.com%2fcygwin%2f/x86_64/release/bzip2/libbz2_1/libbz2_1-1.0.8-1.tar.xz
2025/08/05 17:14:04 Extracting from file://D:\Tools\Downloads/https%3a%2f%2fmirrors.huaweicloud.com%2fcygwin%2f/x86_64/release/util-linux/libblkid1/libblkid1-2.40.2-2.tar.xz
2025/08/05 17:14:04 Extracting from file://D:\Tools\Downloads/https%3a%2f%2fmirrors.huaweicloud.com%2fcygwin%2f/x86_64/release/attr/libattr1/libattr1-2.5.1-1.20.g0981a7bfe487.tar.xz
2025/08/05 17:14:04 Extracting from file://D:\Tools\Downloads/https%3a%2f%2fmirrors.huaweicloud.com%2fcygwin%2f/x86_64/release/libargp/libargp-20230708-2.tar.xz
2025/08/05 17:14:04 Extracting from file://D:\Tools\Downloads/https%3a%2f%2fmirrors.huaweicloud.com%2fcygwin%2f/x86_64/release/ipc-utils/ipc-utils-1.1-1.tar.xz
2025/08/05 17:14:05 Extracting from file://D:\Tools\Downloads/https%3a%2f%2fmirrors.huaweicloud.com%2fcygwin%2f/x86_64/release/hostname/hostname-3.13-1.tar.bz2
2025/08/05 17:14:05 Extracting from file://D:\Tools\Downloads/https%3a%2f%2fmirrors.huaweicloud.com%2fcygwin%2f/x86_64/release/gzip/gzip-1.14-1-x86_64.tar.xz
2025/08/05 17:14:05 Extracting from file://D:\Tools\Downloads/https%3a%2f%2fmirrors.huaweicloud.com%2fcygwin%2f/x86_64/release/editrights/editrights-1.04-1.tar.xz
2025/08/05 17:14:05 Extracting from file://D:\Tools\Downloads/https%3a%2f%2fmirrors.huaweicloud.com%2fcygwin%2f/x86_64/release/diffutils/diffutils-3.12-1-x86_64.tar.xz
2025/08/05 17:14:05 Extracting from file://D:\Tools\Downloads/https%3a%2f%2fmirrors.huaweicloud.com%2fcygwin%2f/x86_64/release/dash/dash-0.5.12-5.tar.xz
2025/08/05 17:14:05 Extracting from file://D:\Tools\Downloads/https%3a%2f%2fmirrors.huaweicloud.com%2fcygwin%2f/x86_64/release/alternatives/alternatives-1.31-1.tar.xz
2025/08/05 17:14:05 Extracting from file://D:\Tools\Downloads/https%3a%2f%2fmirrors.huaweicloud.com%2fcygwin%2f/x86_64/release/uchardet/libuchardet0/libuchardet0-0.0.8-1.tar.zst
2025/08/05 17:14:05 Extracting from file://D:\Tools\Downloads/https%3a%2f%2fmirrors.huaweicloud.com%2fcygwin%2f/x86_64/release/cygutils/cygutils-1.4.17-4-x86_64.tar.xz
2025/08/05 17:14:05 Extracting from file://D:\Tools\Downloads/https%3a%2f%2fmirrors.huaweicloud.com%2fcygwin%2f/x86_64/release/grep/grep-3.12-1-x86_64.tar.xz
2025/08/05 17:14:05 Extracting from file://D:\Tools\Downloads/https%3a%2f%2fmirrors.huaweicloud.com%2fcygwin%2f/x86_64/release/less/less-668-1.tar.xz
2025/08/05 17:14:05 Extracting from file://D:\Tools\Downloads/https%3a%2f%2fmirrors.huaweicloud.com%2fcygwin%2f/x86_64/release/xz/xz-5.8.1-1-x86_64.tar.zst
2025/08/05 17:14:05 Extracting from file://D:\Tools\Downloads/https%3a%2f%2fmirrors.huaweicloud.com%2fcygwin%2f/x86_64/release/zstd/zstd-1.5.7-1.tar.zst
2025/08/05 17:14:05 Extracting from file://D:\Tools\Downloads/https%3a%2f%2fmirrors.huaweicloud.com%2fcygwin%2f/x86_64/release/mpfr/libmpfr6/libmpfr6-4.2.2-1.tar.zst
2025/08/05 17:14:05 Extracting from file://D:\Tools\Downloads/https%3a%2f%2fmirrors.huaweicloud.com%2fcygwin%2f/x86_64/release/p11-kit/libp11-kit0/libp11-kit0-0.23.20-1.tar.xz
2025/08/05 17:14:05 Extracting from file://D:\Tools\Downloads/https%3a%2f%2fmirrors.huaweicloud.com%2fcygwin%2f/x86_64/release/file/file-5.44-1.tar.xz
2025/08/05 17:14:06 Extracting from file://D:\Tools\Downloads/https%3a%2f%2fmirrors.huaweicloud.com%2fcygwin%2f/x86_64/release/bzip2/bzip2-1.0.8-1.tar.xz
2025/08/05 17:14:06 Extracting from file://D:\Tools\Downloads/https%3a%2f%2fmirrors.huaweicloud.com%2fcygwin%2f/x86_64/release/util-linux/libfdisk1/libfdisk1-2.40.2-2.tar.xz
2025/08/05 17:14:06 Extracting from file://D:\Tools\Downloads/https%3a%2f%2fmirrors.huaweicloud.com%2fcygwin%2f/x86_64/release/coreutils/coreutils-9.0-1.tar.xz
2025/08/05 17:14:06 Extracting from file://D:\Tools\Downloads/https%3a%2f%2fmirrors.huaweicloud.com%2fcygwin%2f/x86_64/release/getent/getent-2.18.90-5.tar.xz
2025/08/05 17:14:06 Extracting from file://D:\Tools\Downloads/https%3a%2f%2fmirrors.huaweicloud.com%2fcygwin%2f/x86_64/release/rebase/rebase-4.6.6-1.tar.xz
2025/08/05 17:14:06 Extracting from file://D:\Tools\Downloads/https%3a%2f%2fmirrors.huaweicloud.com%2fcygwin%2f/x86_64/release/texinfo/info/info-7.1-2.tar.zst
2025/08/05 17:14:06 Extracting from file://D:\Tools\Downloads/https%3a%2f%2fmirrors.huaweicloud.com%2fcygwin%2f/noarch/release/_autorebase/_autorebase-001091-1.tar.zst
2025/08/05 17:14:06 Extracting from file://D:\Tools\Downloads/https%3a%2f%2fmirrors.huaweicloud.com%2fcygwin%2f/x86_64/release/groff/groff-1.23.0-1.tar.zst
2025/08/05 17:14:07 Extracting from file://D:\Tools\Downloads/https%3a%2f%2fmirrors.huaweicloud.com%2fcygwin%2f/x86_64/release/gawk/gawk-5.3.2-1-x86_64.tar.xz
2025/08/05 17:14:07 Extracting from file://D:\Tools\Downloads/https%3a%2f%2fmirrors.huaweicloud.com%2fcygwin%2f/x86_64/release/p11-kit/p11-kit-trust/p11-kit-trust-0.23.20-1.tar.xz
2025/08/05 17:14:07 Extracting from file://D:\Tools\Downloads/https%3a%2f%2fmirrors.huaweicloud.com%2fcygwin%2f/x86_64/release/p11-kit/p11-kit-0.23.20-1.tar.xz
2025/08/05 17:14:07 Extracting from file://D:\Tools\Downloads/https%3a%2f%2fmirrors.huaweicloud.com%2fcygwin%2f/x86_64/release/tar/tar-1.35-2.tar.zst
2025/08/05 17:14:08 Extracting from file://D:\Tools\Downloads/https%3a%2f%2fmirrors.huaweicloud.com%2fcygwin%2f/x86_64/release/util-linux/util-linux-2.40.2-2.tar.xz
2025/08/05 17:14:08 Extracting from file://D:\Tools\Downloads/https%3a%2f%2fmirrors.huaweicloud.com%2fcygwin%2f/x86_64/release/findutils/findutils-4.10.0-1.tar.xz
2025/08/05 17:14:08 Extracting from file://D:\Tools\Downloads/https%3a%2f%2fmirrors.huaweicloud.com%2fcygwin%2f/noarch/release/ca-certificates/ca-certificates-2024.2.69_v8.0.401-1.tar.zst
2025/08/05 17:14:08 Extracting from file://D:\Tools\Downloads/https%3a%2f%2fmirrors.huaweicloud.com%2fcygwin%2f/x86_64/release/man-db/man-db-2.13.1-1-x86_64.tar.zst
2025/08/05 17:14:09 Extracting from file://D:\Tools\Downloads/https%3a%2f%2fmirrors.huaweicloud.com%2fcygwin%2f/noarch/release/base-files/base-files-4.3-3.tar.zst
2025/08/05 17:14:09 Extracting from file://D:\Tools\Downloads/https%3a%2f%2fmirrors.huaweicloud.com%2fcygwin%2f/x86_64/release/openssl/libssl3/libssl3-3.0.17-1-x86_64.tar.zst
2025/08/05 17:14:09 Extracting from file://D:\Tools\Downloads/https%3a%2f%2fmirrors.huaweicloud.com%2fcygwin%2f/x86_64/release/openssl/libssl1.1/libssl1.1-1.1.1w-1.tar.zst
2025/08/05 17:14:09 Extracting from file://D:\Tools\Downloads/https%3a%2f%2fmirrors.huaweicloud.com%2fcygwin%2f/x86_64/release/openssl/openssl-3.0.17-1-x86_64.tar.zst
2025/08/05 17:14:09 running: D:\Tools\cygwin64\bin\dash.exe "/etc/postinstall/0p_000_autorebase.dash"
2025/08/05 17:14:21 running: D:\Tools\cygwin64\bin\dash.exe "/etc/postinstall/0p_update-info-dir.dash"
2025/08/05 17:14:25 running: D:\Tools\cygwin64\bin\bash.exe --norc --noprofile "/etc/postinstall/000-cygwin-post-install.sh"
2025/08/05 17:14:26 running: D:\Tools\cygwin64\bin\bash.exe --norc --noprofile "/etc/postinstall/coreutils.sh"
2025/08/05 17:14:27 running: D:\Tools\cygwin64\bin\bash.exe --norc --noprofile "/etc/postinstall/base-files-mketc.sh"
2025/08/05 17:14:28 running: D:\Tools\cygwin64\bin\bash.exe --norc --noprofile "/etc/postinstall/base-files-profile.sh"
2025/08/05 17:14:31 running: D:\Tools\cygwin64\bin\bash.exe --norc --noprofile "/etc/postinstall/p11-kit.sh"
2025/08/05 17:14:31 running: D:\Tools\cygwin64\bin\bash.exe --norc --noprofile "/etc/postinstall/ca-certificates.sh"
2025/08/05 17:15:20 running: D:\Tools\cygwin64\bin\bash.exe --norc --noprofile "/etc/postinstall/crypto-policies.sh"
2025/08/05 17:15:26 running: D:\Tools\cygwin64\bin\bash.exe --norc --noprofile "/etc/postinstall/openssl.sh"
2025/08/05 17:15:26 can't run /etc/postinstall/openssl.sh: No such file
2025/08/05 17:15:26 running: D:\Tools\cygwin64\bin\bash.exe --norc --noprofile "/etc/postinstall/man-db.sh"
2025/08/05 17:15:27 running: D:\Tools\cygwin64\bin\bash.exe --norc --noprofile "/etc/postinstall/mintty.sh"
2025/08/05 17:15:27 running: D:\Tools\cygwin64\bin\dash.exe "/etc/postinstall/zp_man-db-update-index.dash"
2025/08/05 17:15:32 note: Installation Complete
2025/08/05 17:15:32 Ending cygwin install
2025/08/05 18:17:48 Starting cygwin install, version 2.934
2025/08/05 18:17:48 User has backup/restore rights
2025/08/05 18:17:48 User has symlink creation right
2025/08/05 18:17:48 Current Directory: D:\Tools\Downloads
2025/08/05 18:17:54 source: network install
2025/08/05 18:17:56 root: D:\Tools\cygwin64 system
2025/08/05 18:17:56 Changing gid to Administrators
2025/08/05 18:17:58 Selected local directory: D:\Tools\Downloads
2025/08/05 18:18:00 net: Direct
2025/08/05 18:18:23 site: https://mirrors.163.com/cygwin/
2025/08/05 18:18:53 solving: 0 tasks, update: yes, use test packages: no
2025/08/05 18:20:44 solving: 2 tasks, update: no, use test packages: no
2025/08/05 18:20:44 Augmented Transaction List:
2025/08/05 18:20:44    0 install cygwin-debuginfo 3.6.4-1  
2025/08/05 18:20:44    1 install libcrypt2        4.4.20-1 
2025/08/05 18:20:44    2 install libffi8          3.4.7-1  
2025/08/05 18:20:44    3 install libgc1           8.2.8-1  
2025/08/05 18:20:44    4 install libunistring5    1.2-1    
2025/08/05 18:20:44    5 install make-debuginfo   4.4.1-2  
2025/08/05 18:20:44    6 install libguile3.0_1    3.0.10-3 
2025/08/05 18:20:44    7 install make             4.4.1-2  
2025/08/05 18:22:48 Downloaded D:\Tools\Downloads/https%3a%2f%2fmirrors.163.com%2fcygwin%2f/x86_64/release/cygwin/cygwin-debuginfo/cygwin-debuginfo-3.6.4-1-x86_64.tar.xz
2025/08/05 18:22:50 Downloaded D:\Tools\Downloads/https%3a%2f%2fmirrors.163.com%2fcygwin%2f/x86_64/release/libxcrypt/libcrypt2/libcrypt2-4.4.20-1.tar.xz
2025/08/05 18:22:51 Downloaded D:\Tools\Downloads/https%3a%2f%2fmirrors.163.com%2fcygwin%2f/x86_64/release/libffi/libffi8/libffi8-3.4.7-1.tar.xz
2025/08/05 18:22:52 Downloaded D:\Tools\Downloads/https%3a%2f%2fmirrors.163.com%2fcygwin%2f/x86_64/release/libgc/libgc1/libgc1-8.2.8-1.tar.xz
2025/08/05 18:23:05 Downloaded D:\Tools\Downloads/https%3a%2f%2fmirrors.163.com%2fcygwin%2f/x86_64/release/libunistring/libunistring5/libunistring5-1.2-1.tar.xz
2025/08/05 18:23:16 Downloaded D:\Tools\Downloads/https%3a%2f%2fmirrors.163.com%2fcygwin%2f/x86_64/release/make/make-debuginfo/make-debuginfo-4.4.1-2.tar.xz
2025/08/05 18:24:13 Downloaded D:\Tools\Downloads/https%3a%2f%2fmirrors.163.com%2fcygwin%2f/x86_64/release/guile3.0/libguile3.0_1/libguile3.0_1-3.0.10-3.tar.xz
2025/08/05 18:24:17 Downloaded D:\Tools\Downloads/https%3a%2f%2fmirrors.163.com%2fcygwin%2f/x86_64/release/make/make-4.4.1-2.tar.xz
2025/08/05 18:24:17 Registry value set: HKEY_LOCAL_MACHINE\Software\Cygwin\setup\rootdir = "D:\Tools\cygwin64"
2025/08/05 18:24:17 Extracting from file://D:\Tools\Downloads/https%3a%2f%2fmirrors.163.com%2fcygwin%2f/x86_64/release/cygwin/cygwin-debuginfo/cygwin-debuginfo-3.6.4-1-x86_64.tar.xz
2025/08/05 18:24:18 Extracting from file://D:\Tools\Downloads/https%3a%2f%2fmirrors.163.com%2fcygwin%2f/x86_64/release/libxcrypt/libcrypt2/libcrypt2-4.4.20-1.tar.xz
2025/08/05 18:24:18 Extracting from file://D:\Tools\Downloads/https%3a%2f%2fmirrors.163.com%2fcygwin%2f/x86_64/release/libffi/libffi8/libffi8-3.4.7-1.tar.xz
2025/08/05 18:24:18 Extracting from file://D:\Tools\Downloads/https%3a%2f%2fmirrors.163.com%2fcygwin%2f/x86_64/release/libgc/libgc1/libgc1-8.2.8-1.tar.xz
2025/08/05 18:24:18 Extracting from file://D:\Tools\Downloads/https%3a%2f%2fmirrors.163.com%2fcygwin%2f/x86_64/release/libunistring/libunistring5/libunistring5-1.2-1.tar.xz
2025/08/05 18:24:18 Extracting from file://D:\Tools\Downloads/https%3a%2f%2fmirrors.163.com%2fcygwin%2f/x86_64/release/make/make-debuginfo/make-debuginfo-4.4.1-2.tar.xz
2025/08/05 18:24:19 Extracting from file://D:\Tools\Downloads/https%3a%2f%2fmirrors.163.com%2fcygwin%2f/x86_64/release/guile3.0/libguile3.0_1/libguile3.0_1-3.0.10-3.tar.xz
2025/08/05 18:24:20 Extracting from file://D:\Tools\Downloads/https%3a%2f%2fmirrors.163.com%2fcygwin%2f/x86_64/release/make/make-4.4.1-2.tar.xz
2025/08/05 18:24:20 running: D:\Tools\cygwin64\bin\dash.exe "/etc/postinstall/0p_000_autorebase.dash"
2025/08/05 18:24:30 running: D:\Tools\cygwin64\bin\dash.exe "/etc/postinstall/0p_update-info-dir.dash"
2025/08/05 18:24:34 running: D:\Tools\cygwin64\bin\dash.exe "/etc/postinstall/zp_man-db-update-index.dash"
2025/08/05 18:24:39 note: Installation Complete
2025/08/05 18:24:39 Ending cygwin install
