altcp_proxyconnect.c:484:1:altcp_proxyconnect_listen	0	static
altcp_proxyconnect.c:290:1:altcp_proxyconnect_lower_err	8	static
altcp_proxyconnect.c:505:1:altcp_proxyconnect_close	8	static
altcp_proxyconnect.c:494:1:altcp_proxyconnect_abort	8	static
altcp_proxyconnect.c:442:1:altcp_proxyconnect_recved	0	static
altcp_proxyconnect.c:546:1:altcp_proxyconnect_dealloc	8	static
altcp_proxyconnect.c:523:1:altcp_proxyconnect_write	4	static
altcp_proxyconnect.c:459:1:altcp_proxyconnect_connect	8	static
altcp_proxyconnect.c:251:1:altcp_proxyconnect_lower_sent	0	static
altcp_proxyconnect.c:276:1:altcp_proxyconnect_lower_poll	0	static
altcp_proxyconnect.c:187:1:altcp_proxyconnect_lower_recv	32	static
altcp_proxyconnect.c:434:1:altcp_proxyconnect_set_poll	0	static
altcp_proxyconnect.c:161:1:altcp_proxyconnect_lower_connected	32	static
altcp_proxyconnect.c:346:1:altcp_proxyconnect_new	24	static
altcp_proxyconnect.c:370:1:altcp_proxyconnect_new_tcp	16	static
altcp_proxyconnect.c:397:1:altcp_proxyconnect_alloc	0	static
