altcp_tcp.c:378:1:altcp_tcp_mss	0	static
altcp_tcp.c:402:1:altcp_tcp_sndqueuelen	0	static
altcp_tcp.c:414:1:altcp_tcp_nagle_disable	0	static
altcp_tcp.c:424:1:altcp_tcp_nagle_enable	0	static
altcp_tcp.c:434:1:altcp_tcp_nagle_disabled	0	static
altcp_tcp.c:480:1:altcp_tcp_dealloc	0	static
altcp_tcp.c:499:1:altcp_tcp_get_ip	0	static
altcp_tcp.c:516:1:altcp_tcp_get_port	0	static
altcp_tcp.c:146:1:altcp_tcp_err	8	static
altcp_tcp.c:488:1:altcp_tcp_get_tcp_addrinfo	4	static
altcp_tcp.c:445:1:altcp_tcp_setprio	0	static
altcp_tcp.c:239:1:altcp_tcp_set_poll	0	static
altcp_tcp.c:303:1:altcp_tcp_abort	0	static
altcp_tcp.c:249:1:altcp_tcp_recved	0	static
altcp_tcp.c:90:1:altcp_tcp_connected	0	static
altcp_tcp.c:120:1:altcp_tcp_sent	0	static
altcp_tcp.c:133:1:altcp_tcp_poll	0	static
altcp_tcp.c:390:1:altcp_tcp_sndbuf	0	static
altcp_tcp.c:173:1:altcp_tcp_setup_callbacks	8	static
altcp_tcp.c:103:1:altcp_tcp_recv	16	static
altcp_tcp.c:366:1:altcp_tcp_output	0	static
altcp_tcp.c:354:1:altcp_tcp_write	4	static
altcp_tcp.c:342:1:altcp_tcp_shutdown	0	static
altcp_tcp.c:315:1:altcp_tcp_close	32	static
altcp_tcp.c:284:1:altcp_tcp_listen	8	static
altcp_tcp.c:271:1:altcp_tcp_connect	4	static
altcp_tcp.c:259:1:altcp_tcp_bind	0	static
altcp_tcp.c:74:1:altcp_tcp_accept	24	static
altcp_tcp.c:194:1:altcp_tcp_new_ip_type	16	static
altcp_tcp.c:217:1:altcp_tcp_alloc	0	static
altcp_tcp.c:224:1:altcp_tcp_wrap	16	static
