Clock_Ip_Pll.c:152:13:Clock_Ip_CallbackPllEmpty	0	static
Clock_Ip_Pll.c:157:37:Clock_Ip_CallbackPllEmptyComplete	0	static
Clock_Ip_Pll.c:163:13:Clock_Ip_CallbackPllEmptyDisable	0	static
Clock_Ip_Pll.c:171:13:Clock_Ip_ResetPlldigRdivMfiMfnSdmenSsscgbypSpreadctlStepnoStepsize	0	static
Clock_Ip_Pll.c:183:13:Clock_Ip_SetPlldigRdivMfiMfnSdmenSsscgbypSpreadctlStepnoStepsize	8	static
Clock_Ip_Pll.c:254:13:Clock_Ip_EnablePlldigRdivMfiMfnSdmenSsscgbypSpreadctlStepnoStepsize	0	static
Clock_Ip_Pll.c:274:13:Clock_Ip_ResetPlldigRdivMfiMfnSdmen	0	static
Clock_Ip_Pll.c:286:13:Clock_Ip_SetPlldigRdivMfiMfnSdmen	8	static
Clock_Ip_Pll.c:349:13:Clock_Ip_EnablePlldigRdivMfiMfnSdmen	0	static
Clock_Ip_Pll.c:219:37:Clock_Ip_CompletePlldigRdivMfiMfnSdmenSsscgbypSpreadctlStepnoStepsize	32	static
Clock_Ip_Pll.c:315:37:Clock_Ip_CompletePlldigRdivMfiMfnSdmen	0	static
