Clock_Ip_Selector.c:187:13:Clock_Ip_CallbackSelectorEmpty	0	static
Clock_Ip_Selector.c:195:13:Clock_Ip_ResetCgmXCscCssClkswSwip	8	static
Clock_Ip_Selector.c:310:13:Clock_Ip_ResetCgmXCscCssClkswRampupRampdownSwip	0	static
Clock_Ip_Selector.c:432:13:Clock_Ip_SetCgmXCscCssCsGrip	40	static
Clock_Ip_Selector.c:331:13:Clock_Ip_SetCgmXCscCssClkswRampupRampdownSwip	40	static
Clock_Ip_Selector.c:217:13:Clock_Ip_SetCgmXCscCssClkswSwip	40	static
Clock_Ip_Selector.c:426:13:Clock_Ip_ResetCgmXCscCssCsGrip	0	static
Clock_Ip_Selector.c:543:6:Clock_Ip_ConfigureResetGenCtrl1	8	static
Clock_Ip_Selector.c:504:13:Clock_Ip_ResetGenctrl1Ctrl	0	static
Clock_Ip_Selector.c:551:6:Clock_Ip_ConfigureSetGenCtrl1	0	static
Clock_Ip_Selector.c:513:13:Clock_Ip_SetGenctrl1Ctrl	0	static
Clock_Ip_Selector.c:569:6:Clock_Ip_SetRtcRtccClksel_TrustedCall	0	static
Clock_Ip_Selector.c:524:13:Clock_Ip_SetRtcRtccClksel	0	static
