Clock_Ip.c:208:13:Clock_Ip_NotificatonsEmptyCallback	0	static
Clock_Ip.c:692:6:Clock_Ip_InitClock	40	static
Clock_Ip.c:914:24:Clock_Ip_GetPllStatus	32	static
Clock_Ip.c:975:6:Clock_Ip_DistributePll	24	static
Clock_Ip.c:625:21:Clock_Ip_Init	8	static
Clock_Ip.c:1035:6:Clock_Ip_DisableClockMonitor	0	static
Clock_Ip.c:1052:6:Clock_Ip_InstallNotificationsCallback	0	static
Clock_Ip.c:1066:6:Clock_Ip_DisableModuleClock	0	static
Clock_Ip.c:1082:6:Clock_Ip_EnableModuleClock	0	static
Clock_Ip.c:1137:6:Clock_Ip_ReportClockErrors	0	static
Clock_Ip.c:1148:6:Clock_Ip_StartTimeout	24	static
Clock_Ip.c:1164:9:Clock_Ip_TimeoutExpired	16	static
Clock_Ip.c:1180:8:Clock_Ip_GetConfiguredFrequencyValue	12	static
