Eth_PFE_LLD.c:1611:20:Eth_PFE_LLD_GetEmacInstanceByControllerId	0	static
Eth_PFE_LLD.c:552:16:CommonHifChnlISR	16	static
Eth_PFE_LLD.c:1311:16:ConfigureSchedulerAndShaper_MapUnusedInputs	56	static
Eth_PFE_LLD.c:793:16:InitializeTxHeaders	48	static
oal_mutex_autosar.h:506:20:oal_mutex_lock.part.0	0	static
oal_mutex_autosar.h:519:20:oal_mutex_unlock.part.0	0	static
Eth_PFE_LLD.c:1156:16:ConfigureSchedulerAndShaper_SetFifo.isra.0.part.0	24	static
Eth_PFE_LLD.c:2629:16:EnableController_Common.part.0	24	static
Eth_PFE_LLD.c:2682:16:EnableController_HifEmac	40	static
Eth_PFE_LLD.c:1431:13:CheckDemStatus.part.0.constprop	24	static
Eth_PFE_LLD.c:1743:11:Eth_PFE_LLD_GetTxBufMeta	0	static
Eth_PFE_LLD.c:1750:24:Eth_PFE_LLD_GetTxBufTsRef	0	static
Eth_PFE_LLD.c:1762:6:Eth_PFE_LLD_InitInterfaces	0	static
Eth_PFE_LLD.c:1838:6:Eth_PFE_LLD_InitEMACs	16	static
Eth_PFE_LLD.c:2321:6:Eth_PFE_LLD_InterfacePrepare	128	static
Eth_PFE_LLD.c:2423:6:Eth_PFE_LLD_EMACPrepare	56	static
Eth_PFE_LLD.c:2469:16:Eth_PFE_LLD_ConfigureController	8	static
Eth_PFE_LLD.c:2503:9:Eth_PFE_LLD_Check_Driver_Init	0	static
Eth_PFE_LLD.c:2529:9:Eth_PFE_LLD_CheckAccessToController	0	static
Eth_PFE_LLD.c:2550:9:Eth_PFE_LLD_CheckInitializationStatus	24	static
Eth_PFE_LLD.c:2726:9:Eth_PFE_LLD_EnableController	80	static
Eth_PFE_LLD.c:2785:16:Eth_PFE_LLD_DisableController	16	static
Eth_PFE_LLD.c:1521:13:Eth_PFE_LLD_ShutdownDriver	24	static
Eth_PFE_LLD.c:2063:16:Eth_PFE_LLD_PlatformDrvPrepare	88	static
Eth_PFE_LLD.c:2124:6:Eth_PFE_LLD_DeInit	8	static
Eth_PFE_LLD.c:2820:14:Eth_PFE_LLD_CheckControllerIsActive	0	static
Eth_PFE_LLD.c:2840:6:Eth_PFE_LLD_GetPhysicalAddress	0	static
Eth_PFE_LLD.c:2858:9:Eth_PFE_LLD_SetPhysAddr	24	static
Eth_PFE_LLD.c:3014:16:Eth_PFE_LLD_UpdatePhysAddrFilter	40	static
Eth_PFE_LLD.c:3092:9:Eth_PFE_LLD_ProvideBufferDataArea	56	static
Eth_PFE_LLD.c:3154:8:Eth_43_PFE_LLD_GetLmemHdrSize	0	static
Eth_PFE_LLD.c:3176:7:Eth_43_PFE_LLD_GetTxFifoIdx	0	static
Eth_PFE_LLD.c:3188:8:Eth_43_PFE_LLD_GetTxBufferSize	0	static
Eth_PFE_LLD.c:3208:9:Eth_PFE_LLD_ReleaseTxBuffer	0	static
Eth_PFE_LLD.c:3253:16:Eth_PFE_LLD_Transmit	72	static
Eth_PFE_LLD.c:3557:18:Eth_PFE_LLD_ReportReception	56	static
Eth_PFE_LLD.c:3604:6:Eth_PFE_LLD_ReportTransmission	40	static
Eth_PFE_LLD.c:3689:6:Eth_PFE_LLD_ReportTransmissionTS	64	static
Eth_PFE_LLD.c:1090:16:ClientEventHdlr	8	static
Eth_PFE_LLD.c:3952:6:Eth_PFE_LLD_MainFunction	24	static
Eth_PFE_LLD.c:4065:16:Eth_43_PFE_LLD_WriteMii	48	static
Eth_PFE_LLD.c:4116:16:Eth_43_PFE_LLD_ReadMii	48	static
Eth_PFE_LLD.c:4168:16:Eth_43_PFE_LLD_WriteMii45	48	static
Eth_PFE_LLD.c:4221:16:Eth_43_PFE_LLD_ReadMii45	48	static
Eth_PFE_LLD.c:4265:16:Eth_43_PFE_LLD_SetGlobalTime	8	static
Eth_PFE_LLD.c:4291:6:Eth_43_PFE_LLD_GetCurrentTime	16	static
Eth_PFE_LLD.c:4373:16:Eth_43_PFE_LLD_SetCorrectionTime	48	static
Eth_PFE_LLD.c:4419:6:Eth_43_PFE_LLD_EnableEgressTimeStamp	0	static
Eth_PFE_LLD.c:4428:9:Eth_43_PFE_LLD_GetRxTimeStamp	56	static
Eth_PFE_LLD.c:4484:6:Eth_43_PFE_LLD_GetTxTimeStamp	8	static
Eth_PFE_LLD.c:4499:8:Eth_PFE_LLD_GetPlatform	0	static
Eth_PFE_LLD.c:4511:16:Eth_43_PFE_LLD_GetClassStats	8	static
Eth_PFE_LLD.c:4534:16:Eth_43_PFE_LLD_GetBmuStats	64	static
Eth_PFE_LLD.c:4597:16:Eth_43_PFE_LLD_GetGpiStats	64	static
Eth_PFE_LLD.c:4676:16:Eth_43_PFE_LLD_GetWdtStats	16	static
Eth_PFE_LLD.c:4722:16:Eth_43_PFE_LLD_GetL2BridgeStats	32	static
Eth_PFE_LLD.c:4758:16:Eth_43_PFE_LLD_GetL2BridgeDomainStats	8	static
Eth_PFE_LLD.c:4785:16:Eth_43_PFE_LLD_GetRtableStats	8	static
Eth_PFE_LLD.c:4811:16:Eth_43_PFE_LLD_GetTmuStats	120	static
Eth_PFE_LLD.c:4881:16:Eth_PFE_LLD_GetCounterValues	16	static
Eth_PFE_LLD.c:4951:16:Eth_PFE_LLD_GetRxStats	16	static
Eth_PFE_LLD.c:5020:16:Eth_PFE_LLD_GetTxStats	16	static
Eth_PFE_LLD.c:5059:16:Eth_PFE_LLD_GetTxErrorCounterValues	16	static
Eth_PFE_LLD.c:5097:16:Eth_PFE_LLD_ChannelBdFlushRx	48	static
Eth_PFE_LLD.c:5116:6:Eth_43_PFE_LLD_SetMasterUp	8	static
