Eth_43_PFE.c:258:6:Eth_43_PFE_Init	16	static
Eth_43_PFE.c:352:6:Eth_43_PFE_DeInit	8	static
Eth_43_PFE.c:375:16:Eth_43_PFE_SetControllerMode	24	static
Eth_43_PFE.c:469:16:Eth_43_PFE_GetControllerMode	16	static
Eth_43_PFE.c:533:6:Eth_43_PFE_GetPhysAddr	4	static
Eth_43_PFE.c:591:6:Eth_43_PFE_SetPhysAddr	4	static
Eth_43_PFE.c:657:16:Eth_43_PFE_UpdatePhysAddrFilter	8	static
Eth_43_PFE.c:739:19:Eth_43_PFE_ProvideTxBuffer	40	static
Eth_43_PFE.c:840:16:Eth_43_PFE_Transmit	64	static
Eth_43_PFE.c:946:19:Eth_43_PFE_ReleaseTxBuffer	8	static
Eth_43_PFE.c:1002:6:Eth_43_PFE_Receive	24	static
Eth_43_PFE.c:1086:6:Eth_43_PFE_TxConfirmation	24	static
Eth_43_PFE.c:1150:6:Eth_43_PFE_GetVersionInfo	0	static
Eth_43_PFE.c:1181:6:Eth_43_PFE_MainFunction	0	static
Eth_43_PFE.c:1197:16:Eth_43_PFE_WriteMii	24	static
Eth_43_PFE.c:1262:16:Eth_43_PFE_ReadMii	24	static
Eth_43_PFE.c:1340:16:Eth_43_PFE_WriteMii45	24	static
Eth_43_PFE.c:1407:16:Eth_43_PFE_ReadMii45	24	static
Eth_43_PFE.c:1489:16:Eth_43_PFE_SetGlobalTime	8	static
Eth_43_PFE.c:1541:16:Eth_43_PFE_SetCorrectionTime	8	static
Eth_43_PFE.c:1596:16:Eth_43_PFE_GetCurrentTime	8	static
Eth_43_PFE.c:1654:6:Eth_43_PFE_EnableEgressTimeStamp	0	static
Eth_43_PFE.c:1703:16:Eth_43_PFE_GetEgressTimeStamp	16	static
Eth_43_PFE.c:1766:16:Eth_43_PFE_GetIngressTimeStamp	16	static
Eth_43_PFE.c:1819:8:Eth_43_PFE_GetPlatform	0	static
Eth_43_PFE.c:1825:6:Eth_43_PFE_PreInit	8	static
Eth_43_PFE.c:1865:16:Eth_43_PFE_GetClassStats	16	static
Eth_43_PFE.c:1905:16:Eth_43_PFE_GetBmuStats	16	static
Eth_43_PFE.c:1951:16:Eth_43_PFE_GetGpiStats	16	static
Eth_43_PFE.c:1997:16:Eth_43_PFE_GetWdtStats	16	static
Eth_43_PFE.c:2034:16:Eth_43_PFE_GetL2BridgeStats	16	static
Eth_43_PFE.c:2072:16:Eth_43_PFE_GetL2BridgeDomainStats	16	static
Eth_43_PFE.c:2110:16:Eth_43_PFE_GetRtableStats	16	static
Eth_43_PFE.c:2147:16:Eth_43_PFE_GetTmuStats	16	static
Eth_43_PFE.c:2230:16:Eth_43_PFE_GetCounterValues	8	static
Eth_43_PFE.c:2307:16:Eth_43_PFE_GetRxStats	8	static
Eth_43_PFE.c:2366:16:Eth_43_PFE_GetTxStats	8	static
Eth_43_PFE.c:2424:16:Eth_43_PFE_GetTxErrorCounterValues	8	static
Eth_43_PFE.c:2485:16:Eth_43_PFE_ChannelBdFlushRx	0	static
