fci_fp_db.c:232:13:fci_fp_unlink_rule_from_chain	20	static
fci_fp_db.c:311:15:fci_fp_match_rule_by_criterion	24	static
fci_fp_db.c:527:23:fci_fp_rule_get_next_table	24	static
fci_fp_db.c:421:23:fci_fp_rule_get_first_table.part.0	24	static
fci_fp_db.c:632:24:fci_fp_table_get_first.constprop	40	static
fci_fp_db.c:481:23:fci_fp_rule_get_next_common.constprop	24	static
fci_fp_db.c:361:23:fci_fp_rule_get_first_common.constprop	16	static
fci_fp_db.c:967:6:fci_fp_db_init	16	static
fci_fp_db.c:987:9:fci_fp_db_create_rule	64	static
fci_fp_db.c:1047:9:fci_fp_db_destroy_rule	8	static
fci_fp_db.c:1092:9:fci_fp_db_create_table	32	static
fci_fp_db.c:1150:9:fci_fp_db_destroy_table	24	static
fci_fp_db.c:1213:9:fci_fp_db_add_rule_to_table	40	static
fci_fp_db.c:1287:9:fci_fp_db_remove_rule_from_table	8	static
fci_fp_db.c:1330:10:fci_fp_db_get_table_dmem_addr	8	static
fci_fp_db.c:1367:9:fci_fp_db_push_table_to_hw	80	static
fci_fp_db.c:1415:9:fci_fp_db_pop_table_from_hw	8	static
fci_fp_db.c:1455:9:fci_fp_db_get_table_from_addr	16	static
fci_fp_db.c:1496:17:fci_fp_db_get_first	0	static
fci_fp_db.c:1508:9:fci_fp_db_get_first_rule	16	static
fci_fp_db.c:1547:9:fci_fp_db_get_next_rule	16	static
fci_fp_db.c:1587:9:fci_fp_db_get_table_first_rule	16	static
fci_fp_db.c:1639:9:fci_fp_db_get_table_next_rule	16	static
