fci_interfaces.c:1095:16:fci_interfaces_destroy_fptables	24	static
fci_interfaces.c:1567:13:log_cmd__fpp_action_update__destroy_fp_table	16	static
fci_interfaces.c:1518:16:log_cmd__fpp_action_update__update_fp_tables	32	static
fci_interfaces.c:1229:13:evaluate_ret_error	40	static
fci_interfaces.c:1136:9:fci_interfaces_session_cmd	8	static
fci_interfaces.c:1960:9:fci_interfaces_log_cmd	160	static
fci_interfaces.c:2116:9:fci_interfaces_phy_cmd	112	static
fci_interfaces.c:2253:9:fci_interfaces_mac_cmd	48	static
