freertos_port.c:260:13:prvPortStartFirstTask	0	static
freertos_port.c:702:13:vPortEnableVFP	0	static
freertos_port.c:215:13:prvTaskExitError	8	static
freertos_port.c:183:15:pxPortInitialiseStack	0	static
freertos_port.c:241:6:SVC_Handler	0	static
freertos_port.c:390:6:vPortEndScheduler	0	static
freertos_port.c:398:6:vPortEnterCritical	0	static
freertos_port.c:415:6:vPortExitCritical	0	static
freertos_port.c:427:6:PendSV_Handler	0	static
freertos_port.c:486:6:SysTick_Handler	8	static
freertos_port.c:680:32:vPortSetupTimerInterrupt	0	static
freertos_port.c:287:12:xPortStartScheduler	16	static
freertos_port.c:719:10:vPortValidateInterruptPriority	0	static
