Gpt.c:1086:31:Gpt_ConvertChannelIndexToChannel.constprop	0	static
Gpt.c:386:30:Gpt_ValidateChannelCall.constprop	8	static
Gpt.c:622:30:Gpt_ValidateChannelStatus.constprop	16	static
Gpt.c:1250:6:Gpt_GetVersionInfo	0	static
Gpt.c:1307:6:Gpt_Init	32	static
Gpt.c:1402:6:Gpt_DeInit	32	static
Gpt.c:1505:15:Gpt_GetTimeElapsed	24	static
Gpt.c:1596:15:Gpt_GetTimeRemaining	24	static
Gpt.c:1695:6:Gpt_StartTimer	24	static
Gpt.c:1764:6:Gpt_StopTimer	40	static
Gpt.c:1838:6:Gpt_EnableNotification	8	static
Gpt.c:1893:6:Gpt_DisableNotification	16	static
Gpt.c:2233:6:Gpt_ProcessCommonInterrupt	4	static
