Devassert.h:85:20:DevAssert	8	static
IntCtrl_Ip.c:202:6:IntCtrl_Ip_InstallHandlerPrivileged	16	static
IntCtrl_Ip.c:286:6:IntCtrl_Ip_EnableIrqPrivileged	8	static
IntCtrl_Ip.c:305:6:IntCtrl_Ip_DisableIrqPrivileged	8	static
IntCtrl_Ip.c:326:6:IntCtrl_Ip_SetPriorityPrivileged	8	static
IntCtrl_Ip.c:368:7:IntCtrl_Ip_GetPriorityPrivileged	8	static
IntCtrl_Ip.c:402:6:IntCtrl_Ip_ClearPendingPrivileged	8	static
IntCtrl_Ip.c:513:6:IntCtrl_Ip_ClearDirectedCpuInterruptPrivileged	8	static
IntCtrl_Ip.c:543:8:IntCtrl_Ip_GetDirectedCpuInterruptPrivileged	8	static
IntCtrl_Ip.c:574:6:IntCtrl_Ip_GenerateDirectedCpuInterruptPrivileged	16	static
IntCtrl_Ip.c:642:23:IntCtrl_Ip_Init	24	static
IntCtrl_Ip.c:712:6:IntCtrl_Ip_InstallHandler	0	static
IntCtrl_Ip.c:724:6:IntCtrl_Ip_EnableIrq	0	static
IntCtrl_Ip.c:734:6:IntCtrl_Ip_DisableIrq	0	static
IntCtrl_Ip.c:744:6:IntCtrl_Ip_SetPriority	0	static
IntCtrl_Ip.c:754:7:IntCtrl_Ip_GetPriority	0	static
IntCtrl_Ip.c:764:6:IntCtrl_Ip_ClearPending	0	static
IntCtrl_Ip.c:824:6:IntCtrl_Ip_ClearDirectedCpuInterrupt	0	static
IntCtrl_Ip.c:833:9:IntCtrl_Ip_GetDirectedCpuInterrupt	8	static
IntCtrl_Ip.c:842:6:IntCtrl_Ip_GenerateDirectedCpuInterrupt	0	static
