ipc-shm.c:453:36:ipc_instance_is_free.part.0	0	static
ipc-shm.c:909:13:ipc_shm_free_channel	56	static
ipc-shm.c:358:14:ipc_check_mchan_integrity	16	static
ipc-shm.c:482:15:ipc_shm_rx	96	static
ipc-shm.c:1049:7:ipc_shm_init_instance	160	static
ipc-shm.c:1084:6:ipc_shm_free_instance	16	static
ipc-shm.c:1113:6:ipc_shm_free	0	static
ipc-shm.c:1190:7:ipc_shm_init	16	static
ipc-shm.c:1351:7:ipc_shm_unmanaged_acquire	16	static
ipc-shm.c:1396:7:ipc_shm_is_remote_ready	8	static
ipc-shm.c:1169:7:ipc_shm_acquire_buf	64	static
ipc-shm.c:1255:7:ipc_shm_release_buf	56	static
ipc-shm.c:1333:7:ipc_shm_tx	56	static
ipc-shm.c:1371:7:ipc_shm_unmanaged_tx	24	static
ipc-shm.c:1420:7:ipc_shm_poll_channels	8	static
