ipcf_sample.c:187:13:ipc_numtostr	8	static
ipcf_sample.c:145:8:ipc_strtol	8	static
ipcf_sample.c:157:8:ipc_strlen	0	static
ipcf_sample.c:167:6:ipc_strcpy	0	static
ipcf_sample.c:175:8:ipc_strrchr	8	static
ipcf_sample.c:286:6:shm_demo	32	static
ipcf_sample.c:214:6:data_chan_rx_cb	24	static
ipcf_sample.c:248:6:ctrl_chan_rx_cb	16	static
ipcf_sample.c:357:6:handle_error	0	static
ipcf_sample.c:371:6:prepare_demo	16	static
ipcf_sample.c:407:6:vApplicationMallocFailedHook	0	static
ipcf_sample.c:415:6:vApplicationStackOverflowHook	0	static
