pfe_l2br.c:407:13:pfe_l2br_vlan_action_to_entry	24	static
pfe_l2br.c:2100:16:pfe_l2br_static_entry_destroy_nolock	32	static
pfe_l2br.c:381:13:pfe_vlan_read_from_class	24	static
pfe_l2br.c:354:13:pfe_vlan_write_to_class	24	static
pfe_l2br.c:316:13:pfe_l2br_update_hw_ll_entry	32	static
pfe_l2br.c:431:9:pfe_l2br_update_vlan_hash_entry	48	static
pfe_l2br.c:717:16:pfe_l2br_update_hw_entry	32	static
pfe_l2br.c:564:9:pfe_l2br_add_vlan_hash_entry	120	static
pfe_l2br.c:630:9:pfe_l2br_delete_vlan_hash_entry	96	static
pfe_l2br.c:1083:9:pfe_l2br_domain_destroy	48	static
pfe_l2br.c:916:13:pfe_l2br_domain_destroy_log	24	static
pfe_l2br.c:1297:9:pfe_l2br_domain_set_ucast_action	0	static
pfe_l2br.c:1324:9:pfe_l2br_domain_get_ucast_action	0	static
pfe_l2br.c:1352:9:pfe_l2br_domain_set_mcast_action	0	static
pfe_l2br.c:1378:9:pfe_l2br_domain_get_mcast_action	0	static
pfe_l2br.c:1407:9:pfe_l2br_domain_add_if	24	static
pfe_l2br.c:1466:9:pfe_l2br_domain_del_if	40	static
pfe_l2br.c:1601:9:pfe_l2br_domain_flush_by_if	112	static
pfe_l2br.c:1644:32:pfe_l2br_domain_get_if_list	0	static
pfe_l2br.c:1668:32:pfe_l2br_domain_get_untag_if_list	0	static
pfe_l2br.c:1825:15:pfe_l2br_domain_get_next_if	64	static
pfe_l2br.c:1740:15:pfe_l2br_domain_get_first_if	24	static
pfe_l2br.c:1880:9:pfe_l2br_domain_get_vlan	0	static
pfe_l2br.c:1904:30:pfe_l2br_domain_is_default	0	static
pfe_l2br.c:1927:30:pfe_l2br_domain_is_fallback	0	static
pfe_l2br.c:2020:9:pfe_l2br_static_entry_create	48	static
pfe_l2br.c:2133:9:pfe_l2br_static_entry_destroy	0	static
pfe_l2br.c:2168:9:pfe_l2br_static_entry_replace_fw_list	40	static
pfe_l2br.c:2214:9:pfe_l2br_static_entry_set_local_flag	40	static
pfe_l2br.c:2262:9:pfe_l2br_static_entry_set_src_discard_flag	40	static
pfe_l2br.c:2309:9:pfe_l2br_static_entry_set_dst_discard_flag	40	static
pfe_l2br.c:2357:9:pfe_l2br_static_entry_get_local_flag	0	static
pfe_l2br.c:2385:9:pfe_l2br_static_entry_get_src_discard_flag	0	static
pfe_l2br.c:2413:9:pfe_l2br_static_entry_get_dst_discard_flag	0	static
pfe_l2br.c:2441:32:pfe_l2br_static_entry_get_fw_list	0	static
pfe_l2br.c:2463:32:pfe_l2br_static_entry_get_vlan	0	static
pfe_l2br.c:2473:6:pfe_l2br_static_entry_get_mac	0	static
pfe_l2br.c:2545:26:pfe_l2br_static_entry_get_next	40	static
pfe_l2br.c:2486:26:pfe_l2br_static_entry_get_first	8	static
pfe_l2br.c:2843:9:pfe_l2br_flush_learned	88	static
pfe_l2br.c:2865:9:pfe_l2br_flush_static	72	static
pfe_l2br.c:2887:9:pfe_l2br_flush_all	80	static
pfe_l2br.c:3010:9:pfe_l2br_destroy	232	static
pfe_l2br.c:3065:42:pfe_l2br_get_default_domain	0	static
pfe_l2br.c:3087:42:pfe_l2br_get_fallback_domain	0	static
pfe_l2br.c:3227:20:pfe_l2br_get_next_domain	72	static
pfe_l2br.c:3175:20:pfe_l2br_get_first_domain	24	static
pfe_l2br.c:1014:9:pfe_l2br_domain_create	40	static
pfe_l2br.c:2970:13:pfe_l2br_create	256	static
pfe_l2br.c:3354:10:pfe_l2br_get_number_entries	64	static
pfe_l2br.c:3392:9:pfe_l2br_get_stats	72	static
pfe_l2br.c:3462:25:pfe_l2br_static_entry_get_entry	0	static
pfe_l2br.c:3487:9:pfe_l2br_get_domain_stats	56	static
pfe_l2br.c:3552:9:pfe_l2br_clear_domain_stats	40	static
pfe_l2br.c:3621:9:pfe_l2br_get_vlan_stats_index	0	static
