pfe_gpi.c:122:16:igqos_entry_ready_timeout.isra.0	16	static
pfe_gpi.c:218:16:igqos_class_find_entry.part.0	8	static
pfe_gpi.c:853:9:pfe_gpi_reset	24	static
pfe_gpi.c:872:6:pfe_gpi_enable	0	static
pfe_gpi.c:885:6:pfe_gpi_disable	0	static
pfe_gpi.c:924:8:pfe_gpi_qos_is_enabled	0	static
pfe_gpi.c:942:9:pfe_gpi_qos_reset	24	static
pfe_gpi.c:780:12:pfe_gpi_create	48	static
pfe_gpi.c:898:6:pfe_gpi_destroy	24	static
pfe_gpi.c:965:9:pfe_gpi_qos_enable	16	static
pfe_gpi.c:984:9:pfe_gpi_qos_disable	8	static
pfe_gpi.c:996:9:pfe_gpi_qos_get_flow	48	static
pfe_gpi.c:1020:9:pfe_gpi_qos_rem_flow	16	static
pfe_gpi.c:1050:9:pfe_gpi_qos_add_flow	96	static
pfe_gpi.c:1092:9:pfe_gpi_qos_get_first_flow	16	static
pfe_gpi.c:1112:9:pfe_gpi_qos_get_next_flow	16	static
pfe_gpi.c:1133:8:pfe_gpi_wred_is_enabled	0	static
pfe_gpi.c:1154:9:pfe_gpi_wred_enable	16	static
pfe_gpi.c:1177:9:pfe_gpi_wred_disable	8	static
pfe_gpi.c:1196:9:pfe_gpi_wred_set_prob	16	static
pfe_gpi.c:1215:9:pfe_gpi_wred_get_prob	8	static
pfe_gpi.c:1234:9:pfe_gpi_wred_set_thr	8	static
pfe_gpi.c:1262:9:pfe_gpi_wred_get_thr	8	static
pfe_gpi.c:1282:8:pfe_gpi_shp_is_enabled	0	static
pfe_gpi.c:1296:9:pfe_gpi_shp_enable	16	static
pfe_gpi.c:1315:9:pfe_gpi_shp_disable	8	static
pfe_gpi.c:1328:9:pfe_gpi_shp_set_mode	8	static
pfe_gpi.c:1348:9:pfe_gpi_shp_get_mode	8	static
pfe_gpi.c:1361:9:pfe_gpi_shp_set_type	8	static
pfe_gpi.c:1381:9:pfe_gpi_shp_get_type	8	static
pfe_gpi.c:1394:9:pfe_gpi_shp_set_idle_slope	64	static
pfe_gpi.c:1428:9:pfe_gpi_shp_get_idle_slope	32	static
pfe_gpi.c:1461:9:pfe_gpi_shp_set_limits	24	static
pfe_gpi.c:1488:9:pfe_gpi_shp_get_limits	24	static
pfe_gpi.c:1508:9:pfe_gpi_shp_get_drop_cnt	8	static
pfe_gpi.c:1556:10:pfe_gpi_get_stat_value	0	static
pfe_gpi.c:1582:9:pfe_gpi_get_special_stats	8	static
