pfe_pe.c:214:13:pfe_pe_free_mem	0	static
pfe_pe.c:721:13:pfe_pe_fw_memcpy_single	40	static
pfe_pe.c:765:13:pfe_pe_fw_memset_single	40	static
pfe_pe.c:591:13:pfe_pe_fw_memcpy_bulk	40	static
pfe_pe.c:656:13:pfe_pe_fw_memset_bulk	40	static
oal_mutex_autosar.h:506:20:oal_mutex_lock.part.0	0	static
oal_mutex_autosar.h:519:20:oal_mutex_unlock.part.0	0	static
pfe_pe.c:525:16:pfe_pe_fw_install_ops	56	static
pfe_pe.c:873:13:pfe_pe_mem_write.isra.0.constprop	32	static
pfe_pe.c:972:13:pfe_pe_memcpy_from_host_to_dmem_32_nolock	56	static
pfe_pe.c:807:17:pfe_pe_mem_read.constprop	40	static
pfe_pe.c:287:6:pfe_pe_lock_family	24	static
pfe_pe.c:302:6:pfe_pe_unlock_family	0	static
pfe_pe.c:424:9:pfe_pe_memlock_release_nolock	16	static
pfe_pe.c:1083:6:pfe_pe_memcpy_from_dmem_to_host_32_nolock	56	static
pfe_pe.c:235:16:pfe_pe_get_state_monitor_nolock	8	static
pfe_pe.c:392:9:pfe_pe_memlock_acquire_nolock	56	static
pfe_pe.c:1032:6:pfe_pe_memcpy_from_host_to_dmem_32	24	static
pfe_pe.c:1139:6:pfe_pe_memcpy_from_dmem_to_host_32	24	static
pfe_pe.c:1194:9:pfe_pe_gather_memcpy_from_dmem_to_host_32	64	static
pfe_pe.c:1573:12:pfe_pe_create	24	static
pfe_pe.c:1608:6:pfe_pe_set_dmem	0	static
pfe_pe.c:1630:6:pfe_pe_set_imem	0	static
pfe_pe.c:1651:6:pfe_pe_set_lmem	0	static
pfe_pe.c:1673:6:pfe_pe_set_iaccess	8	static
pfe_pe.c:1709:9:pfe_pe_mem_default_init	48	static
pfe_pe.c:1951:9:pfe_pe_load_firmware	128	static
pfe_pe.c:2023:9:pfe_pe_get_mmap	8	static
pfe_pe.c:2055:6:pfe_pe_destroy	0	static
pfe_pe.c:2078:7:pfe_pe_get_fw_feature_str_base	0	static
pfe_pe.c:2108:9:pfe_pe_get_fw_feature_entry	232	static
pfe_pe.c:2187:9:pfe_pe_get_fw_messages_nolock	0	static
pfe_pe.c:2321:9:pfe_pe_check_mmap	216	static
pfe_pe.c:2356:9:pfe_pe_get_pe_stats_nolock	8	static
pfe_pe.c:2389:8:pfe_pe_check_stalled_nolock	40	static
pfe_pe.c:2447:9:pfe_pe_get_classify_stats_nolock	8	static
pfe_pe.c:2480:9:pfe_pe_get_class_algo_stats_nolock	8	static
pfe_pe.c:2604:22:pfe_pe_get_fw_state	24	static
pfe_pe.c:2630:9:pfe_pe_get_data_nolock	224	static
pfe_pe.c:2686:9:pfe_pe_put_data_nolock	224	static
