pfe_l2br_table.c:846:16:pfe_l2br_entry_get_hash	0	static
pfe_l2br_table.c:324:16:pfe_l2br_entry_to_cmd_args	24	static
pfe_l2br_table.c:186:15:pfe_l2br_table_entry_match_criterion.isra.0	24	static
pfe_l2br_table.c:270:17:pfe_l2br_table_get_col_ptr	24	static
pfe_l2br_table.c:1140:16:pfe_l2br_wait_for_cmd_done.isra.0	16	static
pfe_l2br_table.c:1196:16:pfe_l2br_table_write_cmd	24	static
pfe_l2br_table.c:1262:16:pfe_l2br_table_read_cmd	48	static
pfe_l2br_table.c:1381:16:pfe_l2br_table_init_cmd	72	static
pfe_l2br_table.c:879:13:pfe_l2br_iterator_save_macvlan	16	static
pfe_l2br_table.c:743:9:pfe_l2br_table_update_entry	40	static
pfe_l2br_table.c:762:9:pfe_l2br_table_del_entry	40	static
pfe_l2br_table.c:780:9:pfe_l2br_table_add_entry	40	static
pfe_l2br_table.c:799:9:pfe_l2br_table_search_entry	40	static
pfe_l2br_table.c:813:28:pfe_l2br_iterator_create	8	static
pfe_l2br_table.c:833:9:pfe_l2br_iterator_destroy	0	static
pfe_l2br_table.c:953:9:pfe_l2br_table_get_first	24	static
pfe_l2br_table.c:1064:9:pfe_l2br_table_get_next	24	static
pfe_l2br_table.c:1480:19:pfe_l2br_table_create	32	static
pfe_l2br_table.c:1569:9:pfe_l2br_table_init	0	static
pfe_l2br_table.c:1593:9:pfe_l2br_table_flush	24	static
pfe_l2br_table.c:1617:25:pfe_l2br_table_entry_create	16	static
pfe_l2br_table.c:1650:9:pfe_l2br_table_entry_destroy	0	static
pfe_l2br_table.c:1676:9:pfe_l2br_table_entry_set_mac_addr	16	static
pfe_l2br_table.c:1719:9:pfe_l2br_table_entry_set_vlan	8	static
pfe_l2br_table.c:1763:32:pfe_l2br_table_entry_get_vlan	0	static
pfe_l2br_table.c:1776:9:pfe_l2br_table_entry_set_action_data	0	static
pfe_l2br_table.c:1828:32:pfe_l2br_table_entry_get_action_data	0	static
pfe_l2br_table.c:1843:9:pfe_l2br_table_entry_set_fresh	16	static
pfe_l2br_table.c:1884:30:pfe_l2br_table_entry_is_fresh	0	static
pfe_l2br_table.c:1927:9:pfe_l2br_table_entry_set_static	16	static
pfe_l2br_table.c:1966:30:pfe_l2br_table_entry_is_static	0	static
