pfe_fw_feature.c:419:16:pfe_fw_feature_table_entry_by_name.isra.0	24	static
pfe_fw_feature.c:57:19:pfe_fw_feature_create	8	static
pfe_fw_feature.c:77:6:pfe_fw_feature_destroy	0	static
pfe_fw_feature.c:98:9:pfe_fw_feature_set_ll_data	0	static
pfe_fw_feature.c:126:9:pfe_fw_feature_set_string_base	0	static
pfe_fw_feature.c:152:9:pfe_fw_feature_set_dmem_funcs	0	static
pfe_fw_feature.c:179:9:pfe_fw_feature_get_name	0	static
pfe_fw_feature.c:203:9:pfe_fw_feature_get_desc	0	static
pfe_fw_feature.c:227:9:pfe_fw_feature_get_flags	0	static
pfe_fw_feature.c:251:8:pfe_fw_feature_is_in_class	0	static
pfe_fw_feature.c:279:8:pfe_fw_feature_is_in_util	0	static
pfe_fw_feature.c:307:9:pfe_fw_feature_get_def_val	0	static
pfe_fw_feature.c:331:9:pfe_fw_feature_get_val	16	static
pfe_fw_feature.c:354:8:pfe_fw_feature_enabled	16	static
pfe_fw_feature.c:395:9:pfe_fw_feature_set_val	24	static
pfe_fw_feature.c:449:9:pfe_fw_feature_table_cfg_by_name	24	static
pfe_fw_feature.c:474:9:pfe_fw_feature_table_stats_by_name	24	static
pfe_fw_feature.c:497:9:pfe_fw_feature_table_cfg_first	0	static
pfe_fw_feature.c:518:9:pfe_fw_feature_table_cfg_next	8	static
pfe_fw_feature.c:542:9:pfe_fw_feature_table_stats_first	0	static
pfe_fw_feature.c:563:9:pfe_fw_feature_table_stats_next	8	static
pfe_fw_feature.c:587:9:pfe_fw_feature_table_entry_name	8	static
pfe_fw_feature.c:599:10:pfe_fw_feature_table_entry_size	8	static
pfe_fw_feature.c:609:10:pfe_fw_feature_table_entry_multiplicity	8	static
pfe_fw_feature.c:619:10:pfe_fw_feature_table_entry_allocsize	8	static
pfe_fw_feature.c:631:9:pfe_fw_feature_table_entry_set	40	static
pfe_fw_feature.c:726:9:pfe_fw_feature_table_entry_set_by_idx	32	static
pfe_fw_feature.c:761:9:pfe_fw_feature_table_entry_get_by_idx	64	static
pfe_fw_feature.c:674:9:pfe_fw_feature_table_entry_get	48	static
