pfe_gpi_csr.c:184:6:pfe_gpi_cfg_init	16	static
pfe_gpi_csr.c:223:9:pfe_gpi_cfg_reset	16	static
pfe_gpi_csr.c:253:6:pfe_gpi_cfg_enable	0	static
pfe_gpi_csr.c:265:6:pfe_gpi_cfg_disable	0	static
pfe_gpi_csr.c:291:6:pfe_gpi_cfg_qos_enable	0	static
pfe_gpi_csr.c:300:6:pfe_gpi_cfg_qos_disable	0	static
pfe_gpi_csr.c:309:8:pfe_gpi_cfg_qos_is_enabled	0	static
pfe_gpi_csr.c:330:6:pfe_gpi_cfg_qos_write_flow_entry_req	12	static
pfe_gpi_csr.c:346:6:pfe_gpi_cfg_qos_clear_flow_entry_req	8	static
pfe_gpi_csr.c:353:6:pfe_gpi_cfg_qos_clear_lru_entry_req	8	static
pfe_gpi_csr.c:360:6:pfe_gpi_cfg_qos_rd_fl_entry_req	0	static
pfe_gpi_csr.c:366:6:pfe_gpi_cfg_qos_rd_fl_entry_resp	0	static
pfe_gpi_csr.c:372:8:pfe_gpi_cfg_qos_entry_ready	0	static
pfe_gpi_csr.c:387:6:pfe_gpi_cfg_wred_default_init	0	static
pfe_gpi_csr.c:422:6:pfe_gpi_cfg_wred_enable	0	static
pfe_gpi_csr.c:431:6:pfe_gpi_cfg_wred_disable	0	static
pfe_gpi_csr.c:440:8:pfe_gpi_cfg_wred_is_enabled	0	static
pfe_gpi_csr.c:455:6:pfe_gpi_cfg_wred_set_prob	12	static
pfe_gpi_csr.c:466:6:pfe_gpi_cfg_wred_get_prob	8	static
pfe_gpi_csr.c:477:6:pfe_gpi_cfg_wred_set_thr	0	static
pfe_gpi_csr.c:512:6:pfe_gpi_cfg_wred_get_thr	0	static
pfe_gpi_csr.c:547:10:pfe_gpi_cfg_get_sys_clk_mhz	0	static
pfe_gpi_csr.c:572:6:pfe_gpi_cfg_shp_enable	0	static
pfe_gpi_csr.c:581:6:pfe_gpi_cfg_shp_disable	0	static
pfe_gpi_csr.c:590:8:pfe_gpi_cfg_shp_is_enabled	0	static
pfe_gpi_csr.c:605:6:pfe_gpi_cfg_shp_set_type	8	static
pfe_gpi_csr.c:616:6:pfe_gpi_cfg_shp_get_type	0	static
pfe_gpi_csr.c:648:6:pfe_gpi_cfg_shp_set_mode	8	static
pfe_gpi_csr.c:553:6:pfe_gpi_cfg_shp_default_init	24	static
pfe_gpi_csr.c:274:6:pfe_gpi_cfg_qos_default_init	8	static
pfe_gpi_csr.c:662:6:pfe_gpi_cfg_shp_get_mode	0	static
pfe_gpi_csr.c:677:6:pfe_gpi_cfg_shp_set_isl_weight	12	static
pfe_gpi_csr.c:690:6:pfe_gpi_cfg_shp_get_isl_weight	0	static
pfe_gpi_csr.c:698:6:pfe_gpi_cfg_shp_set_limits	8	static
pfe_gpi_csr.c:714:6:pfe_gpi_cfg_shp_get_limits	8	static
pfe_gpi_csr.c:730:10:pfe_gpi_cfg_shp_get_drop_cnt	0	static
pfe_gpi_csr.c:843:10:pfe_gpi_cfg_get_stat_value	0	static
pfe_gpi_csr.c:868:6:pfe_gpi_cfg_get_special_stats	0	static
