pfe_class.c:994:13:pfe_class_alg_stats_endian	0	static
pfe_class.c:1095:13:pfe_class_sum_pe_algo_stats	0	static
pfe_class.c:107:13:pfe_class_check_pes	392	static
oal_mutex_autosar.h:506:20:oal_mutex_lock.part.0	0	static
oal_mutex_autosar.h:519:20:oal_mutex_unlock.part.0	0	static
pfe_class.c:659:9:pfe_class_write_dmem	32	static
pfe_class.c:710:9:pfe_class_read_dmem	24	static
pfe_class.c:152:9:pfe_class_isr	16	static
pfe_class.c:184:6:pfe_class_irq_mask	0	static
pfe_class.c:194:6:pfe_class_irq_unmask	0	static
pfe_class.c:330:8:pfe_class_dmem_heap_alloc	16	static
pfe_class.c:355:6:pfe_class_dmem_heap_free	32	static
pfe_class.c:395:6:pfe_class_enable	32	static
pfe_class.c:438:6:pfe_class_disable	0	static
pfe_class.c:374:6:pfe_class_reset	8	static
pfe_class.c:776:6:pfe_class_destroy.part.0	16	static
pfe_class.c:243:14:pfe_class_create	48	static
pfe_class.c:458:9:pfe_class_load_firmware	248	static
pfe_class.c:621:9:pfe_class_get_mmap	208	static
pfe_class.c:748:9:pfe_class_gather_read_dmem	16	static
pfe_class.c:776:6:pfe_class_destroy	0	static
pfe_class.c:810:9:pfe_class_set_rtable	4	static
pfe_class.c:843:9:pfe_class_set_default_vlan	8	static
pfe_class.c:867:10:pfe_class_get_num_of_pes	0	static
pfe_class.c:891:9:pfe_class_get_feature	32	static
pfe_class.c:930:9:pfe_class_get_feature_first	0	static
pfe_class.c:963:9:pfe_class_get_feature_next	0	static
pfe_class.c:1032:6:pfe_class_flexi_parser_stats_endian	0	static
pfe_class.c:1048:6:pfe_class_sum_flexi_parser_stats	0	static
pfe_class.c:1229:9:pfe_class_put_data	48	static
pfe_class.c:1307:9:pfe_class_get_stats	248	static
pfe_class.c:1533:9:pfe_class_get_fw_version	208	static
pfe_class.c:1557:6:pfe_class_rtable_lookup_enable	8	static
pfe_class.c:1568:6:pfe_class_rtable_lookup_disable	8	static
pfe_class.c:1583:6:pfe_class_update_hw_bridge_lookup	16	static
