pfe_hif_nocpy_csr.c:77:9:pfe_hif_nocpy_cfg_isr	12	static
pfe_hif_nocpy_csr.c:117:6:pfe_hif_nocpy_cfg_irq_mask	0	static
pfe_hif_nocpy_csr.c:131:6:pfe_hif_nocpy_cfg_irq_unmask	0	static
pfe_hif_nocpy_csr.c:188:6:pfe_hif_nocpy_cfg_fini	0	static
pfe_hif_nocpy_csr.c:199:6:pfe_hif_nocpy_cfg_tx_enable	0	static
pfe_hif_nocpy_csr.c:231:6:pfe_hif_nocpy_cfg_rx_enable	0	static
pfe_hif_nocpy_csr.c:264:6:pfe_hif_nocpy_cfg_rx_dma_start	0	static
pfe_hif_nocpy_csr.c:282:6:pfe_hif_nocpy_cfg_tx_dma_start	0	static
pfe_hif_nocpy_csr.c:300:6:pfe_hif_nocpy_cfg_rx_irq_mask	0	static
pfe_hif_nocpy_csr.c:252:6:pfe_hif_nocpy_cfg_rx_disable	0	static
pfe_hif_nocpy_csr.c:316:6:pfe_hif_nocpy_cfg_rx_irq_unmask	0	static
pfe_hif_nocpy_csr.c:332:6:pfe_hif_nocpy_cfg_tx_irq_mask	0	static
pfe_hif_nocpy_csr.c:220:6:pfe_hif_nocpy_cfg_tx_disable	0	static
pfe_hif_nocpy_csr.c:146:9:pfe_hif_nocpy_cfg_init	8	static
pfe_hif_nocpy_csr.c:348:6:pfe_hif_nocpy_cfg_tx_irq_unmask	0	static
pfe_hif_nocpy_csr.c:365:6:pfe_hif_nocpy_cfg_set_rx_bd_ring_addr	0	static
pfe_hif_nocpy_csr.c:375:10:pfe_hif_nocpy_cfg_get_rx_bd_ring_addr	0	static
pfe_hif_nocpy_csr.c:386:6:pfe_hif_nocpy_cfg_set_tx_bd_ring_addr	0	static
pfe_hif_nocpy_csr.c:396:10:pfe_hif_nocpy_cfg_get_tx_bd_ring_addr	0	static
pfe_hif_nocpy_csr.c:407:8:pfe_hif_nocpy_cfg_is_rx_dma_active	0	static
pfe_hif_nocpy_csr.c:428:8:pfe_hif_nocpy_cfg_is_tx_dma_active	0	static
pfe_hif_nocpy_csr.c:451:10:pfe_hif_nocpy_chnl_cfg_get_text_stat	0	static
pfe_hif_nocpy_csr.c:465:10:pfe_hif_nocpy_cfg_get_tx_cnt	0	static
pfe_hif_nocpy_csr.c:477:10:pfe_hif_nocpy_cfg_get_rx_cnt	0	static
pfe_hif_nocpy_csr.c:538:9:pfe_hif_nocpy_cfg_set_emac_timer_ownership	0	static
pfe_hif_nocpy_csr.c:574:8:pfe_hif_nocpy_cfg_get_emac_timer_ownership	0	static
pfe_hif_nocpy_csr.c:599:6:pfe_hif_nocpy_cfg_stop_all_chnl_dma	0	static
