pfe_rtable.c:455:15:pfe_rtable_phys_entry_is_htable	0	static
pfe_rtable.c:495:15:pfe_rtable_phys_entry_is_pool	0	static
fifo.h:58:23:fifo_put	8	static
oal_mutex_autosar.h:506:20:oal_mutex_lock.part.0	0	static
oal_mutex_autosar.h:519:20:oal_mutex_unlock.part.0	0	static
pfe_rtable.c:534:31:pfe_rtable_phys_entry_get_pa	8	static
pfe_rtable.c:332:17:pfe_get_crc32_be.constprop	12	static
pfe_rtable.c:606:21:pfe_rtable_entry_create	24	static
pfe_rtable.c:692:6:pfe_rtable_entry_free	16	static
pfe_rtable.c:755:9:pfe_rtable_entry_set_sip	32	static
pfe_rtable.c:832:9:pfe_rtable_entry_set_dip	32	static
pfe_rtable.c:719:9:pfe_rtable_entry_set_5t	16	static
pfe_rtable.c:908:6:pfe_rtable_entry_set_sport	0	static
pfe_rtable.c:927:10:pfe_rtable_entry_get_sport	0	static
pfe_rtable.c:950:6:pfe_rtable_entry_set_dport	0	static
pfe_rtable.c:969:10:pfe_rtable_entry_get_dport	0	static
pfe_rtable.c:992:6:pfe_rtable_entry_set_proto	0	static
pfe_rtable.c:1011:9:pfe_rtable_entry_get_proto	0	static
pfe_rtable.c:1036:9:pfe_rtable_entry_set_dstif_id	0	static
pfe_rtable.c:1070:9:pfe_rtable_entry_set_dstif	8	static
pfe_rtable.c:1100:9:pfe_rtable_entry_set_out_sip	24	static
pfe_rtable.c:1157:9:pfe_rtable_entry_set_out_dip	24	static
pfe_rtable.c:1214:6:pfe_rtable_entry_set_out_sport	16	static
pfe_rtable.c:1246:6:pfe_rtable_entry_set_out_dport	16	static
pfe_rtable.c:1276:6:pfe_rtable_entry_set_ttl_decrement	8	static
pfe_rtable.c:1305:6:pfe_rtable_entry_remove_ttl_decrement	8	static
pfe_rtable.c:1335:6:pfe_rtable_entry_set_out_mac_addrs	16	static
pfe_rtable.c:1368:6:pfe_rtable_entry_set_out_vlan	16	static
pfe_rtable.c:1412:10:pfe_rtable_entry_get_out_vlan	0	static
pfe_rtable.c:1443:6:pfe_rtable_entry_set_out_inner_vlan	8	static
pfe_rtable.c:1473:6:pfe_rtable_entry_set_out_pppoe_sid	24	static
pfe_rtable.c:1514:6:pfe_rtable_entry_set_id5t	0	static
pfe_rtable.c:1528:9:pfe_rtable_entry_get_id5t	0	static
pfe_rtable.c:1553:24:pfe_rtable_entry_get_action_flags	0	static
pfe_rtable.c:1576:6:pfe_rtable_entry_set_timeout	16	static
pfe_rtable.c:1627:6:pfe_rtable_entry_set_route_id	0	static
pfe_rtable.c:1650:9:pfe_rtable_entry_get_route_id	0	static
pfe_rtable.c:1686:6:pfe_rtable_entry_set_callback	0	static
pfe_rtable.c:1707:6:pfe_rtable_entry_set_refptr	0	static
pfe_rtable.c:1726:7:pfe_rtable_entry_get_refptr	0	static
pfe_rtable.c:1753:6:pfe_rtable_entry_set_child	0	static
pfe_rtable.c:1782:21:pfe_rtable_entry_get_child_nolock	0	static
pfe_rtable.c:1817:21:pfe_rtable_entry_get_child	16	static
pfe_rtable.c:1841:9:pfe_rtable_entry_get_stats_index	0	static
pfe_rtable.c:2823:10:pfe_rtable_get_size	0	static
pfe_rtable.c:2847:6:pfe_rtable_destroy	232	static
pfe_rtable.c:2761:15:pfe_rtable_create	248	static
pfe_rtable.c:2883:10:pfe_rtable_get_entry_size	0	static
pfe_rtable.c:2894:9:pfe_rtable_entry_to_5t	32	static
pfe_rtable.c:804:6:pfe_rtable_entry_get_sip	80	static
pfe_rtable.c:881:6:pfe_rtable_entry_get_dip	80	static
pfe_rtable.c:3003:15:pfe_rtable_match_criterion	88	static
pfe_rtable.c:2171:9:pfe_rtable_add_entry	104	static
pfe_rtable.c:2953:9:pfe_rtable_entry_to_5t_out	16	static
pfe_rtable.c:3120:21:pfe_rtable_get_first	40	static
pfe_rtable.c:3195:21:pfe_rtable_get_next	24	static
pfe_rtable.c:3256:9:pfe_rtable_get_stats	56	static
pfe_rtable.c:3307:9:pfe_rtable_clear_stats	24	static
pfe_rtable.c:2447:16:pfe_rtable_del_entry_nolock	48	static
pfe_rtable.c:2229:9:pfe_rtable_del_entry	24	static
pfe_rtable.c:2505:6:pfe_rtable_do_timeouts	64	static
