pfe_hif_ring.c:194:41:inc_read_index	0	static
pfe_hif_ring.c:1078:35:pfe_hif_ring_invalidate_std	8	static
pfe_hif_ring.c:1325:38:pfe_hif_ring_create_std	48	static
pfe_hif_ring.c:227:37:pfe_hif_ring_get_fill_level	0	static
pfe_hif_ring.c:271:35:pfe_hif_ring_get_base_pa	0	static
pfe_hif_ring.c:294:35:pfe_hif_ring_get_wb_tbl_pa	0	static
pfe_hif_ring.c:318:38:pfe_hif_ring_get_wb_tbl_len	0	static
pfe_hif_ring.c:341:28:pfe_hif_ring_invalidate_direct	0	static
pfe_hif_ring.c:357:28:pfe_hif_ring_revalidate_direct	0	static
pfe_hif_ring.c:372:31:pfe_hif_ring_force_index	0	static
pfe_hif_ring.c:406:31:pfe_hif_ring_find_wb_entry	20	static
pfe_hif_ring.c:459:35:pfe_hif_ring_is_on_head	0	static
pfe_hif_ring.c:482:37:pfe_hif_ring_get_len	0	static
pfe_hif_ring.c:515:30:pfe_hif_ring_enqueue_buf	32	static
pfe_hif_ring.c:677:30:pfe_hif_ring_dequeue_buf	24	static
pfe_hif_ring.c:817:30:pfe_hif_ring_dequeue_plain	16	static
pfe_hif_ring.c:944:31:pfe_hif_ring_drain_buf	16	static
pfe_hif_ring.c:1027:28:pfe_hif_ring_invalidate	0	static
pfe_hif_ring.c:1108:28:pfe_hif_ring_dump	0	static
pfe_hif_ring.c:1191:31:pfe_hif_ring_create_mcal	24	static
pfe_hif_ring.c:1271:31:pfe_hif_ring_create_minihif	4	static
pfe_hif_ring.c:1582:31:pfe_hif_ring_destroy	8	static
