pfe_phy_if.c:134:16:pfe_phy_if_write_to_class_nostats	16	static
pfe_phy_if.c:406:13:pfe_phy_if_update_op_mode_nolock	0	static
pfe_phy_if.c:469:16:pfe_phy_if_disable_nolock	32	static
pfe_phy_if.c:861:6:pfe_phy_if_destroy	24	static
pfe_phy_if.c:780:15:pfe_phy_if_create	256	static
pfe_phy_if.c:887:36:pfe_phy_if_get_class	0	static
pfe_phy_if.c:917:9:pfe_phy_if_add_log_if	56	static
pfe_phy_if.c:1014:8:pfe_phy_if_has_log_if	16	static
pfe_phy_if.c:1040:15:pfe_phy_if_get_default_log_if	0	static
pfe_phy_if.c:1071:9:pfe_phy_if_del_log_if	56	static
pfe_phy_if.c:1148:9:pfe_phy_if_set_block_state	16	static
pfe_phy_if.c:1189:9:pfe_phy_if_get_block_state	0	static
pfe_phy_if.c:1215:21:pfe_phy_if_get_op_mode	0	static
pfe_phy_if.c:1232:9:pfe_phy_if_set_op_mode	208	static
pfe_phy_if.c:1336:13:pfe_phy_if_get_emac	0	static
pfe_phy_if.c:1371:9:pfe_phy_if_bind_hif	0	static
pfe_phy_if.c:1405:17:pfe_phy_if_get_hif	0	static
pfe_phy_if.c:1439:9:pfe_phy_if_bind_util	0	static
pfe_phy_if.c:1475:8:pfe_phy_if_is_enabled	0	static
pfe_phy_if.c:1500:9:pfe_phy_if_enable	40	static
pfe_phy_if.c:1294:9:pfe_phy_if_bind_emac	0	static
pfe_phy_if.c:1567:9:pfe_phy_if_disable	0	static
pfe_phy_if.c:1594:9:pfe_phy_if_set_mgmt_interface	24	static
pfe_phy_if.c:1628:20:pfe_phy_if_get_mgmt_interface	0	static
pfe_phy_if.c:1653:9:pfe_phy_if_set_flag	32	static
pfe_phy_if.c:1678:9:pfe_phy_if_clear_flag	32	static
pfe_phy_if.c:1703:19:pfe_phy_if_get_flag	0	static
pfe_phy_if.c:1728:8:pfe_phy_if_is_promisc	0	static
pfe_phy_if.c:1753:9:pfe_phy_if_loopback_enable	32	static
pfe_phy_if.c:1814:9:pfe_phy_if_loopback_disable	32	static
pfe_phy_if.c:1839:9:pfe_phy_if_promisc_enable	32	static
pfe_phy_if.c:1901:9:pfe_phy_if_promisc_disable	32	static
pfe_phy_if.c:1962:9:pfe_phy_if_loadbalance_enable	40	static
pfe_phy_if.c:2006:9:pfe_phy_if_loadbalance_disable	40	static
pfe_phy_if.c:2050:9:pfe_phy_if_allmulti_enable	24	static
pfe_phy_if.c:2096:9:pfe_phy_if_allmulti_disable	24	static
pfe_phy_if.c:2143:9:pfe_phy_if_get_flow_control	8	static
pfe_phy_if.c:2181:9:pfe_phy_if_set_tx_flow_control	8	static
pfe_phy_if.c:2228:9:pfe_phy_if_set_rx_flow_control	8	static
pfe_phy_if.c:2278:9:pfe_phy_if_add_mac_addr	48	static
pfe_phy_if.c:2353:9:pfe_phy_if_del_mac_addr	48	static
pfe_phy_if.c:2386:15:pfe_phy_if_get_mac_db	0	static
pfe_phy_if.c:2416:9:pfe_phy_if_get_mac_addr_first	8	static
pfe_phy_if.c:2472:9:pfe_phy_if_get_mac_addr_next	0	static
pfe_phy_if.c:2527:9:pfe_phy_if_flush_mac_addrs	56	static
pfe_phy_if.c:2592:9:pfe_phy_if_set_spd	0	static
pfe_phy_if.c:2608:10:pfe_phy_if_get_spd	0	static
pfe_phy_if.c:2622:9:pfe_phy_if_set_ftable	16	static
pfe_phy_if.c:2667:10:pfe_phy_if_get_ftable	0	static
pfe_phy_if.c:2694:9:pfe_phy_if_get_stats	32	static
pfe_phy_if.c:2747:9:pfe_phy_if_set_rx_mirror	24	static
pfe_phy_if.c:2803:9:pfe_phy_if_set_tx_mirror	24	static
pfe_phy_if.c:2858:15:pfe_phy_if_get_tx_mirror	0	static
pfe_phy_if.c:2892:15:pfe_phy_if_get_rx_mirror	0	static
pfe_phy_if.c:2925:42:pfe_phy_if_get_id	0	static
pfe_phy_if.c:2948:41:pfe_phy_if_get_type	0	static
pfe_phy_if.c:2971:37:pfe_phy_if_get_phy	0	static
pfe_phy_if.c:2992:37:pfe_phy_if_get_name	0	static
