pfe_feature_mgr.c:1299:16:pfe_feature_mgr_table_parent_inst	4	static
pfe_feature_mgr.c:1500:16:pfe_feature_mgr_table_cfg_first	32	static
pfe_feature_mgr.c:1428:16:pfe_feature_mgr_table_stats_first	32	static
pfe_feature_mgr.c:1536:16:pfe_feature_mgr_table_cfg_next	32	static
pfe_feature_mgr.c:1464:16:pfe_feature_mgr_table_stats_next	32	static
pfe_feature_mgr.c:1651:16:pfe_feature_mgr_table_cfg_get_size	40	static
pfe_feature_mgr.c:1762:16:pfe_feature_mgr_table_stats_get_size	40	static
pfe_feature_mgr.c:1687:16:pfe_feature_mgr_table_cfg_get_multiplicity	40	static
pfe_feature_mgr.c:1798:16:pfe_feature_mgr_table_stats_get_multiplicity	40	static
pfe_feature_mgr.c:1724:16:pfe_feature_mgr_table_cfg_get_payload	48	static
pfe_feature_mgr.c:1835:16:pfe_feature_mgr_table_stats_get_payload	48	static
pfe_feature_mgr.c:1170:16:pfe_hw_get_feature.constprop	40	static
pfe_feature_mgr.c:126:9:pfe_feature_mgr_init	16	static
pfe_feature_mgr.c:155:9:pfe_feature_mgr_add_modules	0	static
pfe_feature_mgr.c:182:9:pfe_feature_mgr_fini	8	static
pfe_feature_mgr.c:264:8:pfe_feature_mgr_is_available	48	static
pfe_feature_mgr.c:423:9:pfe_feature_mgr_set_val	64	static
pfe_feature_mgr.c:563:9:pfe_feature_mgr_enable	40	static
pfe_feature_mgr.c:690:9:pfe_feature_mgr_disable	40	static
pfe_feature_mgr.c:804:9:pfe_feature_mgr_get_val	56	static
pfe_feature_mgr.c:856:9:pfe_feature_mgr_get_first	24	static
pfe_feature_mgr.c:917:9:pfe_feature_mgr_get_next	40	static
pfe_feature_mgr.c:991:9:pfe_feature_mgr_get_def_val	48	static
pfe_feature_mgr.c:1048:9:pfe_feature_mgr_get_desc	48	static
pfe_feature_mgr.c:1104:9:pfe_feature_mgr_get_variant	56	static
pfe_feature_mgr.c:1364:9:pfe_feature_mgr_table_set_val	40	static
pfe_feature_mgr.c:1572:9:pfe_feature_mgr_table_first	24	static
pfe_feature_mgr.c:1609:9:pfe_feature_mgr_table_next	24	static
pfe_feature_mgr.c:1874:9:pfe_feature_mgr_table_get_size	24	static
pfe_feature_mgr.c:1918:9:pfe_feature_mgr_table_get_multiplicity	24	static
pfe_feature_mgr.c:1962:9:pfe_feature_mgr_table_get_payload	24	static
