pfe_hif_csr.c:184:9:pfe_hif_cfg_isr	32	static
pfe_hif_csr.c:277:6:pfe_hif_cfg_irq_mask	0	static
pfe_hif_csr.c:299:6:pfe_hif_cfg_irq_unmask	0	static
pfe_hif_csr.c:324:9:pfe_hif_chnl_cfg_isr	32	static
pfe_hif_csr.c:560:6:pfe_hif_cfg_fini	0	static
pfe_hif_csr.c:579:10:pfe_hif_cfg_get_tx_fifo_fill_level	24	static
pfe_hif_csr.c:605:6:pfe_hif_chnl_cfg_tx_enable	24	static
pfe_hif_csr.c:666:6:pfe_hif_chnl_cfg_rx_enable	24	static
pfe_hif_csr.c:725:6:pfe_hif_chnl_cfg_rx_dma_start	0	static
pfe_hif_csr.c:741:6:pfe_hif_chnl_cfg_rx_dma_stop	0	static
pfe_hif_csr.c:757:6:pfe_hif_chnl_cfg_tx_dma_start	0	static
pfe_hif_csr.c:773:6:pfe_hif_chnl_cfg_tx_dma_stop	0	static
pfe_hif_csr.c:790:6:pfe_hif_chnl_cfg_irq_mask	0	static
pfe_hif_csr.c:806:6:pfe_hif_chnl_cfg_irq_unmask	0	static
pfe_hif_csr.c:822:6:pfe_hif_chnl_cfg_rx_irq_mask	0	static
pfe_hif_csr.c:698:6:pfe_hif_chnl_cfg_rx_disable	24	static
pfe_hif_csr.c:841:6:pfe_hif_chnl_cfg_rx_irq_unmask	0	static
pfe_hif_csr.c:860:6:pfe_hif_chnl_cfg_tx_irq_mask	0	static
pfe_hif_csr.c:637:6:pfe_hif_chnl_cfg_tx_disable	24	static
pfe_hif_csr.c:456:6:pfe_hif_chnl_cfg_fini	40	static
pfe_hif_csr.c:879:6:pfe_hif_chnl_cfg_tx_irq_unmask	0	static
pfe_hif_csr.c:892:10:pfe_hif_chnl_cfg_get_rx_bd_ring_addr	0	static
pfe_hif_csr.c:898:10:pfe_hif_chnl_cfg_get_rx_wb_table_addr	0	static
pfe_hif_csr.c:904:10:pfe_hif_chnl_cfg_get_rx_wb_table_len	0	static
pfe_hif_csr.c:910:10:pfe_hif_chnl_cfg_get_tx_bd_ring_addr	0	static
pfe_hif_csr.c:916:10:pfe_hif_chnl_cfg_get_tx_wb_table_addr	0	static
pfe_hif_csr.c:922:10:pfe_hif_chnl_cfg_get_tx_wb_table_len	0	static
pfe_hif_csr.c:934:6:pfe_hif_chnl_cfg_set_rx_bd_ring_addr	24	static
pfe_hif_csr.c:955:6:pfe_hif_chnl_cfg_set_rx_wb_table	24	static
pfe_hif_csr.c:980:6:pfe_hif_chnl_cfg_set_tx_bd_ring_addr	24	static
pfe_hif_csr.c:1001:6:pfe_hif_chnl_cfg_set_tx_wb_table	24	static
pfe_hif_csr.c:483:9:pfe_hif_cfg_init	16	static
pfe_hif_csr.c:1026:8:pfe_hif_chnl_cfg_is_rx_dma_active	0	static
pfe_hif_csr.c:1053:8:pfe_hif_chnl_cfg_is_tx_dma_active	0	static
pfe_hif_csr.c:1081:8:pfe_hif_chnl_cfg_is_rx_bdp_fifo_empty	0	static
pfe_hif_csr.c:1094:8:pfe_hif_chnl_cfg_is_tx_bdp_fifo_empty	0	static
pfe_hif_csr.c:1107:9:pfe_hif_chnl_cfg_get_rx_irq_coalesce	8	static
pfe_hif_csr.c:1152:9:pfe_hif_chnl_cfg_set_rx_irq_coalesce	0	static
pfe_hif_csr.c:420:9:pfe_hif_chnl_cfg_init	24	static
pfe_hif_csr.c:1193:10:pfe_hif_chnl_cfg_get_tx_cnt	0	static
pfe_hif_csr.c:1205:10:pfe_hif_chnl_cfg_get_rx_cnt	0	static
pfe_hif_csr.c:1219:6:pfe_hif_chnl_cfg_set_master_up	0	static
pfe_hif_csr.c:1238:8:pfe_hif_chnl_cfg_get_master_up	0	static
pfe_hif_csr.c:1252:6:pfe_hif_chnl_cfg_set_hif_occupied	8	static
pfe_hif_csr.c:1269:8:pfe_hif_chnl_cfg_get_hif_occupied	0	static
pfe_hif_csr.c:1285:9:pfe_hif_chnl_cfg_set_emac_timer_ownership	8	static
pfe_hif_csr.c:1332:8:pfe_hif_chnl_cfg_get_emac_timer_ownership	0	static
pfe_hif_csr.c:1369:10:pfe_hif_chnl_cfg_get_rx_bdp_rd_fifo_cnt	0	static
pfe_hif_csr.c:1548:6:pfe_hif_cfg_stop_all_chnl_dma	16	static
