pfe_bmu.c:75:31:pfe_bmu_isr	0	static
pfe_bmu.c:99:6:pfe_bmu_irq_mask	0	static
pfe_bmu.c:108:6:pfe_bmu_irq_unmask	0	static
pfe_bmu.c:175:28:pfe_bmu_reset	0	static
pfe_bmu.c:123:34:pfe_bmu_create	48	static
pfe_bmu.c:209:28:pfe_bmu_enable	0	static
pfe_bmu.c:227:28:pfe_bmu_disable	0	static
pfe_bmu.c:247:28:pfe_bmu_alloc_buf	0	static
pfe_bmu.c:272:34:pfe_bmu_get_va	0	static
pfe_bmu.c:301:34:pfe_bmu_get_pa	0	static
pfe_bmu.c:329:38:pfe_bmu_get_buf_size	0	static
pfe_bmu.c:352:27:pfe_bmu_free_buf	0	static
pfe_bmu.c:371:28:pfe_bmu_destroy	8	static
pfe_bmu.c:418:10:pfe_bmu_get_stat_value	0	static
pfe_bmu.c:444:9:pfe_bmu_get_special_stats	8	static
