pfe_log_if.c:400:16:pfe_log_if_write_to_class_nostats	16	static
oal_mutex_autosar.h:506:20:oal_mutex_lock.part.0	0	static
oal_mutex_autosar.h:519:20:oal_mutex_unlock.part.0	0	static
pfe_log_if.c:454:10:pfe_log_if_get_phy_if_binding_list_entry	0	static
pfe_log_if.c:479:15:pfe_log_if_from_phy_if_binding_list_entry	0	static
pfe_log_if.c:501:9:pfe_log_ifs_init	8	static
pfe_log_if.c:524:6:pfe_log_ifs_deinit	8	static
pfe_log_if.c:597:15:pfe_log_if_create	64	static
pfe_log_if.c:649:31:pfe_log_if_get_id	0	static
pfe_log_if.c:673:37:pfe_log_if_get_parent	0	static
pfe_log_if.c:705:9:pfe_log_if_set_next_dmem_ptr	24	static
pfe_log_if.c:738:9:pfe_log_if_get_next_dmem_ptr	0	static
pfe_log_if.c:765:9:pfe_log_if_get_dmem_base	0	static
pfe_log_if.c:789:6:pfe_log_if_destroy	40	static
pfe_log_if.c:826:8:pfe_log_if_is_match_or	0	static
pfe_log_if.c:853:9:pfe_log_if_set_match_or	16	static
pfe_log_if.c:890:9:pfe_log_if_set_match_and	16	static
pfe_log_if.c:932:9:pfe_log_if_set_match_rules	16	static
pfe_log_if.c:1031:9:pfe_log_if_add_match_rule	24	static
pfe_log_if.c:1091:9:pfe_log_if_del_match_rule	16	static
pfe_log_if.c:1130:9:pfe_log_if_get_match_rules	8	static
pfe_log_if.c:1162:9:pfe_log_if_get_egress_ifs	0	static
pfe_log_if.c:1189:9:pfe_log_if_set_egress_ifs	16	static
pfe_log_if.c:1233:9:pfe_log_if_add_egress_if	32	static
pfe_log_if.c:1280:9:pfe_log_if_del_egress_if	32	static
pfe_log_if.c:1326:9:pfe_log_if_enable	16	static
pfe_log_if.c:1368:9:pfe_log_if_disable	16	static
pfe_log_if.c:1408:30:pfe_log_if_is_enabled	0	static
pfe_log_if.c:1436:9:pfe_log_if_promisc_enable	16	static
pfe_log_if.c:1474:9:pfe_log_if_promisc_disable	16	static
pfe_log_if.c:1511:30:pfe_log_if_is_promisc	0	static
pfe_log_if.c:1538:9:pfe_log_if_discard_enable	16	static
pfe_log_if.c:1578:9:pfe_log_if_discard_disable	16	static
pfe_log_if.c:1615:30:pfe_log_if_is_discard	0	static
pfe_log_if.c:1639:37:pfe_log_if_get_name	0	static
pfe_log_if.c:1663:9:pfe_log_if_get_stats	32	static
