pfe_tmu.c:516:9:pfe_tmu_check_scheduler.constprop	8	static
pfe_tmu.c:408:6:pfe_tmu_reset	0	static
pfe_tmu.c:427:6:pfe_tmu_enable	0	static
pfe_tmu.c:446:6:pfe_tmu_disable	0	static
pfe_tmu.c:368:12:pfe_tmu_create	40	static
pfe_tmu.c:464:6:pfe_tmu_destroy	0	static
pfe_tmu.c:479:9:pfe_tmu_check_queue	8	static
pfe_tmu.c:516:9:pfe_tmu_check_scheduler	8	static
pfe_tmu.c:553:9:pfe_tmu_check_shaper	8	static
pfe_tmu.c:591:9:pfe_tmu_queue_get_fill_level	24	static
pfe_tmu.c:625:9:pfe_tmu_queue_get_drop_count	24	static
pfe_tmu.c:659:9:pfe_tmu_queue_get_tx_count	24	static
pfe_tmu.c:744:22:pfe_tmu_queue_get_mode	32	static
pfe_tmu.c:868:9:pfe_tmu_queue_get_wred_zones	16	static
pfe_tmu.c:779:9:pfe_tmu_queue_set_wred_prob	24	static
pfe_tmu.c:827:9:pfe_tmu_queue_get_wred_prob	24	static
pfe_tmu.c:894:9:pfe_tmu_queue_reset_tail_drop_policy	0	static
pfe_tmu.c:995:9:pfe_tmu_queue_get_cnt	32	static
pfe_tmu.c:129:16:get_sum_of_queue_lengths	80	static
pfe_tmu.c:695:9:pfe_tmu_queue_set_mode	256	static
pfe_tmu.c:919:9:pfe_tmu_queue_err051211_sync	96	static
pfe_tmu.c:1026:9:pfe_tmu_shp_set_limits	32	static
pfe_tmu.c:1063:9:pfe_tmu_shp_get_limits	32	static
pfe_tmu.c:1098:9:pfe_tmu_shp_set_position	24	static
pfe_tmu.c:1133:9:pfe_tmu_shp_get_position	16	static
pfe_tmu.c:1165:9:pfe_tmu_shp_enable	16	static
pfe_tmu.c:1199:9:pfe_tmu_shp_set_rate_mode	24	static
pfe_tmu.c:1232:21:pfe_tmu_shp_get_rate_mode	16	static
pfe_tmu.c:1266:9:pfe_tmu_shp_set_idle_slope	24	static
pfe_tmu.c:1299:10:pfe_tmu_shp_get_idle_slope	16	static
pfe_tmu.c:1331:9:pfe_tmu_shp_disable	24	static
pfe_tmu.c:1366:9:pfe_tmu_sch_set_rate_mode	24	static
pfe_tmu.c:1400:21:pfe_tmu_sch_get_rate_mode	24	static
pfe_tmu.c:1434:9:pfe_tmu_sch_set_algo	24	static
pfe_tmu.c:1468:22:pfe_tmu_sch_get_algo	24	static
pfe_tmu.c:1502:9:pfe_tmu_sch_get_input_cnt	16	static
pfe_tmu.c:1528:9:pfe_tmu_sch_set_input_weight	24	static
pfe_tmu.c:1564:10:pfe_tmu_sch_get_input_weight	24	static
pfe_tmu.c:1600:9:pfe_tmu_sch_bind_sch_output	32	static
pfe_tmu.c:1636:9:pfe_tmu_sch_get_bound_sch_output	24	static
pfe_tmu.c:1671:9:pfe_tmu_sch_bind_queue	32	static
pfe_tmu.c:1708:9:pfe_tmu_sch_get_bound_queue	24	static
pfe_tmu.c:1774:10:pfe_tmu_get_stat_value	0	static
pfe_tmu.c:1801:9:pfe_tmu_get_special_stats	8	static
pfe_tmu.c:1830:9:pfe_tmu_get_queue_stats	8	static
