pfe_emac.c:124:16:pfe_emac_mac_slot_idx	32	static
oal_mutex_autosar.h:506:20:oal_mutex_lock.part.0	0	static
oal_mutex_autosar.h:519:20:oal_mutex_unlock.part.0	0	static
pfe_emac.c:1062:16:pfe_emac_del_addr_nolock	40	static
pfe_emac.c:271:9:pfe_emac_get_index	0	static
pfe_emac.c:288:9:pfe_emac_bind_gpi	0	static
pfe_emac.c:308:12:pfe_emac_get_gpi	0	static
pfe_emac.c:318:6:pfe_emac_enable	0	static
pfe_emac.c:337:6:pfe_emac_disable	0	static
pfe_emac.c:430:9:pfe_emac_get_ts_freq_adjustment	0	static
pfe_emac.c:455:9:pfe_emac_get_ts_time	16	static
pfe_emac.c:572:6:pfe_emac_enable_loopback	0	static
pfe_emac.c:590:6:pfe_emac_disable_loopback	0	static
pfe_emac.c:608:6:pfe_emac_enable_promisc_mode	0	static
pfe_emac.c:626:6:pfe_emac_disable_promisc_mode	0	static
pfe_emac.c:644:6:pfe_emac_enable_allmulti_mode	0	static
pfe_emac.c:662:6:pfe_emac_disable_allmulti_mode	0	static
pfe_emac.c:680:6:pfe_emac_enable_broadcast	0	static
pfe_emac.c:698:6:pfe_emac_disable_broadcast	0	static
pfe_emac.c:200:13:pfe_emac_create	64	static
pfe_emac.c:712:6:pfe_emac_get_flow_control	16	static
pfe_emac.c:733:6:pfe_emac_enable_tx_flow_control	0	static
pfe_emac.c:752:6:pfe_emac_disable_tx_flow_control	0	static
pfe_emac.c:771:6:pfe_emac_enable_rx_flow_control	0	static
pfe_emac.c:790:6:pfe_emac_disable_rx_flow_control	0	static
pfe_emac.c:811:9:pfe_emac_set_max_frame_length	24	static
pfe_emac.c:838:21:pfe_emac_get_mii_mode	0	static
pfe_emac.c:862:9:pfe_emac_get_link_config	0	static
pfe_emac.c:889:9:pfe_emac_get_link_status	0	static
pfe_emac.c:914:9:pfe_emac_set_link_speed	0	static
pfe_emac.c:940:9:pfe_emac_set_link_duplex	0	static
pfe_emac.c:969:9:pfe_emac_flush_mac_addrs	48	static
pfe_emac.c:1029:9:pfe_emac_del_addr	16	static
pfe_emac.c:1124:9:pfe_emac_add_addr	40	static
pfe_emac.c:1199:6:pfe_emac_destroy	24	static
pfe_emac.c:1239:9:pfe_emac_mdio_lock	16	static
pfe_emac.c:1281:9:pfe_emac_mdio_unlock	0	static
pfe_emac.c:1324:9:pfe_emac_mdio_read22	8	static
pfe_emac.c:1368:9:pfe_emac_mdio_write22	8	static
pfe_emac.c:1412:9:pfe_emac_mdio_read45	12	static
pfe_emac.c:1457:9:pfe_emac_mdio_write45	12	static
pfe_emac.c:1497:10:pfe_emac_get_rx_cnt	0	static
pfe_emac.c:1519:10:pfe_emac_get_tx_cnt	0	static
pfe_emac.c:1573:10:pfe_emac_get_stat_value	0	static
pfe_emac.c:1594:9:pfe_emac_isr	0	static
pfe_emac.c:1617:6:pfe_emac_irq_mask	0	static
pfe_emac.c:1626:6:pfe_emac_irq_unmask	0	static
pfe_emac.c:1686:9:pfe_emac_check_timer_ownership	40	static
pfe_emac.c:1637:9:pfe_emac_set_timer_ownership	40	static
pfe_emac.c:1739:9:pfe_emac_clear_timer_ownership	32	static
pfe_emac.c:1783:9:pfe_emac_local_is_timer_owner	32	static
pfe_emac.c:362:9:pfe_emac_enable_ts	48	static
pfe_emac.c:399:9:pfe_emac_set_ts_freq_adjustment	32	static
pfe_emac.c:494:9:pfe_emac_adjust_ts_time	32	static
pfe_emac.c:536:9:pfe_emac_set_ts_time	32	static
pfe_emac.c:1856:9:pfe_emac_pps0_configure	48	static
