pfe_mirror.c:157:22:pfe_mirror_db_get_by_crit	48	static
pfe_mirror.c:101:9:pfe_mirror_init	16	static
pfe_mirror.c:135:6:pfe_mirror_deinit	24	static
pfe_mirror.c:215:15:pfe_mirror_get_first	8	static
pfe_mirror.c:245:15:pfe_mirror_get_next	8	static
pfe_mirror.c:301:15:pfe_mirror_create	40	static
pfe_mirror.c:355:9:pfe_mirror_destroy	16	static
pfe_mirror.c:392:6:pfe_mirror_put	0	static
pfe_mirror.c:405:6:pfe_mirror_put_by_address	8	static
pfe_mirror.c:419:10:pfe_mirror_get_address	0	static
pfe_mirror.c:442:13:pfe_mirror_get_name	0	static
pfe_mirror.c:467:9:pfe_mirror_set_egress_port	16	static
pfe_mirror.c:493:20:pfe_mirror_get_egress_port	0	static
pfe_mirror.c:519:9:pfe_mirror_set_filter	16	static
pfe_mirror.c:545:10:pfe_mirror_get_filter	0	static
pfe_mirror.c:572:9:pfe_mirror_set_actions	16	static
pfe_mirror.c:603:9:pfe_mirror_get_actions	8	static
