fifo.h:95:22:fifo_get	0	static
pfe_hif_drv.c:634:13:release_rx_buffer_with_check	24	static
pfe_hif_drv.c:435:13:pfe_hif_drv_destroy_data_channel	8	static
pfe_hif_drv.c:2081:13:pfe_hif_drv_init_err_handler	24	static
pfe_hif_drv.c:327:13:pfe_hif_drv_chnl_tx_isr	24	static
pfe_hif_drv.c:342:6:pfe_hif_drv_tx_job	48	static
pfe_hif_drv.c:302:6:pfe_hif_drv_rx_job	88	static
pfe_hif_drv.c:294:6:pfe_hif_drv_client_rx_done	0	static
pfe_hif_drv.c:375:6:pfe_hif_drv_client_tx_done	0	static
pfe_hif_drv.c:386:6:pfe_hif_drv_client_ptp_ts_db_tick_iteration	0	static
pfe_hif_drv.c:1287:16:pfe_hif_drv_client_get_drv	0	static
pfe_hif_drv.c:1309:7:pfe_hif_drv_client_get_priv	0	static
pfe_hif_drv.c:1393:17:pfe_hif_drv_client_receive_pkt	0	static
pfe_hif_drv.c:1422:8:pfe_hif_drv_client_has_rx_pkt	32	static
pfe_hif_drv.c:1460:6:pfe_hif_pkt_free	0	static
pfe_hif_drv.c:1484:8:pfe_hif_drv_client_receive_tx_conf	0	static
pfe_hif_drv.c:1679:9:pfe_hif_drv_client_set_inject_if	0	static
pfe_hif_drv.c:1703:9:pfe_hif_drv_init_tx_header	16	static
pfe_hif_drv.c:1880:9:pfe_hif_drv_client_xmit_sg_pkt	64	static
pfe_hif_drv.c:2001:9:pfe_hif_drv_client_xmit_pkt	216	static
pfe_hif_drv.c:2029:9:pfe_hif_drv_client_get_ts	12	static
pfe_hif_drv.c:2051:16:pfe_hif_drv_create	40	static
pfe_hif_drv.c:2159:9:pfe_hif_drv_init	40	static
pfe_hif_drv.c:2219:9:pfe_hif_drv_start	24	static
pfe_hif_drv.c:2442:6:pfe_hif_drv_stop	32	static
pfe_hif_drv.c:1335:6:pfe_hif_drv_client_unregister	56	static
pfe_hif_drv.c:1206:31:pfe_hif_drv_client_register_ll	40	static
pfe_hif_drv.c:997:5:pfe_hif_drv_ihc_client_register	80	static
pfe_hif_drv.c:1069:24:pfe_hif_drv_aux_client_register	56	static
pfe_hif_drv.c:1120:5:pfe_hif_drv_client_register	56	static
pfe_hif_drv.c:2471:6:pfe_hif_drv_exit	48	static
pfe_hif_drv.c:2523:6:pfe_hif_drv_destroy	8	static
pfe_hif_drv.c:2537:17:pfe_hif_drv_get_chnl	0	static
pfe_hif_drv.c:2629:6:pfe_hif_drv_show_ring_status	24	static
