pfe_tmu_csr.c:488:16:pfe_tmu_cntx_mem_write	16	static
pfe_tmu_csr.c:636:16:pfe_tmu_context_memory	24	static
pfe_tmu_csr.c:547:16:pfe_tmu_cntx_mem_read	24	static
pfe_tmu_csr.c:608:16:pfe_tmu_hif_q_to_tmu_q	12	static
pfe_tmu_csr.c:911:9:pfe_tmu_q_mode_set_tail_drop.part.0	24	static
pfe_tmu_csr.c:115:26:pfe_tmu_cfg_get_phy_config	0	static
pfe_tmu_csr.c:440:6:pfe_tmu_cfg_reset	32	static
pfe_tmu_csr.c:464:6:pfe_tmu_cfg_enable	0	static
pfe_tmu_csr.c:474:6:pfe_tmu_cfg_disable	0	static
pfe_tmu_csr.c:677:9:pfe_tmu_q_cfg_get_fill_level	32	static
pfe_tmu_csr.c:737:9:pfe_tmu_q_cfg_get_drop_count	32	static
pfe_tmu_csr.c:775:9:pfe_tmu_q_cfg_get_tx_count	32	static
pfe_tmu_csr.c:808:22:pfe_tmu_q_get_mode	32	static
pfe_tmu_csr.c:873:9:pfe_tmu_q_mode_set_default	16	static
pfe_tmu_csr.c:141:6:pfe_tmu_reclaim_init	40	static
pfe_tmu_csr.c:911:9:pfe_tmu_q_mode_set_tail_drop	0	static
pfe_tmu_csr.c:210:9:pfe_tmu_q_reset_tail_drop_policy	64	static
pfe_tmu_csr.c:974:9:pfe_tmu_q_mode_set_wred	40	static
pfe_tmu_csr.c:1012:9:pfe_tmu_q_set_wred_probability	48	static
pfe_tmu_csr.c:1073:9:pfe_tmu_q_get_wred_probability	40	static
pfe_tmu_csr.c:1130:9:pfe_tmu_q_get_wred_zones	0	static
pfe_tmu_csr.c:1149:9:pfe_tmu_shp_cfg_set_limits	32	static
pfe_tmu_csr.c:1187:9:pfe_tmu_shp_cfg_get_limits	0	static
pfe_tmu_csr.c:1210:9:pfe_tmu_shp_cfg_set_position	24	static
pfe_tmu_csr.c:1242:9:pfe_tmu_shp_cfg_get_position	0	static
pfe_tmu_csr.c:1256:9:pfe_tmu_shp_cfg_enable	0	static
pfe_tmu_csr.c:1278:9:pfe_tmu_shp_cfg_set_rate_mode	0	static
pfe_tmu_csr.c:1314:21:pfe_tmu_shp_cfg_get_rate_mode	0	static
pfe_tmu_csr.c:1352:9:pfe_tmu_shp_cfg_set_idle_slope	24	static
pfe_tmu_csr.c:1420:10:pfe_tmu_shp_cfg_get_idle_slope	24	static
pfe_tmu_csr.c:1466:6:pfe_tmu_shp_cfg_disable	0	static
pfe_tmu_csr.c:1484:6:pfe_tmu_shp_cfg_init	8	static
pfe_tmu_csr.c:1509:6:pfe_tmu_sch_cfg_init	0	static
pfe_tmu_csr.c:1532:9:pfe_tmu_sch_cfg_set_rate_mode	0	static
pfe_tmu_csr.c:1569:21:pfe_tmu_sch_cfg_get_rate_mode	0	static
pfe_tmu_csr.c:1602:9:pfe_tmu_sch_cfg_set_algo	32	static
pfe_tmu_csr.c:1657:22:pfe_tmu_sch_cfg_get_algo	0	static
pfe_tmu_csr.c:1713:9:pfe_tmu_sch_cfg_set_input_weight	24	static
pfe_tmu_csr.c:1743:10:pfe_tmu_sch_cfg_get_input_weight	24	static
pfe_tmu_csr.c:1773:9:pfe_tmu_sch_cfg_bind_queue	32	static
pfe_tmu_csr.c:355:9:pfe_tmu_cfg_init	40	static
pfe_tmu_csr.c:1813:9:pfe_tmu_sch_cfg_get_bound_queue	24	static
pfe_tmu_csr.c:1849:9:pfe_tmu_sch_cfg_bind_sched_output	40	static
pfe_tmu_csr.c:1888:9:pfe_tmu_sch_cfg_get_bound_sched_output	0	static
pfe_tmu_csr.c:2057:10:pfe_tmu_cfg_get_stat_value	0	static
pfe_tmu_csr.c:2081:6:pfe_tmu_cfg_get_special_stats	0	static
pfe_tmu_csr.c:2098:9:pfe_tmu_cfg_get_queue_stats	56	static
