pfe_emac_csr.c:1849:13:pfe_emac_cfg_report_hm_event	88	static
pfe_emac_csr.c:491:16:reg_wait_for_clear.constprop	16	static
pfe_emac_csr.c:220:6:pfe_emac_cfg_pre_init	0	static
pfe_emac_csr.c:383:9:pfe_emac_cfg_enable_ts	40	static
pfe_emac_csr.c:460:6:pfe_emac_cfg_disable_ts	0	static
pfe_emac_csr.c:569:9:pfe_emac_cfg_get_index	0	static
pfe_emac_csr.c:610:9:pfe_emac_cfg_adjust_ts_freq	64	static
pfe_emac_csr.c:686:6:pfe_emac_cfg_get_ts_time	16	static
pfe_emac_csr.c:707:9:pfe_emac_cfg_set_ts_time	8	static
pfe_emac_csr.c:745:9:pfe_emac_cfg_adjust_ts_time	12	static
pfe_emac_csr.c:995:9:pfe_emac_cfg_get_link_config	0	static
pfe_emac_csr.c:1031:10:pfe_emac_cfg_get_stat_value	0	static
pfe_emac_csr.c:1050:6:pfe_emac_cfg_tx_disable	0	static
pfe_emac_csr.c:1061:9:pfe_emac_cfg_set_duplex	0	static
pfe_emac_csr.c:1098:9:pfe_emac_cfg_set_mii_mode	0	static
pfe_emac_csr.c:1115:9:pfe_emac_cfg_set_speed	0	static
pfe_emac_csr.c:233:9:pfe_emac_cfg_init	32	static
pfe_emac_csr.c:1174:9:pfe_emac_cfg_get_link_status	8	static
pfe_emac_csr.c:1211:9:pfe_emac_cfg_set_max_frame_length	20	static
pfe_emac_csr.c:1289:6:pfe_emac_cfg_write_addr_slot	16	static
pfe_emac_csr.c:1313:6:pfe_emac_cfg_read_addr_slot	0	static
pfe_emac_csr.c:1342:10:pfe_emac_cfg_get_hash	12	static
pfe_emac_csr.c:1355:6:pfe_emac_cfg_set_hash_group	16	static
pfe_emac_csr.c:1404:6:pfe_emac_cfg_clear_hash_table	0	static
pfe_emac_csr.c:1417:6:pfe_emac_cfg_set_loopback	0	static
pfe_emac_csr.c:1431:6:pfe_emac_cfg_set_promisc_mode	0	static
pfe_emac_csr.c:1445:6:pfe_emac_cfg_set_allmulti_mode	0	static
pfe_emac_csr.c:1459:6:pfe_emac_cfg_set_broadcast	0	static
pfe_emac_csr.c:1473:6:pfe_emac_cfg_set_enable	0	static
pfe_emac_csr.c:1484:6:pfe_emac_cfg_get_tx_flow_control	0	static
pfe_emac_csr.c:1492:6:pfe_emac_cfg_get_rx_flow_control	0	static
pfe_emac_csr.c:1505:6:pfe_emac_cfg_set_tx_flow_control	40	static
pfe_emac_csr.c:1538:6:pfe_emac_cfg_set_rx_flow_control	0	static
pfe_emac_csr.c:1556:9:pfe_emac_cfg_mdio_read22	24	static
pfe_emac_csr.c:1608:9:pfe_emac_cfg_mdio_read45	16	static
pfe_emac_csr.c:1660:9:pfe_emac_cfg_mdio_write22	16	static
pfe_emac_csr.c:1704:9:pfe_emac_cfg_mdio_write45	16	static
pfe_emac_csr.c:1747:6:pfe_emac_cfg_pps0_configure	8	static
pfe_emac_csr.c:1780:6:pfe_emac_cfg_pps_cmd	0	static
pfe_emac_csr.c:1796:6:pfe_emac_cfg_pps0_set_target_time	0	static
pfe_emac_csr.c:1807:6:pfe_emac_cfg_pps0_set_period	0	static
pfe_emac_csr.c:1817:6:pfe_emac_cfg_pps0_set_pulse_width	0	static
pfe_emac_csr.c:1827:10:pfe_emac_cfg_get_tx_cnt	0	static
pfe_emac_csr.c:1837:10:pfe_emac_cfg_get_rx_cnt	0	static
pfe_emac_csr.c:1933:9:pfe_emac_cfg_isr	24	static
