oal_mutex_autosar.h:506:20:oal_mutex_lock.part.0	0	static
oal_mutex_autosar.h:519:20:oal_mutex_unlock.part.0	0	static
pfe_if_db.c:216:15:pfe_if_db_match_criterion.isra.0	32	static
pfe_if_db.c:301:27:pfe_if_db_get_single_entry	40	static
pfe_if_db.c:364:15:pfe_if_db_create	40	static
pfe_if_db.c:417:6:pfe_if_db_destroy	8	static
pfe_if_db.c:453:37:pfe_if_db_entry_get_phy_if	0	static
pfe_if_db.c:473:37:pfe_if_db_entry_get_log_if	0	static
pfe_if_db.c:588:9:pfe_if_db_remove	16	static
pfe_if_db.c:667:9:pfe_if_db_get_first	32	static
pfe_if_db.c:499:9:pfe_if_db_add	40	static
pfe_if_db.c:757:9:pfe_if_db_get_single	40	static
pfe_if_db.c:841:9:pfe_if_db_get_next	16	static
pfe_if_db.c:875:9:pfe_log_if_db_drop_all	16	static
pfe_if_db.c:927:9:pfe_if_db_lock	16	static
pfe_if_db.c:973:9:pfe_if_db_lock_owned	16	static
pfe_if_db.c:995:9:pfe_if_db_unlock	8	static
