oal_mutex_autosar.h:506:20:oal_mutex_lock.part.0	0	static
oal_mutex_autosar.h:519:20:oal_mutex_unlock.part.0	0	static
pfe_hif_chnl.c:454:30:pfe_hif_chnl_isr	24	static
pfe_hif_chnl.c:518:6:pfe_hif_chnl_irq_mask	8	static
pfe_hif_chnl.c:541:6:pfe_hif_chnl_irq_unmask	8	static
pfe_hif_chnl.c:790:38:pfe_hif_chnl_get_id	0	static
pfe_hif_chnl.c:815:31:pfe_hif_chnl_tx_enable	24	static
pfe_hif_chnl.c:865:28:pfe_hif_chnl_tx_disable	8	static
pfe_hif_chnl.c:902:31:pfe_hif_chnl_rx_enable	24	static
pfe_hif_chnl.c:951:28:pfe_hif_chnl_rx_disable	8	static
pfe_hif_chnl.c:1002:27:pfe_hif_chnl_rx_dma_start	0	static
pfe_hif_chnl.c:2184:35:pfe_hif_chnl_bdp_fetch_bd	8	static
pfe_hif_chnl.c:1034:27:pfe_hif_chnl_tx_dma_start	0	static
pfe_hif_chnl.c:1068:9:pfe_hif_chnl_set_event_cbk	0	static
pfe_hif_chnl.c:1114:27:pfe_hif_chnl_rx_irq_mask	8	static
pfe_hif_chnl.c:1147:27:pfe_hif_chnl_rx_irq_unmask	8	static
pfe_hif_chnl.c:1179:27:pfe_hif_chnl_tx_irq_mask	8	static
pfe_hif_chnl.c:1212:27:pfe_hif_chnl_tx_irq_unmask	8	static
pfe_hif_chnl.c:1249:35:pfe_hif_chnl_has_tx_conf	8	static
pfe_hif_chnl.c:1272:35:pfe_hif_chnl_can_accept_rx_buf	16	static
pfe_hif_chnl.c:1305:35:pfe_hif_chnl_can_accept_tx_num	16	static
pfe_hif_chnl.c:1336:35:pfe_hif_chnl_tx_fifo_empty	8	static
pfe_hif_chnl.c:1358:38:pfe_hif_chnl_get_rx_fifo_depth	0	static
pfe_hif_chnl.c:1381:38:pfe_hif_chnl_get_tx_fifo_depth	0	static
pfe_hif_chnl.c:1415:30:pfe_hif_chnl_tx	24	static
pfe_hif_chnl.c:2784:38:pfe_hif_chnl_send_dummy_frame.constprop	24	static
pfe_hif_chnl.c:1457:30:pfe_hif_chnl_get_tx_conf	16	static
pfe_hif_chnl.c:1622:30:pfe_hif_chnl_rx_va	64	static
pfe_hif_chnl.c:1737:32:pfe_hif_chnl_get_meta_size	0	static
pfe_hif_chnl.c:1778:30:pfe_hif_chnl_release_buf	32	static
pfe_hif_chnl.c:1850:30:pfe_hif_chnl_supply_rx_buf	16	static
pfe_hif_chnl.c:1894:31:pfe_hif_chnl_bind_rx_ring	40	static
pfe_hif_chnl.c:1958:31:pfe_hif_chnl_bind_tx_ring	40	static
pfe_hif_chnl.c:2024:9:pfe_hif_chnl_inspect_hw_state	48	static
pfe_hif_chnl.c:2648:31:pfe_hif_chnl_init	56	static
pfe_hif_chnl.c:615:38:pfe_hif_chnl_create_cfg	32	static
pfe_hif_chnl.c:726:31:pfe_hif_chnl_create_mcal	32	static
pfe_hif_chnl.c:775:31:pfe_hif_chnl_create_minihif	4	static
pfe_hif_chnl.c:2711:29:pfe_hif_chnl_is_rx_dma_active	0	static
pfe_hif_chnl.c:2747:29:pfe_hif_chnl_is_tx_dma_active	0	static
pfe_hif_chnl.c:2956:28:pfe_hif_chnl_destroy_chnl	8	static
pfe_hif_chnl.c:3118:28:pfe_hif_chnl_destroy	16	static
pfe_hif_chnl.c:3164:28:pfe_hif_chnl_dump_ring	16	static
pfe_hif_chnl.c:3242:10:pfe_hif_chnl_get_tx_cnt	0	static
pfe_hif_chnl.c:3276:10:pfe_hif_chnl_get_rx_cnt	0	static
pfe_hif_chnl.c:3400:6:pfe_hif_chnl_set_lmem_hdr_size	0	static
pfe_hif_chnl.c:3423:10:pfe_hif_chnl_get_lmem_hdr_size	0	static
pfe_hif_chnl.c:3453:9:pfe_hif_chnl_set_emac_timer_ownership	4	static
pfe_hif_chnl.c:3478:8:pfe_hif_chnl_get_emac_timer_ownership	0	static
