pfe_mac_db.h:150:22:pfe_emac_is_broad	0	static
pfe_mac_db.c:166:33:pfe_mac_db_find_by_addr	24	static
pfe_mac_db.c:53:22:pfe_mac_db_check_crit_by_type	8	static
pfe_mac_db.c:75:15:pfe_mac_db_criterion_eval	4	static
pfe_mac_db.c:129:9:pfe_mac_db_create	16	static
pfe_mac_db.c:198:9:pfe_mac_db_add_addr	24	static
pfe_mac_db.c:247:9:pfe_mac_db_del_addr	8	static
pfe_mac_db.c:297:9:pfe_mac_db_flush	24	static
pfe_mac_db.c:353:9:pfe_mac_db_get_first_addr	24	static
pfe_mac_db.c:404:9:pfe_mac_db_get_next_addr	16	static
pfe_mac_db.c:458:9:pfe_mac_db_find_by_crit	32	static
