Devassert.h:85:20:DevAssert	8	static
Pit_Ip.c:395:8:Pit_Ip_GetLoadValue	0	static
Pit_Ip.c:1015:6:Pit_Ip_Init	8	static
Pit_Ip.c:1085:6:Pit_Ip_InitChannel	24	static
Pit_Ip.c:1136:6:Pit_Ip_Deinit	24	static
Pit_Ip.c:1265:19:Pit_Ip_StartChannel	16	static
Pit_Ip.c:1333:6:Pit_Ip_StopChannel	16	static
Pit_Ip.c:1362:8:Pit_Ip_GetCurrentTimer	8	static
Pit_Ip.c:1392:6:Pit_Ip_EnableChannelInterrupt	8	static
Pit_Ip.c:1420:6:Pit_Ip_DisableChannelInterrupt	16	static
Pit_Ip.c:1528:6:Pit_Ip_SetLifetimeTimer	16	static
Pit_Ip.c:1567:8:Pit_Ip_GetLifetimeTimer	8	static
Pit_Ip.c:1642:1:PIT_1_ISR	32	static
