Power_Ip_MC_RGM.c:338:13:Power_Ip_MC_RGM_ConfigureResetDomainController	32	static
Power_Ip_MC_RGM.c:255:13:Power_Ip_MC_RGM_ClearFesResetFlags	32	static
Power_Ip_MC_RGM.c:296:13:Power_Ip_MC_RGM_ClearDesResetFlags	32	static
Power_Ip_MC_RGM.c:513:6:Power_Ip_MC_RGM_ResetInit	16	static
Power_Ip_MC_RGM.c:585:6:Power_Ip_MC_RGM_ModeConfig	32	static
Power_Ip_MC_RGM.c:622:6:Power_Ip_MC_RGM_CheckModeConfig	64	static
Power_Ip_MC_RGM.c:659:6:Power_Ip_MC_RGM_EnableResetDomain	8	static
Power_Ip_MC_RGM.c:692:6:Power_Ip_MC_RGM_DisableResetDomain	0	static
Power_Ip_MC_RGM.c:800:20:Power_Ip_MC_RGM_GetResetReason	24	static
Power_Ip_MC_RGM.c:864:23:Power_Ip_MC_RGM_GetResetRawValue	24	static
