SchM_Wdg_43_VR5510.c:310:8:Wdg_43_VR5510_schm_read_msr	0	static
SchM_Wdg_43_VR5510.c:394:6:SchM_Enter_Wdg_43_VR5510_WDG_EXCLUSIVE_AREA_00	8	static
SchM_Wdg_43_VR5510.c:418:6:SchM_Exit_Wdg_43_VR5510_WDG_EXCLUSIVE_AREA_00	8	static
SchM_Wdg_43_VR5510.c:432:6:SchM_Enter_Wdg_43_VR5510_WDG_EXCLUSIVE_AREA_01	8	static
SchM_Wdg_43_VR5510.c:456:6:SchM_Exit_Wdg_43_VR5510_WDG_EXCLUSIVE_AREA_01	8	static
SchM_Wdg_43_VR5510.c:470:6:SchM_Enter_Wdg_43_VR5510_WDG_EXCLUSIVE_AREA_02	8	static
SchM_Wdg_43_VR5510.c:494:6:SchM_Exit_Wdg_43_VR5510_WDG_EXCLUSIVE_AREA_02	8	static
SchM_Wdg_43_VR5510.c:508:6:SchM_Enter_Wdg_43_VR5510_WDG_EXCLUSIVE_AREA_03	8	static
SchM_Wdg_43_VR5510.c:532:6:SchM_Exit_Wdg_43_VR5510_WDG_EXCLUSIVE_AREA_03	8	static
SchM_Wdg_43_VR5510.c:546:6:SchM_Enter_Wdg_43_VR5510_WDG_EXCLUSIVE_AREA_04	8	static
SchM_Wdg_43_VR5510.c:570:6:SchM_Exit_Wdg_43_VR5510_WDG_EXCLUSIVE_AREA_04	8	static
SchM_Wdg_43_VR5510.c:584:6:SchM_Enter_Wdg_43_VR5510_WDG_EXCLUSIVE_AREA_05	8	static
SchM_Wdg_43_VR5510.c:608:6:SchM_Exit_Wdg_43_VR5510_WDG_EXCLUSIVE_AREA_05	8	static
SchM_Wdg_43_VR5510.c:622:6:SchM_Enter_Wdg_43_VR5510_WDG_EXCLUSIVE_AREA_06	8	static
SchM_Wdg_43_VR5510.c:646:6:SchM_Exit_Wdg_43_VR5510_WDG_EXCLUSIVE_AREA_06	8	static
