SchM_Pmic.c:305:8:Pmic_schm_read_msr	0	static
SchM_Pmic.c:389:6:SchM_Enter_Pmic_PMIC_EXCLUSIVE_AREA_00	8	static
SchM_Pmic.c:413:6:SchM_Exit_Pmic_PMIC_EXCLUSIVE_AREA_00	8	static
SchM_Pmic.c:427:6:SchM_Enter_Pmic_PMIC_EXCLUSIVE_AREA_01	8	static
SchM_Pmic.c:451:6:SchM_Exit_Pmic_PMIC_EXCLUSIVE_AREA_01	8	static
SchM_Pmic.c:465:6:SchM_Enter_Pmic_PMIC_EXCLUSIVE_AREA_02	8	static
SchM_Pmic.c:489:6:SchM_Exit_Pmic_PMIC_EXCLUSIVE_AREA_02	8	static
SchM_Pmic.c:503:6:SchM_Enter_Pmic_PMIC_EXCLUSIVE_AREA_03	8	static
SchM_Pmic.c:527:6:SchM_Exit_Pmic_PMIC_EXCLUSIVE_AREA_03	8	static
