SchM_Eth_43_PFE.c:809:8:Eth_43_PFE_schm_read_msr	0	static
SchM_Eth_43_PFE.c:893:6:SchM_Enter_Eth_43_PFE_ETH_EXCLUSIVE_AREA_00	8	static
SchM_Eth_43_PFE.c:917:6:SchM_Exit_Eth_43_PFE_ETH_EXCLUSIVE_AREA_00	8	static
SchM_Eth_43_PFE.c:931:6:SchM_Enter_Eth_43_PFE_ETH_EXCLUSIVE_AREA_01	8	static
SchM_Eth_43_PFE.c:955:6:SchM_Exit_Eth_43_PFE_ETH_EXCLUSIVE_AREA_01	8	static
SchM_Eth_43_PFE.c:969:6:SchM_Enter_Eth_43_PFE_ETH_EXCLUSIVE_AREA_02	8	static
SchM_Eth_43_PFE.c:993:6:SchM_Exit_Eth_43_PFE_ETH_EXCLUSIVE_AREA_02	8	static
SchM_Eth_43_PFE.c:1007:6:SchM_Enter_Eth_43_PFE_ETH_EXCLUSIVE_AREA_03	8	static
SchM_Eth_43_PFE.c:1031:6:SchM_Exit_Eth_43_PFE_ETH_EXCLUSIVE_AREA_03	8	static
SchM_Eth_43_PFE.c:1045:6:SchM_Enter_Eth_43_PFE_ETH_EXCLUSIVE_AREA_04	8	static
SchM_Eth_43_PFE.c:1069:6:SchM_Exit_Eth_43_PFE_ETH_EXCLUSIVE_AREA_04	8	static
SchM_Eth_43_PFE.c:1083:6:SchM_Enter_Eth_43_PFE_ETH_EXCLUSIVE_AREA_05	8	static
SchM_Eth_43_PFE.c:1107:6:SchM_Exit_Eth_43_PFE_ETH_EXCLUSIVE_AREA_05	8	static
SchM_Eth_43_PFE.c:1121:6:SchM_Enter_Eth_43_PFE_ETH_EXCLUSIVE_AREA_06	8	static
SchM_Eth_43_PFE.c:1145:6:SchM_Exit_Eth_43_PFE_ETH_EXCLUSIVE_AREA_06	8	static
SchM_Eth_43_PFE.c:1159:6:SchM_Enter_Eth_43_PFE_ETH_EXCLUSIVE_AREA_07	8	static
SchM_Eth_43_PFE.c:1183:6:SchM_Exit_Eth_43_PFE_ETH_EXCLUSIVE_AREA_07	8	static
SchM_Eth_43_PFE.c:1197:6:SchM_Enter_Eth_43_PFE_ETH_EXCLUSIVE_AREA_08	8	static
SchM_Eth_43_PFE.c:1221:6:SchM_Exit_Eth_43_PFE_ETH_EXCLUSIVE_AREA_08	8	static
SchM_Eth_43_PFE.c:1235:6:SchM_Enter_Eth_43_PFE_ETH_EXCLUSIVE_AREA_09	8	static
SchM_Eth_43_PFE.c:1259:6:SchM_Exit_Eth_43_PFE_ETH_EXCLUSIVE_AREA_09	8	static
SchM_Eth_43_PFE.c:1273:6:SchM_Enter_Eth_43_PFE_ETH_EXCLUSIVE_AREA_10	8	static
SchM_Eth_43_PFE.c:1297:6:SchM_Exit_Eth_43_PFE_ETH_EXCLUSIVE_AREA_10	8	static
SchM_Eth_43_PFE.c:1311:6:SchM_Enter_Eth_43_PFE_ETH_EXCLUSIVE_AREA_100	8	static
SchM_Eth_43_PFE.c:1335:6:SchM_Exit_Eth_43_PFE_ETH_EXCLUSIVE_AREA_100	8	static
SchM_Eth_43_PFE.c:1349:6:SchM_Enter_Eth_43_PFE_ETH_EXCLUSIVE_AREA_101	8	static
SchM_Eth_43_PFE.c:1373:6:SchM_Exit_Eth_43_PFE_ETH_EXCLUSIVE_AREA_101	8	static
SchM_Eth_43_PFE.c:1387:6:SchM_Enter_Eth_43_PFE_ETH_EXCLUSIVE_AREA_102	8	static
SchM_Eth_43_PFE.c:1411:6:SchM_Exit_Eth_43_PFE_ETH_EXCLUSIVE_AREA_102	8	static
SchM_Eth_43_PFE.c:1425:6:SchM_Enter_Eth_43_PFE_ETH_EXCLUSIVE_AREA_103	8	static
SchM_Eth_43_PFE.c:1449:6:SchM_Exit_Eth_43_PFE_ETH_EXCLUSIVE_AREA_103	8	static
SchM_Eth_43_PFE.c:1463:6:SchM_Enter_Eth_43_PFE_ETH_EXCLUSIVE_AREA_104	8	static
SchM_Eth_43_PFE.c:1487:6:SchM_Exit_Eth_43_PFE_ETH_EXCLUSIVE_AREA_104	8	static
SchM_Eth_43_PFE.c:1501:6:SchM_Enter_Eth_43_PFE_ETH_EXCLUSIVE_AREA_105	8	static
SchM_Eth_43_PFE.c:1525:6:SchM_Exit_Eth_43_PFE_ETH_EXCLUSIVE_AREA_105	8	static
SchM_Eth_43_PFE.c:1539:6:SchM_Enter_Eth_43_PFE_ETH_EXCLUSIVE_AREA_106	8	static
SchM_Eth_43_PFE.c:1563:6:SchM_Exit_Eth_43_PFE_ETH_EXCLUSIVE_AREA_106	8	static
SchM_Eth_43_PFE.c:1577:6:SchM_Enter_Eth_43_PFE_ETH_EXCLUSIVE_AREA_107	8	static
SchM_Eth_43_PFE.c:1601:6:SchM_Exit_Eth_43_PFE_ETH_EXCLUSIVE_AREA_107	8	static
SchM_Eth_43_PFE.c:1615:6:SchM_Enter_Eth_43_PFE_ETH_EXCLUSIVE_AREA_108	8	static
SchM_Eth_43_PFE.c:1639:6:SchM_Exit_Eth_43_PFE_ETH_EXCLUSIVE_AREA_108	8	static
SchM_Eth_43_PFE.c:1653:6:SchM_Enter_Eth_43_PFE_ETH_EXCLUSIVE_AREA_109	8	static
SchM_Eth_43_PFE.c:1677:6:SchM_Exit_Eth_43_PFE_ETH_EXCLUSIVE_AREA_109	8	static
SchM_Eth_43_PFE.c:1691:6:SchM_Enter_Eth_43_PFE_ETH_EXCLUSIVE_AREA_11	8	static
SchM_Eth_43_PFE.c:1715:6:SchM_Exit_Eth_43_PFE_ETH_EXCLUSIVE_AREA_11	8	static
SchM_Eth_43_PFE.c:1729:6:SchM_Enter_Eth_43_PFE_ETH_EXCLUSIVE_AREA_110	8	static
SchM_Eth_43_PFE.c:1753:6:SchM_Exit_Eth_43_PFE_ETH_EXCLUSIVE_AREA_110	8	static
SchM_Eth_43_PFE.c:1767:6:SchM_Enter_Eth_43_PFE_ETH_EXCLUSIVE_AREA_111	8	static
SchM_Eth_43_PFE.c:1791:6:SchM_Exit_Eth_43_PFE_ETH_EXCLUSIVE_AREA_111	8	static
SchM_Eth_43_PFE.c:1805:6:SchM_Enter_Eth_43_PFE_ETH_EXCLUSIVE_AREA_112	8	static
SchM_Eth_43_PFE.c:1829:6:SchM_Exit_Eth_43_PFE_ETH_EXCLUSIVE_AREA_112	8	static
SchM_Eth_43_PFE.c:1843:6:SchM_Enter_Eth_43_PFE_ETH_EXCLUSIVE_AREA_113	8	static
SchM_Eth_43_PFE.c:1867:6:SchM_Exit_Eth_43_PFE_ETH_EXCLUSIVE_AREA_113	8	static
SchM_Eth_43_PFE.c:1881:6:SchM_Enter_Eth_43_PFE_ETH_EXCLUSIVE_AREA_114	8	static
SchM_Eth_43_PFE.c:1905:6:SchM_Exit_Eth_43_PFE_ETH_EXCLUSIVE_AREA_114	8	static
SchM_Eth_43_PFE.c:1919:6:SchM_Enter_Eth_43_PFE_ETH_EXCLUSIVE_AREA_115	8	static
SchM_Eth_43_PFE.c:1943:6:SchM_Exit_Eth_43_PFE_ETH_EXCLUSIVE_AREA_115	8	static
SchM_Eth_43_PFE.c:1957:6:SchM_Enter_Eth_43_PFE_ETH_EXCLUSIVE_AREA_116	8	static
SchM_Eth_43_PFE.c:1981:6:SchM_Exit_Eth_43_PFE_ETH_EXCLUSIVE_AREA_116	8	static
SchM_Eth_43_PFE.c:1995:6:SchM_Enter_Eth_43_PFE_ETH_EXCLUSIVE_AREA_117	8	static
SchM_Eth_43_PFE.c:2019:6:SchM_Exit_Eth_43_PFE_ETH_EXCLUSIVE_AREA_117	8	static
SchM_Eth_43_PFE.c:2033:6:SchM_Enter_Eth_43_PFE_ETH_EXCLUSIVE_AREA_118	8	static
SchM_Eth_43_PFE.c:2057:6:SchM_Exit_Eth_43_PFE_ETH_EXCLUSIVE_AREA_118	8	static
SchM_Eth_43_PFE.c:2071:6:SchM_Enter_Eth_43_PFE_ETH_EXCLUSIVE_AREA_119	8	static
SchM_Eth_43_PFE.c:2095:6:SchM_Exit_Eth_43_PFE_ETH_EXCLUSIVE_AREA_119	8	static
SchM_Eth_43_PFE.c:2109:6:SchM_Enter_Eth_43_PFE_ETH_EXCLUSIVE_AREA_12	8	static
SchM_Eth_43_PFE.c:2133:6:SchM_Exit_Eth_43_PFE_ETH_EXCLUSIVE_AREA_12	8	static
SchM_Eth_43_PFE.c:2147:6:SchM_Enter_Eth_43_PFE_ETH_EXCLUSIVE_AREA_120	8	static
SchM_Eth_43_PFE.c:2171:6:SchM_Exit_Eth_43_PFE_ETH_EXCLUSIVE_AREA_120	8	static
SchM_Eth_43_PFE.c:2185:6:SchM_Enter_Eth_43_PFE_ETH_EXCLUSIVE_AREA_121	8	static
SchM_Eth_43_PFE.c:2209:6:SchM_Exit_Eth_43_PFE_ETH_EXCLUSIVE_AREA_121	8	static
SchM_Eth_43_PFE.c:2223:6:SchM_Enter_Eth_43_PFE_ETH_EXCLUSIVE_AREA_122	8	static
SchM_Eth_43_PFE.c:2247:6:SchM_Exit_Eth_43_PFE_ETH_EXCLUSIVE_AREA_122	8	static
SchM_Eth_43_PFE.c:2261:6:SchM_Enter_Eth_43_PFE_ETH_EXCLUSIVE_AREA_123	8	static
SchM_Eth_43_PFE.c:2285:6:SchM_Exit_Eth_43_PFE_ETH_EXCLUSIVE_AREA_123	8	static
SchM_Eth_43_PFE.c:2299:6:SchM_Enter_Eth_43_PFE_ETH_EXCLUSIVE_AREA_124	8	static
SchM_Eth_43_PFE.c:2323:6:SchM_Exit_Eth_43_PFE_ETH_EXCLUSIVE_AREA_124	8	static
SchM_Eth_43_PFE.c:2337:6:SchM_Enter_Eth_43_PFE_ETH_EXCLUSIVE_AREA_125	8	static
SchM_Eth_43_PFE.c:2361:6:SchM_Exit_Eth_43_PFE_ETH_EXCLUSIVE_AREA_125	8	static
SchM_Eth_43_PFE.c:2375:6:SchM_Enter_Eth_43_PFE_ETH_EXCLUSIVE_AREA_126	8	static
SchM_Eth_43_PFE.c:2399:6:SchM_Exit_Eth_43_PFE_ETH_EXCLUSIVE_AREA_126	8	static
SchM_Eth_43_PFE.c:2413:6:SchM_Enter_Eth_43_PFE_ETH_EXCLUSIVE_AREA_127	8	static
SchM_Eth_43_PFE.c:2437:6:SchM_Exit_Eth_43_PFE_ETH_EXCLUSIVE_AREA_127	8	static
SchM_Eth_43_PFE.c:2451:6:SchM_Enter_Eth_43_PFE_ETH_EXCLUSIVE_AREA_128	8	static
SchM_Eth_43_PFE.c:2475:6:SchM_Exit_Eth_43_PFE_ETH_EXCLUSIVE_AREA_128	8	static
SchM_Eth_43_PFE.c:2489:6:SchM_Enter_Eth_43_PFE_ETH_EXCLUSIVE_AREA_129	8	static
SchM_Eth_43_PFE.c:2513:6:SchM_Exit_Eth_43_PFE_ETH_EXCLUSIVE_AREA_129	8	static
SchM_Eth_43_PFE.c:2527:6:SchM_Enter_Eth_43_PFE_ETH_EXCLUSIVE_AREA_13	8	static
SchM_Eth_43_PFE.c:2551:6:SchM_Exit_Eth_43_PFE_ETH_EXCLUSIVE_AREA_13	8	static
SchM_Eth_43_PFE.c:2565:6:SchM_Enter_Eth_43_PFE_ETH_EXCLUSIVE_AREA_130	8	static
SchM_Eth_43_PFE.c:2589:6:SchM_Exit_Eth_43_PFE_ETH_EXCLUSIVE_AREA_130	8	static
SchM_Eth_43_PFE.c:2603:6:SchM_Enter_Eth_43_PFE_ETH_EXCLUSIVE_AREA_131	8	static
SchM_Eth_43_PFE.c:2627:6:SchM_Exit_Eth_43_PFE_ETH_EXCLUSIVE_AREA_131	8	static
SchM_Eth_43_PFE.c:2641:6:SchM_Enter_Eth_43_PFE_ETH_EXCLUSIVE_AREA_132	8	static
SchM_Eth_43_PFE.c:2665:6:SchM_Exit_Eth_43_PFE_ETH_EXCLUSIVE_AREA_132	8	static
SchM_Eth_43_PFE.c:2679:6:SchM_Enter_Eth_43_PFE_ETH_EXCLUSIVE_AREA_133	8	static
SchM_Eth_43_PFE.c:2703:6:SchM_Exit_Eth_43_PFE_ETH_EXCLUSIVE_AREA_133	8	static
SchM_Eth_43_PFE.c:2717:6:SchM_Enter_Eth_43_PFE_ETH_EXCLUSIVE_AREA_134	8	static
SchM_Eth_43_PFE.c:2741:6:SchM_Exit_Eth_43_PFE_ETH_EXCLUSIVE_AREA_134	8	static
SchM_Eth_43_PFE.c:2755:6:SchM_Enter_Eth_43_PFE_ETH_EXCLUSIVE_AREA_135	8	static
SchM_Eth_43_PFE.c:2779:6:SchM_Exit_Eth_43_PFE_ETH_EXCLUSIVE_AREA_135	8	static
SchM_Eth_43_PFE.c:2793:6:SchM_Enter_Eth_43_PFE_ETH_EXCLUSIVE_AREA_136	8	static
SchM_Eth_43_PFE.c:2817:6:SchM_Exit_Eth_43_PFE_ETH_EXCLUSIVE_AREA_136	8	static
SchM_Eth_43_PFE.c:2831:6:SchM_Enter_Eth_43_PFE_ETH_EXCLUSIVE_AREA_137	8	static
SchM_Eth_43_PFE.c:2855:6:SchM_Exit_Eth_43_PFE_ETH_EXCLUSIVE_AREA_137	8	static
SchM_Eth_43_PFE.c:2869:6:SchM_Enter_Eth_43_PFE_ETH_EXCLUSIVE_AREA_138	8	static
SchM_Eth_43_PFE.c:2893:6:SchM_Exit_Eth_43_PFE_ETH_EXCLUSIVE_AREA_138	8	static
SchM_Eth_43_PFE.c:2907:6:SchM_Enter_Eth_43_PFE_ETH_EXCLUSIVE_AREA_139	8	static
SchM_Eth_43_PFE.c:2931:6:SchM_Exit_Eth_43_PFE_ETH_EXCLUSIVE_AREA_139	8	static
SchM_Eth_43_PFE.c:2945:6:SchM_Enter_Eth_43_PFE_ETH_EXCLUSIVE_AREA_14	8	static
SchM_Eth_43_PFE.c:2969:6:SchM_Exit_Eth_43_PFE_ETH_EXCLUSIVE_AREA_14	8	static
SchM_Eth_43_PFE.c:2983:6:SchM_Enter_Eth_43_PFE_ETH_EXCLUSIVE_AREA_140	8	static
SchM_Eth_43_PFE.c:3007:6:SchM_Exit_Eth_43_PFE_ETH_EXCLUSIVE_AREA_140	8	static
SchM_Eth_43_PFE.c:3021:6:SchM_Enter_Eth_43_PFE_ETH_EXCLUSIVE_AREA_141	8	static
SchM_Eth_43_PFE.c:3045:6:SchM_Exit_Eth_43_PFE_ETH_EXCLUSIVE_AREA_141	8	static
SchM_Eth_43_PFE.c:3059:6:SchM_Enter_Eth_43_PFE_ETH_EXCLUSIVE_AREA_142	8	static
SchM_Eth_43_PFE.c:3083:6:SchM_Exit_Eth_43_PFE_ETH_EXCLUSIVE_AREA_142	8	static
SchM_Eth_43_PFE.c:3097:6:SchM_Enter_Eth_43_PFE_ETH_EXCLUSIVE_AREA_143	8	static
SchM_Eth_43_PFE.c:3121:6:SchM_Exit_Eth_43_PFE_ETH_EXCLUSIVE_AREA_143	8	static
SchM_Eth_43_PFE.c:3135:6:SchM_Enter_Eth_43_PFE_ETH_EXCLUSIVE_AREA_144	8	static
SchM_Eth_43_PFE.c:3159:6:SchM_Exit_Eth_43_PFE_ETH_EXCLUSIVE_AREA_144	8	static
SchM_Eth_43_PFE.c:3173:6:SchM_Enter_Eth_43_PFE_ETH_EXCLUSIVE_AREA_145	8	static
SchM_Eth_43_PFE.c:3197:6:SchM_Exit_Eth_43_PFE_ETH_EXCLUSIVE_AREA_145	8	static
SchM_Eth_43_PFE.c:3211:6:SchM_Enter_Eth_43_PFE_ETH_EXCLUSIVE_AREA_146	8	static
SchM_Eth_43_PFE.c:3235:6:SchM_Exit_Eth_43_PFE_ETH_EXCLUSIVE_AREA_146	8	static
SchM_Eth_43_PFE.c:3249:6:SchM_Enter_Eth_43_PFE_ETH_EXCLUSIVE_AREA_147	8	static
SchM_Eth_43_PFE.c:3273:6:SchM_Exit_Eth_43_PFE_ETH_EXCLUSIVE_AREA_147	8	static
SchM_Eth_43_PFE.c:3287:6:SchM_Enter_Eth_43_PFE_ETH_EXCLUSIVE_AREA_148	8	static
SchM_Eth_43_PFE.c:3311:6:SchM_Exit_Eth_43_PFE_ETH_EXCLUSIVE_AREA_148	8	static
SchM_Eth_43_PFE.c:3325:6:SchM_Enter_Eth_43_PFE_ETH_EXCLUSIVE_AREA_149	8	static
SchM_Eth_43_PFE.c:3349:6:SchM_Exit_Eth_43_PFE_ETH_EXCLUSIVE_AREA_149	8	static
SchM_Eth_43_PFE.c:3363:6:SchM_Enter_Eth_43_PFE_ETH_EXCLUSIVE_AREA_15	8	static
SchM_Eth_43_PFE.c:3387:6:SchM_Exit_Eth_43_PFE_ETH_EXCLUSIVE_AREA_15	8	static
SchM_Eth_43_PFE.c:3401:6:SchM_Enter_Eth_43_PFE_ETH_EXCLUSIVE_AREA_150	8	static
SchM_Eth_43_PFE.c:3425:6:SchM_Exit_Eth_43_PFE_ETH_EXCLUSIVE_AREA_150	8	static
SchM_Eth_43_PFE.c:3439:6:SchM_Enter_Eth_43_PFE_ETH_EXCLUSIVE_AREA_151	8	static
SchM_Eth_43_PFE.c:3463:6:SchM_Exit_Eth_43_PFE_ETH_EXCLUSIVE_AREA_151	8	static
SchM_Eth_43_PFE.c:3477:6:SchM_Enter_Eth_43_PFE_ETH_EXCLUSIVE_AREA_152	8	static
SchM_Eth_43_PFE.c:3501:6:SchM_Exit_Eth_43_PFE_ETH_EXCLUSIVE_AREA_152	8	static
SchM_Eth_43_PFE.c:3515:6:SchM_Enter_Eth_43_PFE_ETH_EXCLUSIVE_AREA_153	8	static
SchM_Eth_43_PFE.c:3539:6:SchM_Exit_Eth_43_PFE_ETH_EXCLUSIVE_AREA_153	8	static
SchM_Eth_43_PFE.c:3553:6:SchM_Enter_Eth_43_PFE_ETH_EXCLUSIVE_AREA_154	8	static
SchM_Eth_43_PFE.c:3577:6:SchM_Exit_Eth_43_PFE_ETH_EXCLUSIVE_AREA_154	8	static
SchM_Eth_43_PFE.c:3591:6:SchM_Enter_Eth_43_PFE_ETH_EXCLUSIVE_AREA_155	8	static
SchM_Eth_43_PFE.c:3615:6:SchM_Exit_Eth_43_PFE_ETH_EXCLUSIVE_AREA_155	8	static
SchM_Eth_43_PFE.c:3629:6:SchM_Enter_Eth_43_PFE_ETH_EXCLUSIVE_AREA_156	8	static
SchM_Eth_43_PFE.c:3653:6:SchM_Exit_Eth_43_PFE_ETH_EXCLUSIVE_AREA_156	8	static
SchM_Eth_43_PFE.c:3667:6:SchM_Enter_Eth_43_PFE_ETH_EXCLUSIVE_AREA_157	8	static
SchM_Eth_43_PFE.c:3691:6:SchM_Exit_Eth_43_PFE_ETH_EXCLUSIVE_AREA_157	8	static
SchM_Eth_43_PFE.c:3705:6:SchM_Enter_Eth_43_PFE_ETH_EXCLUSIVE_AREA_158	8	static
SchM_Eth_43_PFE.c:3729:6:SchM_Exit_Eth_43_PFE_ETH_EXCLUSIVE_AREA_158	8	static
SchM_Eth_43_PFE.c:3743:6:SchM_Enter_Eth_43_PFE_ETH_EXCLUSIVE_AREA_159	8	static
SchM_Eth_43_PFE.c:3767:6:SchM_Exit_Eth_43_PFE_ETH_EXCLUSIVE_AREA_159	8	static
SchM_Eth_43_PFE.c:3781:6:SchM_Enter_Eth_43_PFE_ETH_EXCLUSIVE_AREA_16	8	static
SchM_Eth_43_PFE.c:3805:6:SchM_Exit_Eth_43_PFE_ETH_EXCLUSIVE_AREA_16	8	static
SchM_Eth_43_PFE.c:3819:6:SchM_Enter_Eth_43_PFE_ETH_EXCLUSIVE_AREA_160	8	static
SchM_Eth_43_PFE.c:3843:6:SchM_Exit_Eth_43_PFE_ETH_EXCLUSIVE_AREA_160	8	static
SchM_Eth_43_PFE.c:3857:6:SchM_Enter_Eth_43_PFE_ETH_EXCLUSIVE_AREA_161	8	static
SchM_Eth_43_PFE.c:3881:6:SchM_Exit_Eth_43_PFE_ETH_EXCLUSIVE_AREA_161	8	static
SchM_Eth_43_PFE.c:3895:6:SchM_Enter_Eth_43_PFE_ETH_EXCLUSIVE_AREA_162	8	static
SchM_Eth_43_PFE.c:3919:6:SchM_Exit_Eth_43_PFE_ETH_EXCLUSIVE_AREA_162	8	static
SchM_Eth_43_PFE.c:3933:6:SchM_Enter_Eth_43_PFE_ETH_EXCLUSIVE_AREA_163	8	static
SchM_Eth_43_PFE.c:3957:6:SchM_Exit_Eth_43_PFE_ETH_EXCLUSIVE_AREA_163	8	static
SchM_Eth_43_PFE.c:3971:6:SchM_Enter_Eth_43_PFE_ETH_EXCLUSIVE_AREA_164	8	static
SchM_Eth_43_PFE.c:3995:6:SchM_Exit_Eth_43_PFE_ETH_EXCLUSIVE_AREA_164	8	static
SchM_Eth_43_PFE.c:4009:6:SchM_Enter_Eth_43_PFE_ETH_EXCLUSIVE_AREA_165	8	static
SchM_Eth_43_PFE.c:4033:6:SchM_Exit_Eth_43_PFE_ETH_EXCLUSIVE_AREA_165	8	static
SchM_Eth_43_PFE.c:4047:6:SchM_Enter_Eth_43_PFE_ETH_EXCLUSIVE_AREA_166	8	static
SchM_Eth_43_PFE.c:4071:6:SchM_Exit_Eth_43_PFE_ETH_EXCLUSIVE_AREA_166	8	static
SchM_Eth_43_PFE.c:4085:6:SchM_Enter_Eth_43_PFE_ETH_EXCLUSIVE_AREA_167	8	static
SchM_Eth_43_PFE.c:4109:6:SchM_Exit_Eth_43_PFE_ETH_EXCLUSIVE_AREA_167	8	static
SchM_Eth_43_PFE.c:4123:6:SchM_Enter_Eth_43_PFE_ETH_EXCLUSIVE_AREA_168	8	static
SchM_Eth_43_PFE.c:4147:6:SchM_Exit_Eth_43_PFE_ETH_EXCLUSIVE_AREA_168	8	static
SchM_Eth_43_PFE.c:4161:6:SchM_Enter_Eth_43_PFE_ETH_EXCLUSIVE_AREA_169	8	static
SchM_Eth_43_PFE.c:4185:6:SchM_Exit_Eth_43_PFE_ETH_EXCLUSIVE_AREA_169	8	static
SchM_Eth_43_PFE.c:4199:6:SchM_Enter_Eth_43_PFE_ETH_EXCLUSIVE_AREA_17	8	static
SchM_Eth_43_PFE.c:4223:6:SchM_Exit_Eth_43_PFE_ETH_EXCLUSIVE_AREA_17	8	static
SchM_Eth_43_PFE.c:4237:6:SchM_Enter_Eth_43_PFE_ETH_EXCLUSIVE_AREA_170	8	static
SchM_Eth_43_PFE.c:4261:6:SchM_Exit_Eth_43_PFE_ETH_EXCLUSIVE_AREA_170	8	static
SchM_Eth_43_PFE.c:4275:6:SchM_Enter_Eth_43_PFE_ETH_EXCLUSIVE_AREA_171	8	static
SchM_Eth_43_PFE.c:4299:6:SchM_Exit_Eth_43_PFE_ETH_EXCLUSIVE_AREA_171	8	static
SchM_Eth_43_PFE.c:4313:6:SchM_Enter_Eth_43_PFE_ETH_EXCLUSIVE_AREA_172	8	static
SchM_Eth_43_PFE.c:4337:6:SchM_Exit_Eth_43_PFE_ETH_EXCLUSIVE_AREA_172	8	static
SchM_Eth_43_PFE.c:4351:6:SchM_Enter_Eth_43_PFE_ETH_EXCLUSIVE_AREA_173	8	static
SchM_Eth_43_PFE.c:4375:6:SchM_Exit_Eth_43_PFE_ETH_EXCLUSIVE_AREA_173	8	static
SchM_Eth_43_PFE.c:4389:6:SchM_Enter_Eth_43_PFE_ETH_EXCLUSIVE_AREA_174	8	static
SchM_Eth_43_PFE.c:4413:6:SchM_Exit_Eth_43_PFE_ETH_EXCLUSIVE_AREA_174	8	static
SchM_Eth_43_PFE.c:4427:6:SchM_Enter_Eth_43_PFE_ETH_EXCLUSIVE_AREA_175	8	static
SchM_Eth_43_PFE.c:4451:6:SchM_Exit_Eth_43_PFE_ETH_EXCLUSIVE_AREA_175	8	static
SchM_Eth_43_PFE.c:4465:6:SchM_Enter_Eth_43_PFE_ETH_EXCLUSIVE_AREA_176	8	static
SchM_Eth_43_PFE.c:4489:6:SchM_Exit_Eth_43_PFE_ETH_EXCLUSIVE_AREA_176	8	static
SchM_Eth_43_PFE.c:4503:6:SchM_Enter_Eth_43_PFE_ETH_EXCLUSIVE_AREA_177	8	static
SchM_Eth_43_PFE.c:4527:6:SchM_Exit_Eth_43_PFE_ETH_EXCLUSIVE_AREA_177	8	static
SchM_Eth_43_PFE.c:4541:6:SchM_Enter_Eth_43_PFE_ETH_EXCLUSIVE_AREA_178	8	static
SchM_Eth_43_PFE.c:4565:6:SchM_Exit_Eth_43_PFE_ETH_EXCLUSIVE_AREA_178	8	static
SchM_Eth_43_PFE.c:4579:6:SchM_Enter_Eth_43_PFE_ETH_EXCLUSIVE_AREA_179	8	static
SchM_Eth_43_PFE.c:4603:6:SchM_Exit_Eth_43_PFE_ETH_EXCLUSIVE_AREA_179	8	static
SchM_Eth_43_PFE.c:4617:6:SchM_Enter_Eth_43_PFE_ETH_EXCLUSIVE_AREA_18	8	static
SchM_Eth_43_PFE.c:4641:6:SchM_Exit_Eth_43_PFE_ETH_EXCLUSIVE_AREA_18	8	static
SchM_Eth_43_PFE.c:4655:6:SchM_Enter_Eth_43_PFE_ETH_EXCLUSIVE_AREA_180	8	static
SchM_Eth_43_PFE.c:4679:6:SchM_Exit_Eth_43_PFE_ETH_EXCLUSIVE_AREA_180	8	static
SchM_Eth_43_PFE.c:4693:6:SchM_Enter_Eth_43_PFE_ETH_EXCLUSIVE_AREA_181	8	static
SchM_Eth_43_PFE.c:4717:6:SchM_Exit_Eth_43_PFE_ETH_EXCLUSIVE_AREA_181	8	static
SchM_Eth_43_PFE.c:4731:6:SchM_Enter_Eth_43_PFE_ETH_EXCLUSIVE_AREA_182	8	static
SchM_Eth_43_PFE.c:4755:6:SchM_Exit_Eth_43_PFE_ETH_EXCLUSIVE_AREA_182	8	static
SchM_Eth_43_PFE.c:4769:6:SchM_Enter_Eth_43_PFE_ETH_EXCLUSIVE_AREA_183	8	static
SchM_Eth_43_PFE.c:4793:6:SchM_Exit_Eth_43_PFE_ETH_EXCLUSIVE_AREA_183	8	static
SchM_Eth_43_PFE.c:4807:6:SchM_Enter_Eth_43_PFE_ETH_EXCLUSIVE_AREA_184	8	static
SchM_Eth_43_PFE.c:4831:6:SchM_Exit_Eth_43_PFE_ETH_EXCLUSIVE_AREA_184	8	static
SchM_Eth_43_PFE.c:4845:6:SchM_Enter_Eth_43_PFE_ETH_EXCLUSIVE_AREA_185	8	static
SchM_Eth_43_PFE.c:4869:6:SchM_Exit_Eth_43_PFE_ETH_EXCLUSIVE_AREA_185	8	static
SchM_Eth_43_PFE.c:4883:6:SchM_Enter_Eth_43_PFE_ETH_EXCLUSIVE_AREA_186	8	static
SchM_Eth_43_PFE.c:4907:6:SchM_Exit_Eth_43_PFE_ETH_EXCLUSIVE_AREA_186	8	static
SchM_Eth_43_PFE.c:4921:6:SchM_Enter_Eth_43_PFE_ETH_EXCLUSIVE_AREA_187	8	static
SchM_Eth_43_PFE.c:4945:6:SchM_Exit_Eth_43_PFE_ETH_EXCLUSIVE_AREA_187	8	static
SchM_Eth_43_PFE.c:4959:6:SchM_Enter_Eth_43_PFE_ETH_EXCLUSIVE_AREA_188	8	static
SchM_Eth_43_PFE.c:4983:6:SchM_Exit_Eth_43_PFE_ETH_EXCLUSIVE_AREA_188	8	static
SchM_Eth_43_PFE.c:4997:6:SchM_Enter_Eth_43_PFE_ETH_EXCLUSIVE_AREA_189	8	static
SchM_Eth_43_PFE.c:5021:6:SchM_Exit_Eth_43_PFE_ETH_EXCLUSIVE_AREA_189	8	static
SchM_Eth_43_PFE.c:5035:6:SchM_Enter_Eth_43_PFE_ETH_EXCLUSIVE_AREA_19	8	static
SchM_Eth_43_PFE.c:5059:6:SchM_Exit_Eth_43_PFE_ETH_EXCLUSIVE_AREA_19	8	static
SchM_Eth_43_PFE.c:5073:6:SchM_Enter_Eth_43_PFE_ETH_EXCLUSIVE_AREA_190	8	static
SchM_Eth_43_PFE.c:5097:6:SchM_Exit_Eth_43_PFE_ETH_EXCLUSIVE_AREA_190	8	static
SchM_Eth_43_PFE.c:5111:6:SchM_Enter_Eth_43_PFE_ETH_EXCLUSIVE_AREA_191	8	static
SchM_Eth_43_PFE.c:5135:6:SchM_Exit_Eth_43_PFE_ETH_EXCLUSIVE_AREA_191	8	static
SchM_Eth_43_PFE.c:5149:6:SchM_Enter_Eth_43_PFE_ETH_EXCLUSIVE_AREA_192	8	static
SchM_Eth_43_PFE.c:5173:6:SchM_Exit_Eth_43_PFE_ETH_EXCLUSIVE_AREA_192	8	static
SchM_Eth_43_PFE.c:5187:6:SchM_Enter_Eth_43_PFE_ETH_EXCLUSIVE_AREA_193	8	static
SchM_Eth_43_PFE.c:5211:6:SchM_Exit_Eth_43_PFE_ETH_EXCLUSIVE_AREA_193	8	static
SchM_Eth_43_PFE.c:5225:6:SchM_Enter_Eth_43_PFE_ETH_EXCLUSIVE_AREA_194	8	static
SchM_Eth_43_PFE.c:5249:6:SchM_Exit_Eth_43_PFE_ETH_EXCLUSIVE_AREA_194	8	static
SchM_Eth_43_PFE.c:5263:6:SchM_Enter_Eth_43_PFE_ETH_EXCLUSIVE_AREA_195	8	static
SchM_Eth_43_PFE.c:5287:6:SchM_Exit_Eth_43_PFE_ETH_EXCLUSIVE_AREA_195	8	static
SchM_Eth_43_PFE.c:5301:6:SchM_Enter_Eth_43_PFE_ETH_EXCLUSIVE_AREA_196	8	static
SchM_Eth_43_PFE.c:5325:6:SchM_Exit_Eth_43_PFE_ETH_EXCLUSIVE_AREA_196	8	static
SchM_Eth_43_PFE.c:5339:6:SchM_Enter_Eth_43_PFE_ETH_EXCLUSIVE_AREA_197	8	static
SchM_Eth_43_PFE.c:5363:6:SchM_Exit_Eth_43_PFE_ETH_EXCLUSIVE_AREA_197	8	static
SchM_Eth_43_PFE.c:5377:6:SchM_Enter_Eth_43_PFE_ETH_EXCLUSIVE_AREA_198	8	static
SchM_Eth_43_PFE.c:5401:6:SchM_Exit_Eth_43_PFE_ETH_EXCLUSIVE_AREA_198	8	static
SchM_Eth_43_PFE.c:5415:6:SchM_Enter_Eth_43_PFE_ETH_EXCLUSIVE_AREA_199	8	static
SchM_Eth_43_PFE.c:5439:6:SchM_Exit_Eth_43_PFE_ETH_EXCLUSIVE_AREA_199	8	static
SchM_Eth_43_PFE.c:5453:6:SchM_Enter_Eth_43_PFE_ETH_EXCLUSIVE_AREA_20	8	static
SchM_Eth_43_PFE.c:5477:6:SchM_Exit_Eth_43_PFE_ETH_EXCLUSIVE_AREA_20	8	static
SchM_Eth_43_PFE.c:5491:6:SchM_Enter_Eth_43_PFE_ETH_EXCLUSIVE_AREA_200	8	static
SchM_Eth_43_PFE.c:5515:6:SchM_Exit_Eth_43_PFE_ETH_EXCLUSIVE_AREA_200	8	static
SchM_Eth_43_PFE.c:5529:6:SchM_Enter_Eth_43_PFE_ETH_EXCLUSIVE_AREA_201	8	static
SchM_Eth_43_PFE.c:5553:6:SchM_Exit_Eth_43_PFE_ETH_EXCLUSIVE_AREA_201	8	static
SchM_Eth_43_PFE.c:5567:6:SchM_Enter_Eth_43_PFE_ETH_EXCLUSIVE_AREA_202	8	static
SchM_Eth_43_PFE.c:5591:6:SchM_Exit_Eth_43_PFE_ETH_EXCLUSIVE_AREA_202	8	static
SchM_Eth_43_PFE.c:5605:6:SchM_Enter_Eth_43_PFE_ETH_EXCLUSIVE_AREA_203	8	static
SchM_Eth_43_PFE.c:5629:6:SchM_Exit_Eth_43_PFE_ETH_EXCLUSIVE_AREA_203	8	static
SchM_Eth_43_PFE.c:5643:6:SchM_Enter_Eth_43_PFE_ETH_EXCLUSIVE_AREA_204	8	static
SchM_Eth_43_PFE.c:5667:6:SchM_Exit_Eth_43_PFE_ETH_EXCLUSIVE_AREA_204	8	static
SchM_Eth_43_PFE.c:5681:6:SchM_Enter_Eth_43_PFE_ETH_EXCLUSIVE_AREA_205	8	static
SchM_Eth_43_PFE.c:5705:6:SchM_Exit_Eth_43_PFE_ETH_EXCLUSIVE_AREA_205	8	static
SchM_Eth_43_PFE.c:5719:6:SchM_Enter_Eth_43_PFE_ETH_EXCLUSIVE_AREA_206	8	static
SchM_Eth_43_PFE.c:5743:6:SchM_Exit_Eth_43_PFE_ETH_EXCLUSIVE_AREA_206	8	static
SchM_Eth_43_PFE.c:5757:6:SchM_Enter_Eth_43_PFE_ETH_EXCLUSIVE_AREA_207	8	static
SchM_Eth_43_PFE.c:5781:6:SchM_Exit_Eth_43_PFE_ETH_EXCLUSIVE_AREA_207	8	static
SchM_Eth_43_PFE.c:5795:6:SchM_Enter_Eth_43_PFE_ETH_EXCLUSIVE_AREA_208	8	static
SchM_Eth_43_PFE.c:5819:6:SchM_Exit_Eth_43_PFE_ETH_EXCLUSIVE_AREA_208	8	static
SchM_Eth_43_PFE.c:5833:6:SchM_Enter_Eth_43_PFE_ETH_EXCLUSIVE_AREA_209	8	static
SchM_Eth_43_PFE.c:5857:6:SchM_Exit_Eth_43_PFE_ETH_EXCLUSIVE_AREA_209	8	static
SchM_Eth_43_PFE.c:5871:6:SchM_Enter_Eth_43_PFE_ETH_EXCLUSIVE_AREA_21	8	static
SchM_Eth_43_PFE.c:5895:6:SchM_Exit_Eth_43_PFE_ETH_EXCLUSIVE_AREA_21	8	static
SchM_Eth_43_PFE.c:5909:6:SchM_Enter_Eth_43_PFE_ETH_EXCLUSIVE_AREA_210	8	static
SchM_Eth_43_PFE.c:5933:6:SchM_Exit_Eth_43_PFE_ETH_EXCLUSIVE_AREA_210	8	static
SchM_Eth_43_PFE.c:5947:6:SchM_Enter_Eth_43_PFE_ETH_EXCLUSIVE_AREA_211	8	static
SchM_Eth_43_PFE.c:5971:6:SchM_Exit_Eth_43_PFE_ETH_EXCLUSIVE_AREA_211	8	static
SchM_Eth_43_PFE.c:5985:6:SchM_Enter_Eth_43_PFE_ETH_EXCLUSIVE_AREA_212	8	static
SchM_Eth_43_PFE.c:6009:6:SchM_Exit_Eth_43_PFE_ETH_EXCLUSIVE_AREA_212	8	static
SchM_Eth_43_PFE.c:6023:6:SchM_Enter_Eth_43_PFE_ETH_EXCLUSIVE_AREA_213	8	static
SchM_Eth_43_PFE.c:6047:6:SchM_Exit_Eth_43_PFE_ETH_EXCLUSIVE_AREA_213	8	static
SchM_Eth_43_PFE.c:6061:6:SchM_Enter_Eth_43_PFE_ETH_EXCLUSIVE_AREA_214	8	static
SchM_Eth_43_PFE.c:6085:6:SchM_Exit_Eth_43_PFE_ETH_EXCLUSIVE_AREA_214	8	static
SchM_Eth_43_PFE.c:6099:6:SchM_Enter_Eth_43_PFE_ETH_EXCLUSIVE_AREA_215	8	static
SchM_Eth_43_PFE.c:6123:6:SchM_Exit_Eth_43_PFE_ETH_EXCLUSIVE_AREA_215	8	static
SchM_Eth_43_PFE.c:6137:6:SchM_Enter_Eth_43_PFE_ETH_EXCLUSIVE_AREA_216	8	static
SchM_Eth_43_PFE.c:6161:6:SchM_Exit_Eth_43_PFE_ETH_EXCLUSIVE_AREA_216	8	static
SchM_Eth_43_PFE.c:6175:6:SchM_Enter_Eth_43_PFE_ETH_EXCLUSIVE_AREA_217	8	static
SchM_Eth_43_PFE.c:6199:6:SchM_Exit_Eth_43_PFE_ETH_EXCLUSIVE_AREA_217	8	static
SchM_Eth_43_PFE.c:6213:6:SchM_Enter_Eth_43_PFE_ETH_EXCLUSIVE_AREA_218	8	static
SchM_Eth_43_PFE.c:6237:6:SchM_Exit_Eth_43_PFE_ETH_EXCLUSIVE_AREA_218	8	static
SchM_Eth_43_PFE.c:6251:6:SchM_Enter_Eth_43_PFE_ETH_EXCLUSIVE_AREA_219	8	static
SchM_Eth_43_PFE.c:6275:6:SchM_Exit_Eth_43_PFE_ETH_EXCLUSIVE_AREA_219	8	static
SchM_Eth_43_PFE.c:6289:6:SchM_Enter_Eth_43_PFE_ETH_EXCLUSIVE_AREA_22	8	static
SchM_Eth_43_PFE.c:6313:6:SchM_Exit_Eth_43_PFE_ETH_EXCLUSIVE_AREA_22	8	static
SchM_Eth_43_PFE.c:6327:6:SchM_Enter_Eth_43_PFE_ETH_EXCLUSIVE_AREA_220	8	static
SchM_Eth_43_PFE.c:6351:6:SchM_Exit_Eth_43_PFE_ETH_EXCLUSIVE_AREA_220	8	static
SchM_Eth_43_PFE.c:6365:6:SchM_Enter_Eth_43_PFE_ETH_EXCLUSIVE_AREA_221	8	static
SchM_Eth_43_PFE.c:6389:6:SchM_Exit_Eth_43_PFE_ETH_EXCLUSIVE_AREA_221	8	static
SchM_Eth_43_PFE.c:6403:6:SchM_Enter_Eth_43_PFE_ETH_EXCLUSIVE_AREA_222	8	static
SchM_Eth_43_PFE.c:6427:6:SchM_Exit_Eth_43_PFE_ETH_EXCLUSIVE_AREA_222	8	static
SchM_Eth_43_PFE.c:6441:6:SchM_Enter_Eth_43_PFE_ETH_EXCLUSIVE_AREA_223	8	static
SchM_Eth_43_PFE.c:6465:6:SchM_Exit_Eth_43_PFE_ETH_EXCLUSIVE_AREA_223	8	static
SchM_Eth_43_PFE.c:6479:6:SchM_Enter_Eth_43_PFE_ETH_EXCLUSIVE_AREA_224	8	static
SchM_Eth_43_PFE.c:6503:6:SchM_Exit_Eth_43_PFE_ETH_EXCLUSIVE_AREA_224	8	static
SchM_Eth_43_PFE.c:6517:6:SchM_Enter_Eth_43_PFE_ETH_EXCLUSIVE_AREA_225	8	static
SchM_Eth_43_PFE.c:6541:6:SchM_Exit_Eth_43_PFE_ETH_EXCLUSIVE_AREA_225	8	static
SchM_Eth_43_PFE.c:6555:6:SchM_Enter_Eth_43_PFE_ETH_EXCLUSIVE_AREA_226	8	static
SchM_Eth_43_PFE.c:6579:6:SchM_Exit_Eth_43_PFE_ETH_EXCLUSIVE_AREA_226	8	static
SchM_Eth_43_PFE.c:6593:6:SchM_Enter_Eth_43_PFE_ETH_EXCLUSIVE_AREA_227	8	static
SchM_Eth_43_PFE.c:6617:6:SchM_Exit_Eth_43_PFE_ETH_EXCLUSIVE_AREA_227	8	static
SchM_Eth_43_PFE.c:6631:6:SchM_Enter_Eth_43_PFE_ETH_EXCLUSIVE_AREA_228	8	static
SchM_Eth_43_PFE.c:6655:6:SchM_Exit_Eth_43_PFE_ETH_EXCLUSIVE_AREA_228	8	static
SchM_Eth_43_PFE.c:6669:6:SchM_Enter_Eth_43_PFE_ETH_EXCLUSIVE_AREA_229	8	static
SchM_Eth_43_PFE.c:6693:6:SchM_Exit_Eth_43_PFE_ETH_EXCLUSIVE_AREA_229	8	static
SchM_Eth_43_PFE.c:6707:6:SchM_Enter_Eth_43_PFE_ETH_EXCLUSIVE_AREA_23	8	static
SchM_Eth_43_PFE.c:6731:6:SchM_Exit_Eth_43_PFE_ETH_EXCLUSIVE_AREA_23	8	static
SchM_Eth_43_PFE.c:6745:6:SchM_Enter_Eth_43_PFE_ETH_EXCLUSIVE_AREA_230	8	static
SchM_Eth_43_PFE.c:6769:6:SchM_Exit_Eth_43_PFE_ETH_EXCLUSIVE_AREA_230	8	static
SchM_Eth_43_PFE.c:6783:6:SchM_Enter_Eth_43_PFE_ETH_EXCLUSIVE_AREA_231	8	static
SchM_Eth_43_PFE.c:6807:6:SchM_Exit_Eth_43_PFE_ETH_EXCLUSIVE_AREA_231	8	static
SchM_Eth_43_PFE.c:6821:6:SchM_Enter_Eth_43_PFE_ETH_EXCLUSIVE_AREA_232	8	static
SchM_Eth_43_PFE.c:6845:6:SchM_Exit_Eth_43_PFE_ETH_EXCLUSIVE_AREA_232	8	static
SchM_Eth_43_PFE.c:6859:6:SchM_Enter_Eth_43_PFE_ETH_EXCLUSIVE_AREA_233	8	static
SchM_Eth_43_PFE.c:6883:6:SchM_Exit_Eth_43_PFE_ETH_EXCLUSIVE_AREA_233	8	static
SchM_Eth_43_PFE.c:6897:6:SchM_Enter_Eth_43_PFE_ETH_EXCLUSIVE_AREA_234	8	static
SchM_Eth_43_PFE.c:6921:6:SchM_Exit_Eth_43_PFE_ETH_EXCLUSIVE_AREA_234	8	static
SchM_Eth_43_PFE.c:6935:6:SchM_Enter_Eth_43_PFE_ETH_EXCLUSIVE_AREA_235	8	static
SchM_Eth_43_PFE.c:6959:6:SchM_Exit_Eth_43_PFE_ETH_EXCLUSIVE_AREA_235	8	static
SchM_Eth_43_PFE.c:6973:6:SchM_Enter_Eth_43_PFE_ETH_EXCLUSIVE_AREA_236	8	static
SchM_Eth_43_PFE.c:6997:6:SchM_Exit_Eth_43_PFE_ETH_EXCLUSIVE_AREA_236	8	static
SchM_Eth_43_PFE.c:7011:6:SchM_Enter_Eth_43_PFE_ETH_EXCLUSIVE_AREA_237	8	static
SchM_Eth_43_PFE.c:7035:6:SchM_Exit_Eth_43_PFE_ETH_EXCLUSIVE_AREA_237	8	static
SchM_Eth_43_PFE.c:7049:6:SchM_Enter_Eth_43_PFE_ETH_EXCLUSIVE_AREA_238	8	static
SchM_Eth_43_PFE.c:7073:6:SchM_Exit_Eth_43_PFE_ETH_EXCLUSIVE_AREA_238	8	static
SchM_Eth_43_PFE.c:7087:6:SchM_Enter_Eth_43_PFE_ETH_EXCLUSIVE_AREA_239	8	static
SchM_Eth_43_PFE.c:7111:6:SchM_Exit_Eth_43_PFE_ETH_EXCLUSIVE_AREA_239	8	static
SchM_Eth_43_PFE.c:7125:6:SchM_Enter_Eth_43_PFE_ETH_EXCLUSIVE_AREA_24	8	static
SchM_Eth_43_PFE.c:7149:6:SchM_Exit_Eth_43_PFE_ETH_EXCLUSIVE_AREA_24	8	static
SchM_Eth_43_PFE.c:7163:6:SchM_Enter_Eth_43_PFE_ETH_EXCLUSIVE_AREA_240	8	static
SchM_Eth_43_PFE.c:7187:6:SchM_Exit_Eth_43_PFE_ETH_EXCLUSIVE_AREA_240	8	static
SchM_Eth_43_PFE.c:7201:6:SchM_Enter_Eth_43_PFE_ETH_EXCLUSIVE_AREA_241	8	static
SchM_Eth_43_PFE.c:7225:6:SchM_Exit_Eth_43_PFE_ETH_EXCLUSIVE_AREA_241	8	static
SchM_Eth_43_PFE.c:7239:6:SchM_Enter_Eth_43_PFE_ETH_EXCLUSIVE_AREA_242	8	static
SchM_Eth_43_PFE.c:7263:6:SchM_Exit_Eth_43_PFE_ETH_EXCLUSIVE_AREA_242	8	static
SchM_Eth_43_PFE.c:7277:6:SchM_Enter_Eth_43_PFE_ETH_EXCLUSIVE_AREA_243	8	static
SchM_Eth_43_PFE.c:7301:6:SchM_Exit_Eth_43_PFE_ETH_EXCLUSIVE_AREA_243	8	static
SchM_Eth_43_PFE.c:7315:6:SchM_Enter_Eth_43_PFE_ETH_EXCLUSIVE_AREA_244	8	static
SchM_Eth_43_PFE.c:7339:6:SchM_Exit_Eth_43_PFE_ETH_EXCLUSIVE_AREA_244	8	static
SchM_Eth_43_PFE.c:7353:6:SchM_Enter_Eth_43_PFE_ETH_EXCLUSIVE_AREA_245	8	static
SchM_Eth_43_PFE.c:7377:6:SchM_Exit_Eth_43_PFE_ETH_EXCLUSIVE_AREA_245	8	static
SchM_Eth_43_PFE.c:7391:6:SchM_Enter_Eth_43_PFE_ETH_EXCLUSIVE_AREA_246	8	static
SchM_Eth_43_PFE.c:7415:6:SchM_Exit_Eth_43_PFE_ETH_EXCLUSIVE_AREA_246	8	static
SchM_Eth_43_PFE.c:7429:6:SchM_Enter_Eth_43_PFE_ETH_EXCLUSIVE_AREA_247	8	static
SchM_Eth_43_PFE.c:7453:6:SchM_Exit_Eth_43_PFE_ETH_EXCLUSIVE_AREA_247	8	static
SchM_Eth_43_PFE.c:7467:6:SchM_Enter_Eth_43_PFE_ETH_EXCLUSIVE_AREA_248	8	static
SchM_Eth_43_PFE.c:7491:6:SchM_Exit_Eth_43_PFE_ETH_EXCLUSIVE_AREA_248	8	static
SchM_Eth_43_PFE.c:7505:6:SchM_Enter_Eth_43_PFE_ETH_EXCLUSIVE_AREA_249	8	static
SchM_Eth_43_PFE.c:7529:6:SchM_Exit_Eth_43_PFE_ETH_EXCLUSIVE_AREA_249	8	static
SchM_Eth_43_PFE.c:7543:6:SchM_Enter_Eth_43_PFE_ETH_EXCLUSIVE_AREA_25	8	static
SchM_Eth_43_PFE.c:7567:6:SchM_Exit_Eth_43_PFE_ETH_EXCLUSIVE_AREA_25	8	static
SchM_Eth_43_PFE.c:7581:6:SchM_Enter_Eth_43_PFE_ETH_EXCLUSIVE_AREA_250	8	static
SchM_Eth_43_PFE.c:7605:6:SchM_Exit_Eth_43_PFE_ETH_EXCLUSIVE_AREA_250	8	static
SchM_Eth_43_PFE.c:7619:6:SchM_Enter_Eth_43_PFE_ETH_EXCLUSIVE_AREA_251	8	static
SchM_Eth_43_PFE.c:7643:6:SchM_Exit_Eth_43_PFE_ETH_EXCLUSIVE_AREA_251	8	static
SchM_Eth_43_PFE.c:7657:6:SchM_Enter_Eth_43_PFE_ETH_EXCLUSIVE_AREA_252	8	static
SchM_Eth_43_PFE.c:7681:6:SchM_Exit_Eth_43_PFE_ETH_EXCLUSIVE_AREA_252	8	static
SchM_Eth_43_PFE.c:7695:6:SchM_Enter_Eth_43_PFE_ETH_EXCLUSIVE_AREA_253	8	static
SchM_Eth_43_PFE.c:7719:6:SchM_Exit_Eth_43_PFE_ETH_EXCLUSIVE_AREA_253	8	static
SchM_Eth_43_PFE.c:7733:6:SchM_Enter_Eth_43_PFE_ETH_EXCLUSIVE_AREA_254	8	static
SchM_Eth_43_PFE.c:7757:6:SchM_Exit_Eth_43_PFE_ETH_EXCLUSIVE_AREA_254	8	static
SchM_Eth_43_PFE.c:7771:6:SchM_Enter_Eth_43_PFE_ETH_EXCLUSIVE_AREA_255	8	static
SchM_Eth_43_PFE.c:7795:6:SchM_Exit_Eth_43_PFE_ETH_EXCLUSIVE_AREA_255	8	static
SchM_Eth_43_PFE.c:7809:6:SchM_Enter_Eth_43_PFE_ETH_EXCLUSIVE_AREA_26	8	static
SchM_Eth_43_PFE.c:7833:6:SchM_Exit_Eth_43_PFE_ETH_EXCLUSIVE_AREA_26	8	static
SchM_Eth_43_PFE.c:7847:6:SchM_Enter_Eth_43_PFE_ETH_EXCLUSIVE_AREA_27	8	static
SchM_Eth_43_PFE.c:7871:6:SchM_Exit_Eth_43_PFE_ETH_EXCLUSIVE_AREA_27	8	static
SchM_Eth_43_PFE.c:7885:6:SchM_Enter_Eth_43_PFE_ETH_EXCLUSIVE_AREA_28	8	static
SchM_Eth_43_PFE.c:7909:6:SchM_Exit_Eth_43_PFE_ETH_EXCLUSIVE_AREA_28	8	static
SchM_Eth_43_PFE.c:7923:6:SchM_Enter_Eth_43_PFE_ETH_EXCLUSIVE_AREA_29	8	static
SchM_Eth_43_PFE.c:7947:6:SchM_Exit_Eth_43_PFE_ETH_EXCLUSIVE_AREA_29	8	static
SchM_Eth_43_PFE.c:7961:6:SchM_Enter_Eth_43_PFE_ETH_EXCLUSIVE_AREA_30	8	static
SchM_Eth_43_PFE.c:7985:6:SchM_Exit_Eth_43_PFE_ETH_EXCLUSIVE_AREA_30	8	static
SchM_Eth_43_PFE.c:7999:6:SchM_Enter_Eth_43_PFE_ETH_EXCLUSIVE_AREA_31	8	static
SchM_Eth_43_PFE.c:8023:6:SchM_Exit_Eth_43_PFE_ETH_EXCLUSIVE_AREA_31	8	static
SchM_Eth_43_PFE.c:8037:6:SchM_Enter_Eth_43_PFE_ETH_EXCLUSIVE_AREA_32	8	static
SchM_Eth_43_PFE.c:8061:6:SchM_Exit_Eth_43_PFE_ETH_EXCLUSIVE_AREA_32	8	static
SchM_Eth_43_PFE.c:8075:6:SchM_Enter_Eth_43_PFE_ETH_EXCLUSIVE_AREA_33	8	static
SchM_Eth_43_PFE.c:8099:6:SchM_Exit_Eth_43_PFE_ETH_EXCLUSIVE_AREA_33	8	static
SchM_Eth_43_PFE.c:8113:6:SchM_Enter_Eth_43_PFE_ETH_EXCLUSIVE_AREA_34	8	static
SchM_Eth_43_PFE.c:8137:6:SchM_Exit_Eth_43_PFE_ETH_EXCLUSIVE_AREA_34	8	static
SchM_Eth_43_PFE.c:8151:6:SchM_Enter_Eth_43_PFE_ETH_EXCLUSIVE_AREA_35	8	static
SchM_Eth_43_PFE.c:8175:6:SchM_Exit_Eth_43_PFE_ETH_EXCLUSIVE_AREA_35	8	static
SchM_Eth_43_PFE.c:8189:6:SchM_Enter_Eth_43_PFE_ETH_EXCLUSIVE_AREA_36	8	static
SchM_Eth_43_PFE.c:8213:6:SchM_Exit_Eth_43_PFE_ETH_EXCLUSIVE_AREA_36	8	static
SchM_Eth_43_PFE.c:8227:6:SchM_Enter_Eth_43_PFE_ETH_EXCLUSIVE_AREA_37	8	static
SchM_Eth_43_PFE.c:8251:6:SchM_Exit_Eth_43_PFE_ETH_EXCLUSIVE_AREA_37	8	static
SchM_Eth_43_PFE.c:8265:6:SchM_Enter_Eth_43_PFE_ETH_EXCLUSIVE_AREA_38	8	static
SchM_Eth_43_PFE.c:8289:6:SchM_Exit_Eth_43_PFE_ETH_EXCLUSIVE_AREA_38	8	static
SchM_Eth_43_PFE.c:8303:6:SchM_Enter_Eth_43_PFE_ETH_EXCLUSIVE_AREA_39	8	static
SchM_Eth_43_PFE.c:8327:6:SchM_Exit_Eth_43_PFE_ETH_EXCLUSIVE_AREA_39	8	static
SchM_Eth_43_PFE.c:8341:6:SchM_Enter_Eth_43_PFE_ETH_EXCLUSIVE_AREA_40	8	static
SchM_Eth_43_PFE.c:8365:6:SchM_Exit_Eth_43_PFE_ETH_EXCLUSIVE_AREA_40	8	static
SchM_Eth_43_PFE.c:8379:6:SchM_Enter_Eth_43_PFE_ETH_EXCLUSIVE_AREA_41	8	static
SchM_Eth_43_PFE.c:8403:6:SchM_Exit_Eth_43_PFE_ETH_EXCLUSIVE_AREA_41	8	static
SchM_Eth_43_PFE.c:8417:6:SchM_Enter_Eth_43_PFE_ETH_EXCLUSIVE_AREA_42	8	static
SchM_Eth_43_PFE.c:8441:6:SchM_Exit_Eth_43_PFE_ETH_EXCLUSIVE_AREA_42	8	static
SchM_Eth_43_PFE.c:8455:6:SchM_Enter_Eth_43_PFE_ETH_EXCLUSIVE_AREA_43	8	static
SchM_Eth_43_PFE.c:8479:6:SchM_Exit_Eth_43_PFE_ETH_EXCLUSIVE_AREA_43	8	static
SchM_Eth_43_PFE.c:8493:6:SchM_Enter_Eth_43_PFE_ETH_EXCLUSIVE_AREA_44	8	static
SchM_Eth_43_PFE.c:8517:6:SchM_Exit_Eth_43_PFE_ETH_EXCLUSIVE_AREA_44	8	static
SchM_Eth_43_PFE.c:8531:6:SchM_Enter_Eth_43_PFE_ETH_EXCLUSIVE_AREA_45	8	static
SchM_Eth_43_PFE.c:8555:6:SchM_Exit_Eth_43_PFE_ETH_EXCLUSIVE_AREA_45	8	static
SchM_Eth_43_PFE.c:8569:6:SchM_Enter_Eth_43_PFE_ETH_EXCLUSIVE_AREA_46	8	static
SchM_Eth_43_PFE.c:8593:6:SchM_Exit_Eth_43_PFE_ETH_EXCLUSIVE_AREA_46	8	static
SchM_Eth_43_PFE.c:8607:6:SchM_Enter_Eth_43_PFE_ETH_EXCLUSIVE_AREA_47	8	static
SchM_Eth_43_PFE.c:8631:6:SchM_Exit_Eth_43_PFE_ETH_EXCLUSIVE_AREA_47	8	static
SchM_Eth_43_PFE.c:8645:6:SchM_Enter_Eth_43_PFE_ETH_EXCLUSIVE_AREA_48	8	static
SchM_Eth_43_PFE.c:8669:6:SchM_Exit_Eth_43_PFE_ETH_EXCLUSIVE_AREA_48	8	static
SchM_Eth_43_PFE.c:8683:6:SchM_Enter_Eth_43_PFE_ETH_EXCLUSIVE_AREA_49	8	static
SchM_Eth_43_PFE.c:8707:6:SchM_Exit_Eth_43_PFE_ETH_EXCLUSIVE_AREA_49	8	static
SchM_Eth_43_PFE.c:8721:6:SchM_Enter_Eth_43_PFE_ETH_EXCLUSIVE_AREA_50	8	static
SchM_Eth_43_PFE.c:8745:6:SchM_Exit_Eth_43_PFE_ETH_EXCLUSIVE_AREA_50	8	static
SchM_Eth_43_PFE.c:8759:6:SchM_Enter_Eth_43_PFE_ETH_EXCLUSIVE_AREA_51	8	static
SchM_Eth_43_PFE.c:8783:6:SchM_Exit_Eth_43_PFE_ETH_EXCLUSIVE_AREA_51	8	static
SchM_Eth_43_PFE.c:8797:6:SchM_Enter_Eth_43_PFE_ETH_EXCLUSIVE_AREA_52	8	static
SchM_Eth_43_PFE.c:8821:6:SchM_Exit_Eth_43_PFE_ETH_EXCLUSIVE_AREA_52	8	static
SchM_Eth_43_PFE.c:8835:6:SchM_Enter_Eth_43_PFE_ETH_EXCLUSIVE_AREA_53	8	static
SchM_Eth_43_PFE.c:8859:6:SchM_Exit_Eth_43_PFE_ETH_EXCLUSIVE_AREA_53	8	static
SchM_Eth_43_PFE.c:8873:6:SchM_Enter_Eth_43_PFE_ETH_EXCLUSIVE_AREA_54	8	static
SchM_Eth_43_PFE.c:8897:6:SchM_Exit_Eth_43_PFE_ETH_EXCLUSIVE_AREA_54	8	static
SchM_Eth_43_PFE.c:8911:6:SchM_Enter_Eth_43_PFE_ETH_EXCLUSIVE_AREA_55	8	static
SchM_Eth_43_PFE.c:8935:6:SchM_Exit_Eth_43_PFE_ETH_EXCLUSIVE_AREA_55	8	static
SchM_Eth_43_PFE.c:8949:6:SchM_Enter_Eth_43_PFE_ETH_EXCLUSIVE_AREA_56	8	static
SchM_Eth_43_PFE.c:8973:6:SchM_Exit_Eth_43_PFE_ETH_EXCLUSIVE_AREA_56	8	static
SchM_Eth_43_PFE.c:8987:6:SchM_Enter_Eth_43_PFE_ETH_EXCLUSIVE_AREA_57	8	static
SchM_Eth_43_PFE.c:9011:6:SchM_Exit_Eth_43_PFE_ETH_EXCLUSIVE_AREA_57	8	static
SchM_Eth_43_PFE.c:9025:6:SchM_Enter_Eth_43_PFE_ETH_EXCLUSIVE_AREA_58	8	static
SchM_Eth_43_PFE.c:9049:6:SchM_Exit_Eth_43_PFE_ETH_EXCLUSIVE_AREA_58	8	static
SchM_Eth_43_PFE.c:9063:6:SchM_Enter_Eth_43_PFE_ETH_EXCLUSIVE_AREA_59	8	static
SchM_Eth_43_PFE.c:9087:6:SchM_Exit_Eth_43_PFE_ETH_EXCLUSIVE_AREA_59	8	static
SchM_Eth_43_PFE.c:9101:6:SchM_Enter_Eth_43_PFE_ETH_EXCLUSIVE_AREA_60	8	static
SchM_Eth_43_PFE.c:9125:6:SchM_Exit_Eth_43_PFE_ETH_EXCLUSIVE_AREA_60	8	static
SchM_Eth_43_PFE.c:9139:6:SchM_Enter_Eth_43_PFE_ETH_EXCLUSIVE_AREA_61	8	static
SchM_Eth_43_PFE.c:9163:6:SchM_Exit_Eth_43_PFE_ETH_EXCLUSIVE_AREA_61	8	static
SchM_Eth_43_PFE.c:9177:6:SchM_Enter_Eth_43_PFE_ETH_EXCLUSIVE_AREA_62	8	static
SchM_Eth_43_PFE.c:9201:6:SchM_Exit_Eth_43_PFE_ETH_EXCLUSIVE_AREA_62	8	static
SchM_Eth_43_PFE.c:9215:6:SchM_Enter_Eth_43_PFE_ETH_EXCLUSIVE_AREA_63	8	static
SchM_Eth_43_PFE.c:9239:6:SchM_Exit_Eth_43_PFE_ETH_EXCLUSIVE_AREA_63	8	static
SchM_Eth_43_PFE.c:9253:6:SchM_Enter_Eth_43_PFE_ETH_EXCLUSIVE_AREA_64	8	static
SchM_Eth_43_PFE.c:9277:6:SchM_Exit_Eth_43_PFE_ETH_EXCLUSIVE_AREA_64	8	static
SchM_Eth_43_PFE.c:9291:6:SchM_Enter_Eth_43_PFE_ETH_EXCLUSIVE_AREA_65	8	static
SchM_Eth_43_PFE.c:9315:6:SchM_Exit_Eth_43_PFE_ETH_EXCLUSIVE_AREA_65	8	static
SchM_Eth_43_PFE.c:9329:6:SchM_Enter_Eth_43_PFE_ETH_EXCLUSIVE_AREA_66	8	static
SchM_Eth_43_PFE.c:9353:6:SchM_Exit_Eth_43_PFE_ETH_EXCLUSIVE_AREA_66	8	static
SchM_Eth_43_PFE.c:9367:6:SchM_Enter_Eth_43_PFE_ETH_EXCLUSIVE_AREA_67	8	static
SchM_Eth_43_PFE.c:9391:6:SchM_Exit_Eth_43_PFE_ETH_EXCLUSIVE_AREA_67	8	static
SchM_Eth_43_PFE.c:9405:6:SchM_Enter_Eth_43_PFE_ETH_EXCLUSIVE_AREA_68	8	static
SchM_Eth_43_PFE.c:9429:6:SchM_Exit_Eth_43_PFE_ETH_EXCLUSIVE_AREA_68	8	static
SchM_Eth_43_PFE.c:9443:6:SchM_Enter_Eth_43_PFE_ETH_EXCLUSIVE_AREA_69	8	static
SchM_Eth_43_PFE.c:9467:6:SchM_Exit_Eth_43_PFE_ETH_EXCLUSIVE_AREA_69	8	static
SchM_Eth_43_PFE.c:9481:6:SchM_Enter_Eth_43_PFE_ETH_EXCLUSIVE_AREA_70	8	static
SchM_Eth_43_PFE.c:9505:6:SchM_Exit_Eth_43_PFE_ETH_EXCLUSIVE_AREA_70	8	static
SchM_Eth_43_PFE.c:9519:6:SchM_Enter_Eth_43_PFE_ETH_EXCLUSIVE_AREA_71	8	static
SchM_Eth_43_PFE.c:9543:6:SchM_Exit_Eth_43_PFE_ETH_EXCLUSIVE_AREA_71	8	static
SchM_Eth_43_PFE.c:9557:6:SchM_Enter_Eth_43_PFE_ETH_EXCLUSIVE_AREA_72	8	static
SchM_Eth_43_PFE.c:9581:6:SchM_Exit_Eth_43_PFE_ETH_EXCLUSIVE_AREA_72	8	static
SchM_Eth_43_PFE.c:9595:6:SchM_Enter_Eth_43_PFE_ETH_EXCLUSIVE_AREA_73	8	static
SchM_Eth_43_PFE.c:9619:6:SchM_Exit_Eth_43_PFE_ETH_EXCLUSIVE_AREA_73	8	static
SchM_Eth_43_PFE.c:9633:6:SchM_Enter_Eth_43_PFE_ETH_EXCLUSIVE_AREA_74	8	static
SchM_Eth_43_PFE.c:9657:6:SchM_Exit_Eth_43_PFE_ETH_EXCLUSIVE_AREA_74	8	static
SchM_Eth_43_PFE.c:9671:6:SchM_Enter_Eth_43_PFE_ETH_EXCLUSIVE_AREA_75	8	static
SchM_Eth_43_PFE.c:9695:6:SchM_Exit_Eth_43_PFE_ETH_EXCLUSIVE_AREA_75	8	static
SchM_Eth_43_PFE.c:9709:6:SchM_Enter_Eth_43_PFE_ETH_EXCLUSIVE_AREA_76	8	static
SchM_Eth_43_PFE.c:9733:6:SchM_Exit_Eth_43_PFE_ETH_EXCLUSIVE_AREA_76	8	static
SchM_Eth_43_PFE.c:9747:6:SchM_Enter_Eth_43_PFE_ETH_EXCLUSIVE_AREA_77	8	static
SchM_Eth_43_PFE.c:9771:6:SchM_Exit_Eth_43_PFE_ETH_EXCLUSIVE_AREA_77	8	static
SchM_Eth_43_PFE.c:9785:6:SchM_Enter_Eth_43_PFE_ETH_EXCLUSIVE_AREA_78	8	static
SchM_Eth_43_PFE.c:9809:6:SchM_Exit_Eth_43_PFE_ETH_EXCLUSIVE_AREA_78	8	static
SchM_Eth_43_PFE.c:9823:6:SchM_Enter_Eth_43_PFE_ETH_EXCLUSIVE_AREA_79	8	static
SchM_Eth_43_PFE.c:9847:6:SchM_Exit_Eth_43_PFE_ETH_EXCLUSIVE_AREA_79	8	static
SchM_Eth_43_PFE.c:9861:6:SchM_Enter_Eth_43_PFE_ETH_EXCLUSIVE_AREA_80	8	static
SchM_Eth_43_PFE.c:9885:6:SchM_Exit_Eth_43_PFE_ETH_EXCLUSIVE_AREA_80	8	static
SchM_Eth_43_PFE.c:9899:6:SchM_Enter_Eth_43_PFE_ETH_EXCLUSIVE_AREA_81	8	static
SchM_Eth_43_PFE.c:9923:6:SchM_Exit_Eth_43_PFE_ETH_EXCLUSIVE_AREA_81	8	static
SchM_Eth_43_PFE.c:9937:6:SchM_Enter_Eth_43_PFE_ETH_EXCLUSIVE_AREA_82	8	static
SchM_Eth_43_PFE.c:9961:6:SchM_Exit_Eth_43_PFE_ETH_EXCLUSIVE_AREA_82	8	static
SchM_Eth_43_PFE.c:9975:6:SchM_Enter_Eth_43_PFE_ETH_EXCLUSIVE_AREA_83	8	static
SchM_Eth_43_PFE.c:9999:6:SchM_Exit_Eth_43_PFE_ETH_EXCLUSIVE_AREA_83	8	static
SchM_Eth_43_PFE.c:10013:6:SchM_Enter_Eth_43_PFE_ETH_EXCLUSIVE_AREA_84	8	static
SchM_Eth_43_PFE.c:10037:6:SchM_Exit_Eth_43_PFE_ETH_EXCLUSIVE_AREA_84	8	static
SchM_Eth_43_PFE.c:10051:6:SchM_Enter_Eth_43_PFE_ETH_EXCLUSIVE_AREA_85	8	static
SchM_Eth_43_PFE.c:10075:6:SchM_Exit_Eth_43_PFE_ETH_EXCLUSIVE_AREA_85	8	static
SchM_Eth_43_PFE.c:10089:6:SchM_Enter_Eth_43_PFE_ETH_EXCLUSIVE_AREA_86	8	static
SchM_Eth_43_PFE.c:10113:6:SchM_Exit_Eth_43_PFE_ETH_EXCLUSIVE_AREA_86	8	static
SchM_Eth_43_PFE.c:10127:6:SchM_Enter_Eth_43_PFE_ETH_EXCLUSIVE_AREA_87	8	static
SchM_Eth_43_PFE.c:10151:6:SchM_Exit_Eth_43_PFE_ETH_EXCLUSIVE_AREA_87	8	static
SchM_Eth_43_PFE.c:10165:6:SchM_Enter_Eth_43_PFE_ETH_EXCLUSIVE_AREA_88	8	static
SchM_Eth_43_PFE.c:10189:6:SchM_Exit_Eth_43_PFE_ETH_EXCLUSIVE_AREA_88	8	static
SchM_Eth_43_PFE.c:10203:6:SchM_Enter_Eth_43_PFE_ETH_EXCLUSIVE_AREA_89	8	static
SchM_Eth_43_PFE.c:10227:6:SchM_Exit_Eth_43_PFE_ETH_EXCLUSIVE_AREA_89	8	static
SchM_Eth_43_PFE.c:10241:6:SchM_Enter_Eth_43_PFE_ETH_EXCLUSIVE_AREA_90	8	static
SchM_Eth_43_PFE.c:10265:6:SchM_Exit_Eth_43_PFE_ETH_EXCLUSIVE_AREA_90	8	static
SchM_Eth_43_PFE.c:10279:6:SchM_Enter_Eth_43_PFE_ETH_EXCLUSIVE_AREA_91	8	static
SchM_Eth_43_PFE.c:10303:6:SchM_Exit_Eth_43_PFE_ETH_EXCLUSIVE_AREA_91	8	static
SchM_Eth_43_PFE.c:10317:6:SchM_Enter_Eth_43_PFE_ETH_EXCLUSIVE_AREA_92	8	static
SchM_Eth_43_PFE.c:10341:6:SchM_Exit_Eth_43_PFE_ETH_EXCLUSIVE_AREA_92	8	static
SchM_Eth_43_PFE.c:10355:6:SchM_Enter_Eth_43_PFE_ETH_EXCLUSIVE_AREA_93	8	static
SchM_Eth_43_PFE.c:10379:6:SchM_Exit_Eth_43_PFE_ETH_EXCLUSIVE_AREA_93	8	static
SchM_Eth_43_PFE.c:10393:6:SchM_Enter_Eth_43_PFE_ETH_EXCLUSIVE_AREA_94	8	static
SchM_Eth_43_PFE.c:10417:6:SchM_Exit_Eth_43_PFE_ETH_EXCLUSIVE_AREA_94	8	static
SchM_Eth_43_PFE.c:10431:6:SchM_Enter_Eth_43_PFE_ETH_EXCLUSIVE_AREA_95	8	static
SchM_Eth_43_PFE.c:10455:6:SchM_Exit_Eth_43_PFE_ETH_EXCLUSIVE_AREA_95	8	static
SchM_Eth_43_PFE.c:10469:6:SchM_Enter_Eth_43_PFE_ETH_EXCLUSIVE_AREA_96	8	static
SchM_Eth_43_PFE.c:10493:6:SchM_Exit_Eth_43_PFE_ETH_EXCLUSIVE_AREA_96	8	static
SchM_Eth_43_PFE.c:10507:6:SchM_Enter_Eth_43_PFE_ETH_EXCLUSIVE_AREA_97	8	static
SchM_Eth_43_PFE.c:10531:6:SchM_Exit_Eth_43_PFE_ETH_EXCLUSIVE_AREA_97	8	static
SchM_Eth_43_PFE.c:10545:6:SchM_Enter_Eth_43_PFE_ETH_EXCLUSIVE_AREA_98	8	static
SchM_Eth_43_PFE.c:10569:6:SchM_Exit_Eth_43_PFE_ETH_EXCLUSIVE_AREA_98	8	static
SchM_Eth_43_PFE.c:10583:6:SchM_Enter_Eth_43_PFE_ETH_EXCLUSIVE_AREA_99	8	static
SchM_Eth_43_PFE.c:10607:6:SchM_Exit_Eth_43_PFE_ETH_EXCLUSIVE_AREA_99	8	static
