SchM_Fr_43_LLCE.c:427:8:Fr_43_LLCE_schm_read_msr	0	static
SchM_Fr_43_LLCE.c:511:6:SchM_Enter_Fr_43_LLCE_FR_EXCLUSIVE_AREA_00	8	static
SchM_Fr_43_LLCE.c:535:6:SchM_Exit_Fr_43_LLCE_FR_EXCLUSIVE_AREA_00	8	static
SchM_Fr_43_LLCE.c:549:6:SchM_Enter_Fr_43_LLCE_FR_EXCLUSIVE_AREA_01	8	static
SchM_Fr_43_LLCE.c:573:6:SchM_Exit_Fr_43_LLCE_FR_EXCLUSIVE_AREA_01	8	static
SchM_Fr_43_LLCE.c:587:6:SchM_Enter_Fr_43_LLCE_FR_EXCLUSIVE_AREA_02	8	static
SchM_Fr_43_LLCE.c:611:6:SchM_Exit_Fr_43_LLCE_FR_EXCLUSIVE_AREA_02	8	static
SchM_Fr_43_LLCE.c:625:6:SchM_Enter_Fr_43_LLCE_FR_EXCLUSIVE_AREA_03	8	static
SchM_Fr_43_LLCE.c:649:6:SchM_Exit_Fr_43_LLCE_FR_EXCLUSIVE_AREA_03	8	static
SchM_Fr_43_LLCE.c:663:6:SchM_Enter_Fr_43_LLCE_FR_EXCLUSIVE_AREA_04	8	static
SchM_Fr_43_LLCE.c:687:6:SchM_Exit_Fr_43_LLCE_FR_EXCLUSIVE_AREA_04	8	static
SchM_Fr_43_LLCE.c:701:6:SchM_Enter_Fr_43_LLCE_FR_EXCLUSIVE_AREA_05	8	static
SchM_Fr_43_LLCE.c:725:6:SchM_Exit_Fr_43_LLCE_FR_EXCLUSIVE_AREA_05	8	static
SchM_Fr_43_LLCE.c:739:6:SchM_Enter_Fr_43_LLCE_FR_EXCLUSIVE_AREA_06	8	static
SchM_Fr_43_LLCE.c:763:6:SchM_Exit_Fr_43_LLCE_FR_EXCLUSIVE_AREA_06	8	static
SchM_Fr_43_LLCE.c:777:6:SchM_Enter_Fr_43_LLCE_FR_EXCLUSIVE_AREA_07	8	static
SchM_Fr_43_LLCE.c:801:6:SchM_Exit_Fr_43_LLCE_FR_EXCLUSIVE_AREA_07	8	static
SchM_Fr_43_LLCE.c:815:6:SchM_Enter_Fr_43_LLCE_FR_EXCLUSIVE_AREA_08	8	static
SchM_Fr_43_LLCE.c:839:6:SchM_Exit_Fr_43_LLCE_FR_EXCLUSIVE_AREA_08	8	static
SchM_Fr_43_LLCE.c:853:6:SchM_Enter_Fr_43_LLCE_FR_EXCLUSIVE_AREA_09	8	static
SchM_Fr_43_LLCE.c:877:6:SchM_Exit_Fr_43_LLCE_FR_EXCLUSIVE_AREA_09	8	static
SchM_Fr_43_LLCE.c:891:6:SchM_Enter_Fr_43_LLCE_FR_EXCLUSIVE_AREA_10	8	static
SchM_Fr_43_LLCE.c:915:6:SchM_Exit_Fr_43_LLCE_FR_EXCLUSIVE_AREA_10	8	static
SchM_Fr_43_LLCE.c:929:6:SchM_Enter_Fr_43_LLCE_FR_EXCLUSIVE_AREA_11	8	static
SchM_Fr_43_LLCE.c:953:6:SchM_Exit_Fr_43_LLCE_FR_EXCLUSIVE_AREA_11	8	static
SchM_Fr_43_LLCE.c:967:6:SchM_Enter_Fr_43_LLCE_FR_EXCLUSIVE_AREA_12	8	static
SchM_Fr_43_LLCE.c:991:6:SchM_Exit_Fr_43_LLCE_FR_EXCLUSIVE_AREA_12	8	static
SchM_Fr_43_LLCE.c:1005:6:SchM_Enter_Fr_43_LLCE_FR_EXCLUSIVE_AREA_13	8	static
SchM_Fr_43_LLCE.c:1029:6:SchM_Exit_Fr_43_LLCE_FR_EXCLUSIVE_AREA_13	8	static
SchM_Fr_43_LLCE.c:1043:6:SchM_Enter_Fr_43_LLCE_FR_EXCLUSIVE_AREA_14	8	static
SchM_Fr_43_LLCE.c:1067:6:SchM_Exit_Fr_43_LLCE_FR_EXCLUSIVE_AREA_14	8	static
SchM_Fr_43_LLCE.c:1081:6:SchM_Enter_Fr_43_LLCE_FR_EXCLUSIVE_AREA_15	8	static
SchM_Fr_43_LLCE.c:1105:6:SchM_Exit_Fr_43_LLCE_FR_EXCLUSIVE_AREA_15	8	static
SchM_Fr_43_LLCE.c:1119:6:SchM_Enter_Fr_43_LLCE_FR_EXCLUSIVE_AREA_16	8	static
SchM_Fr_43_LLCE.c:1143:6:SchM_Exit_Fr_43_LLCE_FR_EXCLUSIVE_AREA_16	8	static
SchM_Fr_43_LLCE.c:1157:6:SchM_Enter_Fr_43_LLCE_FR_EXCLUSIVE_AREA_17	8	static
SchM_Fr_43_LLCE.c:1181:6:SchM_Exit_Fr_43_LLCE_FR_EXCLUSIVE_AREA_17	8	static
SchM_Fr_43_LLCE.c:1195:6:SchM_Enter_Fr_43_LLCE_FR_EXCLUSIVE_AREA_18	8	static
SchM_Fr_43_LLCE.c:1219:6:SchM_Exit_Fr_43_LLCE_FR_EXCLUSIVE_AREA_18	8	static
SchM_Fr_43_LLCE.c:1233:6:SchM_Enter_Fr_43_LLCE_FR_EXCLUSIVE_AREA_19	8	static
SchM_Fr_43_LLCE.c:1257:6:SchM_Exit_Fr_43_LLCE_FR_EXCLUSIVE_AREA_19	8	static
SchM_Fr_43_LLCE.c:1271:6:SchM_Enter_Fr_43_LLCE_FR_EXCLUSIVE_AREA_20	8	static
SchM_Fr_43_LLCE.c:1295:6:SchM_Exit_Fr_43_LLCE_FR_EXCLUSIVE_AREA_20	8	static
SchM_Fr_43_LLCE.c:1309:6:SchM_Enter_Fr_43_LLCE_FR_EXCLUSIVE_AREA_21	8	static
SchM_Fr_43_LLCE.c:1333:6:SchM_Exit_Fr_43_LLCE_FR_EXCLUSIVE_AREA_21	8	static
SchM_Fr_43_LLCE.c:1347:6:SchM_Enter_Fr_43_LLCE_FR_EXCLUSIVE_AREA_22	8	static
SchM_Fr_43_LLCE.c:1371:6:SchM_Exit_Fr_43_LLCE_FR_EXCLUSIVE_AREA_22	8	static
SchM_Fr_43_LLCE.c:1385:6:SchM_Enter_Fr_43_LLCE_FR_EXCLUSIVE_AREA_23	8	static
SchM_Fr_43_LLCE.c:1409:6:SchM_Exit_Fr_43_LLCE_FR_EXCLUSIVE_AREA_23	8	static
SchM_Fr_43_LLCE.c:1423:6:SchM_Enter_Fr_43_LLCE_FR_EXCLUSIVE_AREA_24	8	static
SchM_Fr_43_LLCE.c:1447:6:SchM_Exit_Fr_43_LLCE_FR_EXCLUSIVE_AREA_24	8	static
SchM_Fr_43_LLCE.c:1461:6:SchM_Enter_Fr_43_LLCE_FR_EXCLUSIVE_AREA_25	8	static
SchM_Fr_43_LLCE.c:1485:6:SchM_Exit_Fr_43_LLCE_FR_EXCLUSIVE_AREA_25	8	static
SchM_Fr_43_LLCE.c:1499:6:SchM_Enter_Fr_43_LLCE_FR_EXCLUSIVE_AREA_26	8	static
SchM_Fr_43_LLCE.c:1523:6:SchM_Exit_Fr_43_LLCE_FR_EXCLUSIVE_AREA_26	8	static
SchM_Fr_43_LLCE.c:1537:6:SchM_Enter_Fr_43_LLCE_FR_EXCLUSIVE_AREA_27	8	static
SchM_Fr_43_LLCE.c:1561:6:SchM_Exit_Fr_43_LLCE_FR_EXCLUSIVE_AREA_27	8	static
SchM_Fr_43_LLCE.c:1575:6:SchM_Enter_Fr_43_LLCE_FR_EXCLUSIVE_AREA_28	8	static
SchM_Fr_43_LLCE.c:1599:6:SchM_Exit_Fr_43_LLCE_FR_EXCLUSIVE_AREA_28	8	static
SchM_Fr_43_LLCE.c:1613:6:SchM_Enter_Fr_43_LLCE_FR_EXCLUSIVE_AREA_29	8	static
SchM_Fr_43_LLCE.c:1637:6:SchM_Exit_Fr_43_LLCE_FR_EXCLUSIVE_AREA_29	8	static
SchM_Fr_43_LLCE.c:1651:6:SchM_Enter_Fr_43_LLCE_FR_EXCLUSIVE_AREA_30	8	static
SchM_Fr_43_LLCE.c:1675:6:SchM_Exit_Fr_43_LLCE_FR_EXCLUSIVE_AREA_30	8	static
SchM_Fr_43_LLCE.c:1689:6:SchM_Enter_Fr_43_LLCE_FR_EXCLUSIVE_AREA_31	8	static
SchM_Fr_43_LLCE.c:1713:6:SchM_Exit_Fr_43_LLCE_FR_EXCLUSIVE_AREA_31	8	static
SchM_Fr_43_LLCE.c:1727:6:SchM_Enter_Fr_43_LLCE_FR_EXCLUSIVE_AREA_32	8	static
SchM_Fr_43_LLCE.c:1751:6:SchM_Exit_Fr_43_LLCE_FR_EXCLUSIVE_AREA_32	8	static
SchM_Fr_43_LLCE.c:1765:6:SchM_Enter_Fr_43_LLCE_FR_EXCLUSIVE_AREA_33	8	static
SchM_Fr_43_LLCE.c:1789:6:SchM_Exit_Fr_43_LLCE_FR_EXCLUSIVE_AREA_33	8	static
SchM_Fr_43_LLCE.c:1803:6:SchM_Enter_Fr_43_LLCE_FR_EXCLUSIVE_AREA_34	8	static
SchM_Fr_43_LLCE.c:1827:6:SchM_Exit_Fr_43_LLCE_FR_EXCLUSIVE_AREA_34	8	static
SchM_Fr_43_LLCE.c:1841:6:SchM_Enter_Fr_43_LLCE_FR_EXCLUSIVE_AREA_35	8	static
SchM_Fr_43_LLCE.c:1865:6:SchM_Exit_Fr_43_LLCE_FR_EXCLUSIVE_AREA_35	8	static
SchM_Fr_43_LLCE.c:1879:6:SchM_Enter_Fr_43_LLCE_FR_EXCLUSIVE_AREA_36	8	static
SchM_Fr_43_LLCE.c:1903:6:SchM_Exit_Fr_43_LLCE_FR_EXCLUSIVE_AREA_36	8	static
SchM_Fr_43_LLCE.c:1917:6:SchM_Enter_Fr_43_LLCE_FR_EXCLUSIVE_AREA_37	8	static
SchM_Fr_43_LLCE.c:1941:6:SchM_Exit_Fr_43_LLCE_FR_EXCLUSIVE_AREA_37	8	static
SchM_Fr_43_LLCE.c:1955:6:SchM_Enter_Fr_43_LLCE_FR_EXCLUSIVE_AREA_38	8	static
SchM_Fr_43_LLCE.c:1979:6:SchM_Exit_Fr_43_LLCE_FR_EXCLUSIVE_AREA_38	8	static
SchM_Fr_43_LLCE.c:1993:6:SchM_Enter_Fr_43_LLCE_FR_EXCLUSIVE_AREA_39	8	static
SchM_Fr_43_LLCE.c:2017:6:SchM_Exit_Fr_43_LLCE_FR_EXCLUSIVE_AREA_39	8	static
SchM_Fr_43_LLCE.c:2031:6:SchM_Enter_Fr_43_LLCE_FR_EXCLUSIVE_AREA_40	8	static
SchM_Fr_43_LLCE.c:2055:6:SchM_Exit_Fr_43_LLCE_FR_EXCLUSIVE_AREA_40	8	static
SchM_Fr_43_LLCE.c:2069:6:SchM_Enter_Fr_43_LLCE_FR_EXCLUSIVE_AREA_41	8	static
SchM_Fr_43_LLCE.c:2093:6:SchM_Exit_Fr_43_LLCE_FR_EXCLUSIVE_AREA_41	8	static
SchM_Fr_43_LLCE.c:2107:6:SchM_Enter_Fr_43_LLCE_FR_EXCLUSIVE_AREA_42	8	static
SchM_Fr_43_LLCE.c:2131:6:SchM_Exit_Fr_43_LLCE_FR_EXCLUSIVE_AREA_42	8	static
SchM_Fr_43_LLCE.c:2145:6:SchM_Enter_Fr_43_LLCE_FR_EXCLUSIVE_AREA_43	8	static
SchM_Fr_43_LLCE.c:2169:6:SchM_Exit_Fr_43_LLCE_FR_EXCLUSIVE_AREA_43	8	static
SchM_Fr_43_LLCE.c:2183:6:SchM_Enter_Fr_43_LLCE_FR_EXCLUSIVE_AREA_44	8	static
SchM_Fr_43_LLCE.c:2207:6:SchM_Exit_Fr_43_LLCE_FR_EXCLUSIVE_AREA_44	8	static
SchM_Fr_43_LLCE.c:2221:6:SchM_Enter_Fr_43_LLCE_FR_EXCLUSIVE_AREA_45	8	static
SchM_Fr_43_LLCE.c:2245:6:SchM_Exit_Fr_43_LLCE_FR_EXCLUSIVE_AREA_45	8	static
SchM_Fr_43_LLCE.c:2259:6:SchM_Enter_Fr_43_LLCE_FR_EXCLUSIVE_AREA_46	8	static
SchM_Fr_43_LLCE.c:2283:6:SchM_Exit_Fr_43_LLCE_FR_EXCLUSIVE_AREA_46	8	static
SchM_Fr_43_LLCE.c:2297:6:SchM_Enter_Fr_43_LLCE_FR_EXCLUSIVE_AREA_47	8	static
SchM_Fr_43_LLCE.c:2321:6:SchM_Exit_Fr_43_LLCE_FR_EXCLUSIVE_AREA_47	8	static
SchM_Fr_43_LLCE.c:2335:6:SchM_Enter_Fr_43_LLCE_FR_EXCLUSIVE_AREA_48	8	static
SchM_Fr_43_LLCE.c:2359:6:SchM_Exit_Fr_43_LLCE_FR_EXCLUSIVE_AREA_48	8	static
SchM_Fr_43_LLCE.c:2373:6:SchM_Enter_Fr_43_LLCE_FR_EXCLUSIVE_AREA_49	8	static
SchM_Fr_43_LLCE.c:2397:6:SchM_Exit_Fr_43_LLCE_FR_EXCLUSIVE_AREA_49	8	static
SchM_Fr_43_LLCE.c:2411:6:SchM_Enter_Fr_43_LLCE_FR_EXCLUSIVE_AREA_50	8	static
SchM_Fr_43_LLCE.c:2435:6:SchM_Exit_Fr_43_LLCE_FR_EXCLUSIVE_AREA_50	8	static
SchM_Fr_43_LLCE.c:2449:6:SchM_Enter_Fr_43_LLCE_FR_EXCLUSIVE_AREA_51	8	static
SchM_Fr_43_LLCE.c:2473:6:SchM_Exit_Fr_43_LLCE_FR_EXCLUSIVE_AREA_51	8	static
SchM_Fr_43_LLCE.c:2487:6:SchM_Enter_Fr_43_LLCE_FR_EXCLUSIVE_AREA_52	8	static
SchM_Fr_43_LLCE.c:2511:6:SchM_Exit_Fr_43_LLCE_FR_EXCLUSIVE_AREA_52	8	static
SchM_Fr_43_LLCE.c:2525:6:SchM_Enter_Fr_43_LLCE_FR_EXCLUSIVE_AREA_53	8	static
SchM_Fr_43_LLCE.c:2549:6:SchM_Exit_Fr_43_LLCE_FR_EXCLUSIVE_AREA_53	8	static
SchM_Fr_43_LLCE.c:2563:6:SchM_Enter_Fr_43_LLCE_FR_EXCLUSIVE_AREA_54	8	static
SchM_Fr_43_LLCE.c:2587:6:SchM_Exit_Fr_43_LLCE_FR_EXCLUSIVE_AREA_54	8	static
SchM_Fr_43_LLCE.c:2601:6:SchM_Enter_Fr_43_LLCE_FR_EXCLUSIVE_AREA_55	8	static
SchM_Fr_43_LLCE.c:2625:6:SchM_Exit_Fr_43_LLCE_FR_EXCLUSIVE_AREA_55	8	static
SchM_Fr_43_LLCE.c:2639:6:SchM_Enter_Fr_43_LLCE_FR_EXCLUSIVE_AREA_56	8	static
SchM_Fr_43_LLCE.c:2663:6:SchM_Exit_Fr_43_LLCE_FR_EXCLUSIVE_AREA_56	8	static
SchM_Fr_43_LLCE.c:2677:6:SchM_Enter_Fr_43_LLCE_FR_EXCLUSIVE_AREA_57	8	static
SchM_Fr_43_LLCE.c:2701:6:SchM_Exit_Fr_43_LLCE_FR_EXCLUSIVE_AREA_57	8	static
SchM_Fr_43_LLCE.c:2715:6:SchM_Enter_Fr_43_LLCE_FR_EXCLUSIVE_AREA_58	8	static
SchM_Fr_43_LLCE.c:2739:6:SchM_Exit_Fr_43_LLCE_FR_EXCLUSIVE_AREA_58	8	static
SchM_Fr_43_LLCE.c:2753:6:SchM_Enter_Fr_43_LLCE_FR_EXCLUSIVE_AREA_59	8	static
SchM_Fr_43_LLCE.c:2777:6:SchM_Exit_Fr_43_LLCE_FR_EXCLUSIVE_AREA_59	8	static
SchM_Fr_43_LLCE.c:2791:6:SchM_Enter_Fr_43_LLCE_FR_EXCLUSIVE_AREA_60	8	static
SchM_Fr_43_LLCE.c:2815:6:SchM_Exit_Fr_43_LLCE_FR_EXCLUSIVE_AREA_60	8	static
SchM_Fr_43_LLCE.c:2829:6:SchM_Enter_Fr_43_LLCE_FR_EXCLUSIVE_AREA_61	8	static
SchM_Fr_43_LLCE.c:2853:6:SchM_Exit_Fr_43_LLCE_FR_EXCLUSIVE_AREA_61	8	static
SchM_Fr_43_LLCE.c:2867:6:SchM_Enter_Fr_43_LLCE_FR_EXCLUSIVE_AREA_62	8	static
SchM_Fr_43_LLCE.c:2891:6:SchM_Exit_Fr_43_LLCE_FR_EXCLUSIVE_AREA_62	8	static
SchM_Fr_43_LLCE.c:2905:6:SchM_Enter_Fr_43_LLCE_FR_EXCLUSIVE_AREA_63	8	static
SchM_Fr_43_LLCE.c:2929:6:SchM_Exit_Fr_43_LLCE_FR_EXCLUSIVE_AREA_63	8	static
SchM_Fr_43_LLCE.c:2943:6:SchM_Enter_Fr_43_LLCE_FR_EXCLUSIVE_AREA_64	8	static
SchM_Fr_43_LLCE.c:2967:6:SchM_Exit_Fr_43_LLCE_FR_EXCLUSIVE_AREA_64	8	static
