SchM_CanTrcv_tja115x.c:315:8:CanTrcv_tja115x_schm_read_msr	0	static
SchM_CanTrcv_tja115x.c:399:6:SchM_Enter_CanTrcv_tja115x_CANTRCV_EXCLUSIVE_AREA_00	8	static
SchM_CanTrcv_tja115x.c:423:6:SchM_Exit_CanTrcv_tja115x_CANTRCV_EXCLUSIVE_AREA_00	8	static
SchM_CanTrcv_tja115x.c:437:6:SchM_Enter_CanTrcv_tja115x_CANTRCV_EXCLUSIVE_AREA_01	8	static
SchM_CanTrcv_tja115x.c:461:6:SchM_Exit_CanTrcv_tja115x_CANTRCV_EXCLUSIVE_AREA_01	8	static
SchM_CanTrcv_tja115x.c:475:6:SchM_Enter_CanTrcv_tja115x_CANTRCV_EXCLUSIVE_AREA_02	8	static
SchM_CanTrcv_tja115x.c:499:6:SchM_Exit_CanTrcv_tja115x_CANTRCV_EXCLUSIVE_AREA_02	8	static
SchM_CanTrcv_tja115x.c:513:6:SchM_Enter_CanTrcv_tja115x_CANTRCV_EXCLUSIVE_AREA_03	8	static
SchM_CanTrcv_tja115x.c:537:6:SchM_Exit_CanTrcv_tja115x_CANTRCV_EXCLUSIVE_AREA_03	8	static
SchM_CanTrcv_tja115x.c:551:6:SchM_Enter_CanTrcv_tja115x_CANTRCV_EXCLUSIVE_AREA_04	8	static
SchM_CanTrcv_tja115x.c:575:6:SchM_Exit_CanTrcv_tja115x_CANTRCV_EXCLUSIVE_AREA_04	8	static
SchM_CanTrcv_tja115x.c:589:6:SchM_Enter_CanTrcv_tja115x_CANTRCV_EXCLUSIVE_AREA_05	8	static
SchM_CanTrcv_tja115x.c:613:6:SchM_Exit_CanTrcv_tja115x_CANTRCV_EXCLUSIVE_AREA_05	8	static
SchM_CanTrcv_tja115x.c:627:6:SchM_Enter_CanTrcv_tja115x_CANTRCV_EXCLUSIVE_AREA_06	8	static
SchM_CanTrcv_tja115x.c:651:6:SchM_Exit_CanTrcv_tja115x_CANTRCV_EXCLUSIVE_AREA_06	8	static
SchM_CanTrcv_tja115x.c:665:6:SchM_Enter_CanTrcv_tja115x_CANTRCV_EXCLUSIVE_AREA_07	8	static
SchM_CanTrcv_tja115x.c:689:6:SchM_Exit_CanTrcv_tja115x_CANTRCV_EXCLUSIVE_AREA_07	8	static
SchM_CanTrcv_tja115x.c:703:6:SchM_Enter_CanTrcv_tja115x_CANTRCV_EXCLUSIVE_AREA_08	8	static
SchM_CanTrcv_tja115x.c:727:6:SchM_Exit_CanTrcv_tja115x_CANTRCV_EXCLUSIVE_AREA_08	8	static
