SchM_Fr.c:327:8:Fr_schm_read_msr	0	static
SchM_Fr.c:411:6:SchM_Enter_Fr_FR_EXCLUSIVE_AREA_00	8	static
SchM_Fr.c:435:6:SchM_Exit_Fr_FR_EXCLUSIVE_AREA_00	8	static
SchM_Fr.c:449:6:SchM_Enter_Fr_FR_EXCLUSIVE_AREA_01	8	static
SchM_Fr.c:473:6:SchM_Exit_Fr_FR_EXCLUSIVE_AREA_01	8	static
SchM_Fr.c:487:6:SchM_Enter_Fr_FR_EXCLUSIVE_AREA_02	8	static
SchM_Fr.c:511:6:SchM_Exit_Fr_FR_EXCLUSIVE_AREA_02	8	static
SchM_Fr.c:525:6:SchM_Enter_Fr_FR_EXCLUSIVE_AREA_03	8	static
SchM_Fr.c:549:6:SchM_Exit_Fr_FR_EXCLUSIVE_AREA_03	8	static
SchM_Fr.c:563:6:SchM_Enter_Fr_FR_EXCLUSIVE_AREA_04	8	static
SchM_Fr.c:587:6:SchM_Exit_Fr_FR_EXCLUSIVE_AREA_04	8	static
SchM_Fr.c:601:6:SchM_Enter_Fr_FR_EXCLUSIVE_AREA_05	8	static
SchM_Fr.c:625:6:SchM_Exit_Fr_FR_EXCLUSIVE_AREA_05	8	static
SchM_Fr.c:639:6:SchM_Enter_Fr_FR_EXCLUSIVE_AREA_06	8	static
SchM_Fr.c:663:6:SchM_Exit_Fr_FR_EXCLUSIVE_AREA_06	8	static
SchM_Fr.c:677:6:SchM_Enter_Fr_FR_EXCLUSIVE_AREA_07	8	static
SchM_Fr.c:701:6:SchM_Exit_Fr_FR_EXCLUSIVE_AREA_07	8	static
SchM_Fr.c:715:6:SchM_Enter_Fr_FR_EXCLUSIVE_AREA_08	8	static
SchM_Fr.c:739:6:SchM_Exit_Fr_FR_EXCLUSIVE_AREA_08	8	static
SchM_Fr.c:753:6:SchM_Enter_Fr_FR_EXCLUSIVE_AREA_09	8	static
SchM_Fr.c:777:6:SchM_Exit_Fr_FR_EXCLUSIVE_AREA_09	8	static
SchM_Fr.c:791:6:SchM_Enter_Fr_FR_EXCLUSIVE_AREA_10	8	static
SchM_Fr.c:815:6:SchM_Exit_Fr_FR_EXCLUSIVE_AREA_10	8	static
SchM_Fr.c:829:6:SchM_Enter_Fr_FR_EXCLUSIVE_AREA_11	8	static
SchM_Fr.c:853:6:SchM_Exit_Fr_FR_EXCLUSIVE_AREA_11	8	static
SchM_Fr.c:867:6:SchM_Enter_Fr_FR_EXCLUSIVE_AREA_12	8	static
SchM_Fr.c:891:6:SchM_Exit_Fr_FR_EXCLUSIVE_AREA_12	8	static
SchM_Fr.c:905:6:SchM_Enter_Fr_FR_EXCLUSIVE_AREA_13	8	static
SchM_Fr.c:929:6:SchM_Exit_Fr_FR_EXCLUSIVE_AREA_13	8	static
SchM_Fr.c:943:6:SchM_Enter_Fr_FR_EXCLUSIVE_AREA_14	8	static
SchM_Fr.c:967:6:SchM_Exit_Fr_FR_EXCLUSIVE_AREA_14	8	static
