SchM_Uart.c:321:8:Uart_schm_read_msr	0	static
SchM_Uart.c:405:6:SchM_Enter_Uart_UART_EXCLUSIVE_AREA_00	8	static
SchM_Uart.c:429:6:SchM_Exit_Uart_UART_EXCLUSIVE_AREA_00	8	static
SchM_Uart.c:443:6:SchM_Enter_Uart_UART_EXCLUSIVE_AREA_01	8	static
SchM_Uart.c:467:6:SchM_Exit_Uart_UART_EXCLUSIVE_AREA_01	8	static
SchM_Uart.c:481:6:SchM_Enter_Uart_UART_EXCLUSIVE_AREA_02	8	static
SchM_Uart.c:505:6:SchM_Exit_Uart_UART_EXCLUSIVE_AREA_02	8	static
SchM_Uart.c:519:6:SchM_Enter_Uart_UART_EXCLUSIVE_AREA_03	8	static
SchM_Uart.c:543:6:SchM_Exit_Uart_UART_EXCLUSIVE_AREA_03	8	static
SchM_Uart.c:557:6:SchM_Enter_Uart_UART_EXCLUSIVE_AREA_04	8	static
SchM_Uart.c:581:6:SchM_Exit_Uart_UART_EXCLUSIVE_AREA_04	8	static
SchM_Uart.c:595:6:SchM_Enter_Uart_UART_EXCLUSIVE_AREA_05	8	static
SchM_Uart.c:619:6:SchM_Exit_Uart_UART_EXCLUSIVE_AREA_05	8	static
SchM_Uart.c:633:6:SchM_Enter_Uart_UART_EXCLUSIVE_AREA_06	8	static
SchM_Uart.c:657:6:SchM_Exit_Uart_UART_EXCLUSIVE_AREA_06	8	static
SchM_Uart.c:671:6:SchM_Enter_Uart_UART_EXCLUSIVE_AREA_07	8	static
SchM_Uart.c:695:6:SchM_Exit_Uart_UART_EXCLUSIVE_AREA_07	8	static
SchM_Uart.c:709:6:SchM_Enter_Uart_UART_EXCLUSIVE_AREA_08	8	static
SchM_Uart.c:733:6:SchM_Exit_Uart_UART_EXCLUSIVE_AREA_08	8	static
SchM_Uart.c:747:6:SchM_Enter_Uart_UART_EXCLUSIVE_AREA_09	8	static
SchM_Uart.c:771:6:SchM_Exit_Uart_UART_EXCLUSIVE_AREA_09	8	static
SchM_Uart.c:785:6:SchM_Enter_Uart_UART_EXCLUSIVE_AREA_10	8	static
SchM_Uart.c:809:6:SchM_Exit_Uart_UART_EXCLUSIVE_AREA_10	8	static
SchM_Uart.c:823:6:SchM_Enter_Uart_UART_EXCLUSIVE_AREA_11	8	static
SchM_Uart.c:847:6:SchM_Exit_Uart_UART_EXCLUSIVE_AREA_11	8	static
