Serdes_Ip_HwAccess.c:129:15:Serdes_Ip_XpcsReadGen2	8	static
Serdes_Ip_HwAccess.c:143:13:Serdes_Ip_XpcsWriteGen2	8	static
Serdes_Ip_HwAccess.c:204:13:Serdes_Ip_PcsIssueVReset	16	static
Serdes_Ip_HwAccess.c:214:13:Serdes_Ip_PcsSet2500mMode	16	static
Serdes_Ip_HwAccess.c:224:13:Serdes_Ip_PcsSet1000mMode	16	static
Serdes_Ip_HwAccess.c:234:13:Serdes_Ip_PmaConfigureTxCtr	16	static
Serdes_Ip_HwAccess.c:249:13:Serdes_Ip_PmaLaneDisable	16	static
Serdes_Ip_HwAccess.c:262:13:Serdes_Ip_Pma1250MhzPrepare	24	static
Serdes_Ip_HwAccess.c:308:13:Serdes_Ip_Pma3125MhzPrepare	24	static
Serdes_Ip_HwAccess.c:484:13:Serdes_Ip_PmaSelectPllaRef	16	static
Serdes_Ip_HwAccess.c:497:13:Serdes_Ip_PmaSelectPllbRef	16	static
Serdes_Ip_HwAccess.c:769:6:Serdes_Ip_StartTimeout	24	static
Serdes_Ip_HwAccess.c:791:9:Serdes_Ip_TimeoutExpired	16	static
Serdes_Ip_HwAccess.c:176:29:Serdes_Ip_PcsWaitBits	48	static
Serdes_Ip_HwAccess.c:804:23:Serdes_Ip_PcsWaitForPowerGood	16	static
Serdes_Ip_HwAccess.c:813:6:Serdes_Ip_PcieDeassertWarmReset	0	static
Serdes_Ip_HwAccess.c:821:6:Serdes_Ip_SetPowerSaveMode	24	static
Serdes_Ip_HwAccess.c:834:6:Serdes_Ip_SetPowerDownMode	24	static
Serdes_Ip_HwAccess.c:847:6:Serdes_Ip_SetPowerUpMode	40	static
Serdes_Ip_HwAccess.c:895:6:Serdes_Ip_PcieAssertWarmReset	0	static
Serdes_Ip_HwAccess.c:905:22:Serdes_Ip_PcsSpeedSelect	16	static
Serdes_Ip_HwAccess.c:944:6:Serdes_Ip_PcsSetFd	16	static
Serdes_Ip_HwAccess.c:954:6:Serdes_Ip_PcsSetHd	16	static
Serdes_Ip_HwAccess.c:965:6:Serdes_Ip_PcsMiiBusControlEnable	16	static
Serdes_Ip_HwAccess.c:975:6:Serdes_Ip_PcsAnEnable	16	static
Serdes_Ip_HwAccess.c:992:6:Serdes_Ip_PcsAnDisable	16	static
Serdes_Ip_HwAccess.c:1004:22:Serdes_Ip_PcsAnRestart	24	static
Serdes_Ip_HwAccess.c:1027:6:Serdes_Ip_PcsAnAutoSwDisable	16	static
Serdes_Ip_HwAccess.c:1038:6:Serdes_Ip_PcsAnSetLinkTimer	16	static
Serdes_Ip_HwAccess.c:1051:6:Serdes_Ip_PmaIssueRxReset	16	static
Serdes_Ip_HwAccess.c:1063:6:Serdes_Ip_PmaLoopbackEnable	16	static
Serdes_Ip_HwAccess.c:1074:6:Serdes_Ip_PmaLoopbackDisable	16	static
Serdes_Ip_HwAccess.c:1090:6:Serdes_Ip_PcsPmaInitGen2	48	static
Serdes_Ip_HwAccess.c:1152:6:Serdes_Ip_PcsResetIssue	16	static
Serdes_Ip_HwAccess.c:1192:9:Serdes_Ip_PcsResetFinalizeAsync	16	static
Serdes_Ip_HwAccess.c:1212:9:Serdes_Ip_PcieWaitReadMpllState	0	static
Serdes_Ip_HwAccess.c:1242:6:Serdes_Ip_PciePhySelectCRInterface	0	static
Serdes_Ip_HwAccess.c:1247:6:Serdes_Ip_PhyInit	8	static
Serdes_Ip_HwAccess.c:1262:6:Serdes_Ip_PcieClearRefUsePad	0	static
Serdes_Ip_HwAccess.c:1269:6:Serdes_Ip_PcieSetRefUsePad	0	static
