Siul2_Dio_Ip.c:158:22:Siul2_Dio_Ip_Rev_Bit_16	12	static
Siul2_Dio_Ip.c:182:6:Siul2_Dio_Ip_WritePin	16	static
Siul2_Dio_Ip.c:211:6:Siul2_Dio_Ip_WritePins	8	static
Siul2_Dio_Ip.c:228:30:Siul2_Dio_Ip_GetPinsOutput	0	static
Siul2_Dio_Ip.c:247:6:Siul2_Dio_Ip_SetPins	8	static
Siul2_Dio_Ip.c:265:6:Siul2_Dio_Ip_ClearPins	8	static
Siul2_Dio_Ip.c:282:6:Siul2_Dio_Ip_TogglePins	8	static
Siul2_Dio_Ip.c:298:30:Siul2_Dio_Ip_ReadPins	0	static
Siul2_Dio_Ip.c:316:28:Siul2_Dio_Ip_ReadPin	8	static
Siul2_Dio_Ip.c:336:6:Siul2_Dio_Ip_MaskedWritePins	24	static
